<?xml version="1.0" encoding="UTF-8"?>
<testsuites>
  <testsuite name="CLI Arguments" tests="36" assertions="20" errors="28" failures="8" skipped="0" time="23.473365">
    <testsuite name="CategoryAssignmentE2ETest" file="Category Assignment E2E" tests="8" assertions="13" errors="0" failures="8" skipped="0" time="17.315259">
      <testcase name="Sp linked to parent category is available for child" file="Category Assignment E2E::Sp linked to parent category is available for child" class="CategoryAssignmentE2ETest" classname="CategoryAssignmentE2ETest" assertions="2" time="8.030955">
        <failure type="PHPUnit\Framework\ExpectationFailedException">Sp linked to parent category is available for childExpected response status code [200] but received 404.
Failed asserting that 404 is identical to 200.&#13;
at vendor\laravel\framework\src\Illuminate\Testing\TestResponseAssert.php:45
at vendor\laravel\framework\src\Illuminate\Testing\TestResponse.php:174
at tests\Feature\E2E\CategoryAssignmentE2ETest.php:79</failure>
      </testcase>
      <testcase name="Sp linked to root is available for all descendants" file="Category Assignment E2E::Sp linked to root is available for all descendants" class="CategoryAssignmentE2ETest" classname="CategoryAssignmentE2ETest" assertions="1" time="1.257753">
        <failure type="PHPUnit\Framework\ExpectationFailedException">Sp linked to root is available for all descendantsExpected response status code [200] but received 404.
Failed asserting that 404 is identical to 200.&#13;
at vendor\laravel\framework\src\Illuminate\Testing\TestResponseAssert.php:45
at vendor\laravel\framework\src\Illuminate\Testing\TestResponse.php:174
at tests\Feature\E2E\CategoryAssignmentE2ETest.php:162</failure>
      </testcase>
      <testcase name="Multiple sps at different hierarchy levels" file="Category Assignment E2E::Multiple sps at different hierarchy levels" class="CategoryAssignmentE2ETest" classname="CategoryAssignmentE2ETest" assertions="1" time="0.975087">
        <failure type="PHPUnit\Framework\ExpectationFailedException">Multiple sps at different hierarchy levelsExpected response status code [200] but received 404.
Failed asserting that 404 is identical to 200.&#13;
at vendor\laravel\framework\src\Illuminate\Testing\TestResponseAssert.php:45
at vendor\laravel\framework\src\Illuminate\Testing\TestResponse.php:174
at tests\Feature\E2E\CategoryAssignmentE2ETest.php:228</failure>
      </testcase>
      <testcase name="Sp not available for sibling categories" file="Category Assignment E2E::Sp not available for sibling categories" class="CategoryAssignmentE2ETest" classname="CategoryAssignmentE2ETest" assertions="1" time="1.402126">
        <failure type="PHPUnit\Framework\ExpectationFailedException">Sp not available for sibling categoriesFailed asserting that an array contains 5.&#13;
at tests\Feature\E2E\CategoryAssignmentE2ETest.php:276</failure>
      </testcase>
      <testcase name="Category move updates sp availability" file="Category Assignment E2E::Category move updates sp availability" class="CategoryAssignmentE2ETest" classname="CategoryAssignmentE2ETest" assertions="1" time="1.415706">
        <failure type="PHPUnit\Framework\ExpectationFailedException">Category move updates sp availabilityFailed asserting that an array contains 6.&#13;
at tests\Feature\E2E\CategoryAssignmentE2ETest.php:327</failure>
      </testcase>
      <testcase name="Inactive category sps not returned" file="Category Assignment E2E::Inactive category sps not returned" class="CategoryAssignmentE2ETest" classname="CategoryAssignmentE2ETest" assertions="1" time="1.378163">
        <failure type="PHPUnit\Framework\ExpectationFailedException">Inactive category sps not returnedExpected response status code [200] but received 404.
Failed asserting that 404 is identical to 200.&#13;
at vendor\laravel\framework\src\Illuminate\Testing\TestResponseAssert.php:45
at vendor\laravel\framework\src\Illuminate\Testing\TestResponse.php:174
at tests\Feature\E2E\CategoryAssignmentE2ETest.php:383</failure>
      </testcase>
      <testcase name="Sp with multiple category links" file="Category Assignment E2E::Sp with multiple category links" class="CategoryAssignmentE2ETest" classname="CategoryAssignmentE2ETest" assertions="1" time="1.433686">
        <failure type="PHPUnit\Framework\ExpectationFailedException">Sp with multiple category linksFailed asserting that an array contains 10.&#13;
at tests\Feature\E2E\CategoryAssignmentE2ETest.php:420</failure>
      </testcase>
      <testcase name="Deep hierarchy path resolution" file="Category Assignment E2E::Deep hierarchy path resolution" class="CategoryAssignmentE2ETest" classname="CategoryAssignmentE2ETest" assertions="5" time="1.421783">
        <failure type="PHPUnit\Framework\ExpectationFailedException">Deep hierarchy path resolutionFailed asserting that an array contains 11.&#13;
at tests\Feature\E2E\CategoryAssignmentE2ETest.php:477</failure>
      </testcase>
    </testsuite>
    <testsuite name="IssueLifecycleE2ETest" file="Issue Lifecycle E2E" tests="4" assertions="7" errors="4" failures="0" skipped="0" time="6.158106">
      <testcase name="Complete issue lifecycle from creation to archival" file="Issue Lifecycle E2E::Complete issue lifecycle from creation to archival" class="IssueLifecycleE2ETest" classname="IssueLifecycleE2ETest" assertions="7" time="3.268498">
        <error type="Illuminate\Database\QueryException">Complete issue lifecycle from creation to archivalIlluminate\Database\QueryException: SQLSTATE[42S02]: Base table or view not found: 1146 Table 'laravel_test.issue_timelines' doesn't exist (Connection: mysql, Host: localhost, Port: 3306, Database: laravel_test, SQL: select exists(select * from `issue_timelines` where (`issue_id` = 40 and `action` = created and `performed_by` = 43)) as `exists`)&#13;
at vendor\laravel\framework\src\Illuminate\Database\Connection.php:420
at vendor\laravel\framework\src\Illuminate\Database\Connection.php:827
at vendor\laravel\framework\src\Illuminate\Database\Connection.php:794
at vendor\laravel\framework\src\Illuminate\Database\Connection.php:411
at vendor\laravel\framework\src\Illuminate\Database\Query\Builder.php:3762
at vendor\laravel\framework\src\Illuminate\Testing\Constraints\HasInDatabase.php:55
at vendor\laravel\framework\src\Illuminate\Foundation\Testing\Concerns\InteractsWithDatabase.php:43
at tests\Feature\E2E\BaseE2ETest.php:143
at tests\Feature\E2E\IssueLifecycleE2ETest.php:63
Caused by
PDOException: SQLSTATE[42S02]: Base table or view not found: 1146 Table 'laravel_test.issue_timelines' doesn't exist

at vendor\laravel\framework\src\Illuminate\Database\Connection.php:420
at vendor\laravel\framework\src\Illuminate\Database\Connection.php:827
at vendor\laravel\framework\src\Illuminate\Database\Connection.php:794
at vendor\laravel\framework\src\Illuminate\Database\Connection.php:411
at vendor\laravel\framework\src\Illuminate\Database\Query\Builder.php:3762
at vendor\laravel\framework\src\Illuminate\Testing\Constraints\HasInDatabase.php:55
at vendor\laravel\framework\src\Illuminate\Foundation\Testing\Concerns\InteractsWithDatabase.php:43
at tests\Feature\E2E\BaseE2ETest.php:143
at tests\Feature\E2E\IssueLifecycleE2ETest.php:63</error>
      </testcase>
      <testcase name="Issue lifecycle with reassignment after rejection" file="Issue Lifecycle E2E::Issue lifecycle with reassignment after rejection" class="IssueLifecycleE2ETest" classname="IssueLifecycleE2ETest" assertions="0" time="2.889608">
        <error type="Illuminate\Database\QueryException">Issue lifecycle with reassignment after rejectionIlluminate\Database\QueryException: SQLSTATE[40001]: Serialization failure: 1213 Deadlock found when trying to get lock; try restarting transaction (Connection: mysql, Host: localhost, Port: 3306, Database: laravel_test, SQL: select `roles`.*, `model_has_roles`.`model_id` as `pivot_model_id`, `model_has_roles`.`role_id` as `pivot_role_id`, `model_has_roles`.`model_type` as `pivot_model_type` from `roles` inner join `model_has_roles` on `roles`.`id` = `model_has_roles`.`role_id` where `model_has_roles`.`model_id` = 46 and `model_has_roles`.`model_type` = App\Models\User)&#13;
at vendor\laravel\framework\src\Illuminate\Database\Connection.php:420
at vendor\laravel\framework\src\Illuminate\Database\Connection.php:827
at vendor\laravel\framework\src\Illuminate\Database\Connection.php:794
at vendor\laravel\framework\src\Illuminate\Database\Connection.php:411
at vendor\laravel\framework\src\Illuminate\Database\Query\Builder.php:3389
at vendor\laravel\framework\src\Illuminate\Database\Query\Builder.php:3374
at vendor\laravel\framework\src\Illuminate\Database\Query\Builder.php:3964
at vendor\laravel\framework\src\Illuminate\Database\Query\Builder.php:3373
at vendor\laravel\framework\src\Illuminate\Database\Eloquent\Builder.php:902
at vendor\laravel\framework\src\Illuminate\Database\Eloquent\Relations\BelongsToMany.php:910
at vendor\laravel\framework\src\Illuminate\Database\Eloquent\Relations\BelongsToMany.php:894
at vendor\laravel\framework\src\Illuminate\Database\Eloquent\Concerns\HasAttributes.php:635
at vendor\laravel\framework\src\Illuminate\Database\Eloquent\Concerns\HasAttributes.php:573
at vendor\laravel\framework\src\Illuminate\Database\Eloquent\Concerns\HasAttributes.php:494
at vendor\laravel\framework\src\Illuminate\Database\Eloquent\Model.php:2423
at vendor\spatie\laravel-permission\src\Traits\HasRoles.php:162
at tests\Pest.php:196
at tests\Feature\E2E\BaseE2ETest.php:47
at tests\Feature\E2E\IssueLifecycleE2ETest.php:243
Caused by
PDOException: SQLSTATE[40001]: Serialization failure: 1213 Deadlock found when trying to get lock; try restarting transaction

at vendor\laravel\framework\src\Illuminate\Database\Connection.php:420
at vendor\laravel\framework\src\Illuminate\Database\Connection.php:827
at vendor\laravel\framework\src\Illuminate\Database\Connection.php:794
at vendor\laravel\framework\src\Illuminate\Database\Connection.php:411
at vendor\laravel\framework\src\Illuminate\Database\Query\Builder.php:3389
at vendor\laravel\framework\src\Illuminate\Database\Query\Builder.php:3374
at vendor\laravel\framework\src\Illuminate\Database\Query\Builder.php:3964
at vendor\laravel\framework\src\Illuminate\Database\Query\Builder.php:3373
at vendor\laravel\framework\src\Illuminate\Database\Eloquent\Builder.php:902
at vendor\laravel\framework\src\Illuminate\Database\Eloquent\Relations\BelongsToMany.php:910
at vendor\laravel\framework\src\Illuminate\Database\Eloquent\Relations\BelongsToMany.php:894
at vendor\laravel\framework\src\Illuminate\Database\Eloquent\Concerns\HasAttributes.php:635
at vendor\laravel\framework\src\Illuminate\Database\Eloquent\Concerns\HasAttributes.php:573
at vendor\laravel\framework\src\Illuminate\Database\Eloquent\Concerns\HasAttributes.php:494
at vendor\laravel\framework\src\Illuminate\Database\Eloquent\Model.php:2423
at vendor\spatie\laravel-permission\src\Traits\HasRoles.php:162
at tests\Pest.php:196
at tests\Feature\E2E\BaseE2ETest.php:47
at tests\Feature\E2E\IssueLifecycleE2ETest.php:243</error>
      </testcase>
      <testcase name="Issue lifecycle with on hold and resume" file="Issue Lifecycle E2E::Issue lifecycle with on hold and resume" class="IssueLifecycleE2ETest" classname="IssueLifecycleE2ETest" assertions="0" time="0.000000">
        <error type="Illuminate\Database\QueryException">Issue lifecycle with on hold and resumeIlluminate\Database\QueryException: SQLSTATE[42S02]: Base table or view not found: 1146 Table 'laravel_test.permissions' doesn't exist (Connection: mysql, Host: localhost, Port: 3306, Database: laravel_test, SQL: select * from `permissions` where (`name` = ViewAny:User and `guard_name` = web) limit 1)&#13;
at vendor\laravel\framework\src\Illuminate\Database\Connection.php:420
at vendor\laravel\framework\src\Illuminate\Database\Connection.php:827
at vendor\laravel\framework\src\Illuminate\Database\Connection.php:794
at vendor\laravel\framework\src\Illuminate\Database\Connection.php:411
at vendor\laravel\framework\src\Illuminate\Database\Query\Builder.php:3389
at vendor\laravel\framework\src\Illuminate\Database\Query\Builder.php:3374
at vendor\laravel\framework\src\Illuminate\Database\Query\Builder.php:3964
at vendor\laravel\framework\src\Illuminate\Database\Query\Builder.php:3373
at vendor\laravel\framework\src\Illuminate\Database\Eloquent\Builder.php:902
at vendor\laravel\framework\src\Illuminate\Database\Eloquent\Builder.php:884
at vendor\laravel\framework\src\Illuminate\Database\Concerns\BuildsQueries.php:366
at vendor\laravel\framework\src\Illuminate\Database\Eloquent\Builder.php:708
at vendor\laravel\framework\src\Illuminate\Support\Traits\ForwardsCalls.php:23
at vendor\laravel\framework\src\Illuminate\Database\Eloquent\Model.php:2540
at vendor\laravel\framework\src\Illuminate\Database\Eloquent\Model.php:2556
at database\seeders\RolesAndPermissionsSeeder.php:48
at database\seeders\RolesAndPermissionsSeeder.php:19
at vendor\laravel\framework\src\Illuminate\Container\BoundMethod.php:36
at vendor\laravel\framework\src\Illuminate\Container\Util.php:43
at vendor\laravel\framework\src\Illuminate\Container\BoundMethod.php:96
at vendor\laravel\framework\src\Illuminate\Container\BoundMethod.php:35
at vendor\laravel\framework\src\Illuminate\Container\Container.php:799
at vendor\laravel\framework\src\Illuminate\Database\Seeder.php:184
at vendor\laravel\framework\src\Illuminate\Database\Seeder.php:193
at vendor\laravel\framework\src\Illuminate\Database\Console\Seeds\SeedCommand.php:71
at vendor\laravel\framework\src\Illuminate\Database\Eloquent\Concerns\GuardsAttributes.php:157
at vendor\laravel\framework\src\Illuminate\Database\Console\Seeds\SeedCommand.php:70
at vendor\laravel\framework\src\Illuminate\Container\BoundMethod.php:36
at vendor\laravel\framework\src\Illuminate\Container\Util.php:43
at vendor\laravel\framework\src\Illuminate\Container\BoundMethod.php:96
at vendor\laravel\framework\src\Illuminate\Container\BoundMethod.php:35
at vendor\laravel\framework\src\Illuminate\Container\Container.php:799
at vendor\laravel\framework\src\Illuminate\Console\Command.php:211
at vendor\symfony\console\Command\Command.php:341
at vendor\laravel\framework\src\Illuminate\Console\Command.php:180
at vendor\symfony\console\Application.php:1079
at vendor\symfony\console\Application.php:356
at vendor\symfony\console\Application.php:195
at vendor\laravel\framework\src\Illuminate\Console\Application.php:165
at vendor\laravel\framework\src\Illuminate\Foundation\Console\Kernel.php:447
at vendor\laravel\framework\src\Illuminate\Testing\PendingCommand.php:451
at vendor\laravel\framework\src\Illuminate\Testing\PendingCommand.php:675
at vendor\laravel\framework\src\Illuminate\Foundation\Testing\Concerns\InteractsWithConsole.php:87
at vendor\laravel\framework\src\Illuminate\Foundation\Testing\Concerns\InteractsWithDatabase.php:362
at tests\Feature\E2E\BaseE2ETest.php:28
Caused by
PDOException: SQLSTATE[42S02]: Base table or view not found: 1146 Table 'laravel_test.permissions' doesn't exist

at vendor\laravel\framework\src\Illuminate\Database\Connection.php:420
at vendor\laravel\framework\src\Illuminate\Database\Connection.php:827
at vendor\laravel\framework\src\Illuminate\Database\Connection.php:794
at vendor\laravel\framework\src\Illuminate\Database\Connection.php:411
at vendor\laravel\framework\src\Illuminate\Database\Query\Builder.php:3389
at vendor\laravel\framework\src\Illuminate\Database\Query\Builder.php:3374
at vendor\laravel\framework\src\Illuminate\Database\Query\Builder.php:3964
at vendor\laravel\framework\src\Illuminate\Database\Query\Builder.php:3373
at vendor\laravel\framework\src\Illuminate\Database\Eloquent\Builder.php:902
at vendor\laravel\framework\src\Illuminate\Database\Eloquent\Builder.php:884
at vendor\laravel\framework\src\Illuminate\Database\Concerns\BuildsQueries.php:366
at vendor\laravel\framework\src\Illuminate\Database\Eloquent\Builder.php:708
at vendor\laravel\framework\src\Illuminate\Support\Traits\ForwardsCalls.php:23
at vendor\laravel\framework\src\Illuminate\Database\Eloquent\Model.php:2540
at vendor\laravel\framework\src\Illuminate\Database\Eloquent\Model.php:2556
at database\seeders\RolesAndPermissionsSeeder.php:48
at database\seeders\RolesAndPermissionsSeeder.php:19
at vendor\laravel\framework\src\Illuminate\Container\BoundMethod.php:36
at vendor\laravel\framework\src\Illuminate\Container\Util.php:43
at vendor\laravel\framework\src\Illuminate\Container\BoundMethod.php:96
at vendor\laravel\framework\src\Illuminate\Container\BoundMethod.php:35
at vendor\laravel\framework\src\Illuminate\Container\Container.php:799
at vendor\laravel\framework\src\Illuminate\Database\Seeder.php:184
at vendor\laravel\framework\src\Illuminate\Database\Seeder.php:193
at vendor\laravel\framework\src\Illuminate\Database\Console\Seeds\SeedCommand.php:71
at vendor\laravel\framework\src\Illuminate\Database\Eloquent\Concerns\GuardsAttributes.php:157
at vendor\laravel\framework\src\Illuminate\Database\Console\Seeds\SeedCommand.php:70
at vendor\laravel\framework\src\Illuminate\Container\BoundMethod.php:36
at vendor\laravel\framework\src\Illuminate\Container\Util.php:43
at vendor\laravel\framework\src\Illuminate\Container\BoundMethod.php:96
at vendor\laravel\framework\src\Illuminate\Container\BoundMethod.php:35
at vendor\laravel\framework\src\Illuminate\Container\Container.php:799
at vendor\laravel\framework\src\Illuminate\Console\Command.php:211
at vendor\symfony\console\Command\Command.php:341
at vendor\laravel\framework\src\Illuminate\Console\Command.php:180
at vendor\symfony\console\Application.php:1079
at vendor\symfony\console\Application.php:356
at vendor\symfony\console\Application.php:195
at vendor\laravel\framework\src\Illuminate\Console\Application.php:165
at vendor\laravel\framework\src\Illuminate\Foundation\Console\Kernel.php:447
at vendor\laravel\framework\src\Illuminate\Testing\PendingCommand.php:451
at vendor\laravel\framework\src\Illuminate\Testing\PendingCommand.php:675
at vendor\laravel\framework\src\Illuminate\Foundation\Testing\Concerns\InteractsWithConsole.php:87
at vendor\laravel\framework\src\Illuminate\Foundation\Testing\Concerns\InteractsWithDatabase.php:362
at tests\Feature\E2E\BaseE2ETest.php:28</error>
      </testcase>
      <testcase name="Multiple issues same tenant different statuses" file="Issue Lifecycle E2E::Multiple issues same tenant different statuses" class="IssueLifecycleE2ETest" classname="IssueLifecycleE2ETest" assertions="0" time="0.000000">
        <error type="Illuminate\Database\QueryException">Multiple issues same tenant different statusesIlluminate\Database\QueryException: SQLSTATE[42S02]: Base table or view not found: 1146 Table 'laravel_test.permissions' doesn't exist (Connection: mysql, Host: localhost, Port: 3306, Database: laravel_test, SQL: select * from `permissions` where (`name` = ViewAny:User and `guard_name` = web) limit 1)&#13;
at vendor\laravel\framework\src\Illuminate\Database\Connection.php:420
at vendor\laravel\framework\src\Illuminate\Database\Connection.php:827
at vendor\laravel\framework\src\Illuminate\Database\Connection.php:794
at vendor\laravel\framework\src\Illuminate\Database\Connection.php:411
at vendor\laravel\framework\src\Illuminate\Database\Query\Builder.php:3389
at vendor\laravel\framework\src\Illuminate\Database\Query\Builder.php:3374
at vendor\laravel\framework\src\Illuminate\Database\Query\Builder.php:3964
at vendor\laravel\framework\src\Illuminate\Database\Query\Builder.php:3373
at vendor\laravel\framework\src\Illuminate\Database\Eloquent\Builder.php:902
at vendor\laravel\framework\src\Illuminate\Database\Eloquent\Builder.php:884
at vendor\laravel\framework\src\Illuminate\Database\Concerns\BuildsQueries.php:366
at vendor\laravel\framework\src\Illuminate\Database\Eloquent\Builder.php:708
at vendor\laravel\framework\src\Illuminate\Support\Traits\ForwardsCalls.php:23
at vendor\laravel\framework\src\Illuminate\Database\Eloquent\Model.php:2540
at vendor\laravel\framework\src\Illuminate\Database\Eloquent\Model.php:2556
at database\seeders\RolesAndPermissionsSeeder.php:48
at database\seeders\RolesAndPermissionsSeeder.php:19
at vendor\laravel\framework\src\Illuminate\Container\BoundMethod.php:36
at vendor\laravel\framework\src\Illuminate\Container\Util.php:43
at vendor\laravel\framework\src\Illuminate\Container\BoundMethod.php:96
at vendor\laravel\framework\src\Illuminate\Container\BoundMethod.php:35
at vendor\laravel\framework\src\Illuminate\Container\Container.php:799
at vendor\laravel\framework\src\Illuminate\Database\Seeder.php:184
at vendor\laravel\framework\src\Illuminate\Database\Seeder.php:193
at vendor\laravel\framework\src\Illuminate\Database\Console\Seeds\SeedCommand.php:71
at vendor\laravel\framework\src\Illuminate\Database\Eloquent\Concerns\GuardsAttributes.php:157
at vendor\laravel\framework\src\Illuminate\Database\Console\Seeds\SeedCommand.php:70
at vendor\laravel\framework\src\Illuminate\Container\BoundMethod.php:36
at vendor\laravel\framework\src\Illuminate\Container\Util.php:43
at vendor\laravel\framework\src\Illuminate\Container\BoundMethod.php:96
at vendor\laravel\framework\src\Illuminate\Container\BoundMethod.php:35
at vendor\laravel\framework\src\Illuminate\Container\Container.php:799
at vendor\laravel\framework\src\Illuminate\Console\Command.php:211
at vendor\symfony\console\Command\Command.php:341
at vendor\laravel\framework\src\Illuminate\Console\Command.php:180
at vendor\symfony\console\Application.php:1079
at vendor\symfony\console\Application.php:356
at vendor\symfony\console\Application.php:195
at vendor\laravel\framework\src\Illuminate\Console\Application.php:165
at vendor\laravel\framework\src\Illuminate\Foundation\Console\Kernel.php:447
at vendor\laravel\framework\src\Illuminate\Testing\PendingCommand.php:451
at vendor\laravel\framework\src\Illuminate\Testing\PendingCommand.php:675
at vendor\laravel\framework\src\Illuminate\Foundation\Testing\Concerns\InteractsWithConsole.php:87
at vendor\laravel\framework\src\Illuminate\Foundation\Testing\Concerns\InteractsWithDatabase.php:362
at tests\Feature\E2E\BaseE2ETest.php:28
Caused by
PDOException: SQLSTATE[42S02]: Base table or view not found: 1146 Table 'laravel_test.permissions' doesn't exist

at vendor\laravel\framework\src\Illuminate\Database\Connection.php:420
at vendor\laravel\framework\src\Illuminate\Database\Connection.php:827
at vendor\laravel\framework\src\Illuminate\Database\Connection.php:794
at vendor\laravel\framework\src\Illuminate\Database\Connection.php:411
at vendor\laravel\framework\src\Illuminate\Database\Query\Builder.php:3389
at vendor\laravel\framework\src\Illuminate\Database\Query\Builder.php:3374
at vendor\laravel\framework\src\Illuminate\Database\Query\Builder.php:3964
at vendor\laravel\framework\src\Illuminate\Database\Query\Builder.php:3373
at vendor\laravel\framework\src\Illuminate\Database\Eloquent\Builder.php:902
at vendor\laravel\framework\src\Illuminate\Database\Eloquent\Builder.php:884
at vendor\laravel\framework\src\Illuminate\Database\Concerns\BuildsQueries.php:366
at vendor\laravel\framework\src\Illuminate\Database\Eloquent\Builder.php:708
at vendor\laravel\framework\src\Illuminate\Support\Traits\ForwardsCalls.php:23
at vendor\laravel\framework\src\Illuminate\Database\Eloquent\Model.php:2540
at vendor\laravel\framework\src\Illuminate\Database\Eloquent\Model.php:2556
at database\seeders\RolesAndPermissionsSeeder.php:48
at database\seeders\RolesAndPermissionsSeeder.php:19
at vendor\laravel\framework\src\Illuminate\Container\BoundMethod.php:36
at vendor\laravel\framework\src\Illuminate\Container\Util.php:43
at vendor\laravel\framework\src\Illuminate\Container\BoundMethod.php:96
at vendor\laravel\framework\src\Illuminate\Container\BoundMethod.php:35
at vendor\laravel\framework\src\Illuminate\Container\Container.php:799
at vendor\laravel\framework\src\Illuminate\Database\Seeder.php:184
at vendor\laravel\framework\src\Illuminate\Database\Seeder.php:193
at vendor\laravel\framework\src\Illuminate\Database\Console\Seeds\SeedCommand.php:71
at vendor\laravel\framework\src\Illuminate\Database\Eloquent\Concerns\GuardsAttributes.php:157
at vendor\laravel\framework\src\Illuminate\Database\Console\Seeds\SeedCommand.php:70
at vendor\laravel\framework\src\Illuminate\Container\BoundMethod.php:36
at vendor\laravel\framework\src\Illuminate\Container\Util.php:43
at vendor\laravel\framework\src\Illuminate\Container\BoundMethod.php:96
at vendor\laravel\framework\src\Illuminate\Container\BoundMethod.php:35
at vendor\laravel\framework\src\Illuminate\Container\Container.php:799
at vendor\laravel\framework\src\Illuminate\Console\Command.php:211
at vendor\symfony\console\Command\Command.php:341
at vendor\laravel\framework\src\Illuminate\Console\Command.php:180
at vendor\symfony\console\Application.php:1079
at vendor\symfony\console\Application.php:356
at vendor\symfony\console\Application.php:195
at vendor\laravel\framework\src\Illuminate\Console\Application.php:165
at vendor\laravel\framework\src\Illuminate\Foundation\Console\Kernel.php:447
at vendor\laravel\framework\src\Illuminate\Testing\PendingCommand.php:451
at vendor\laravel\framework\src\Illuminate\Testing\PendingCommand.php:675
at vendor\laravel\framework\src\Illuminate\Foundation\Testing\Concerns\InteractsWithConsole.php:87
at vendor\laravel\framework\src\Illuminate\Foundation\Testing\Concerns\InteractsWithDatabase.php:362
at tests\Feature\E2E\BaseE2ETest.php:28</error>
      </testcase>
    </testsuite>
    <testsuite name="MultiUserConcurrencyE2ETest" file="Multi User Concurrency E2E" tests="6" assertions="0" errors="6" failures="0" skipped="0" time="0.000000">
      <testcase name="Concurrent issue creation by multiple tenants" file="Multi User Concurrency E2E::Concurrent issue creation by multiple tenants" class="MultiUserConcurrencyE2ETest" classname="MultiUserConcurrencyE2ETest" assertions="0" time="0.000000">
        <error type="Illuminate\Database\QueryException">Concurrent issue creation by multiple tenantsIlluminate\Database\QueryException: SQLSTATE[42S02]: Base table or view not found: 1146 Table 'laravel_test.permissions' doesn't exist (Connection: mysql, Host: localhost, Port: 3306, Database: laravel_test, SQL: select * from `permissions` where (`name` = ViewAny:User and `guard_name` = web) limit 1)&#13;
at vendor\laravel\framework\src\Illuminate\Database\Connection.php:420
at vendor\laravel\framework\src\Illuminate\Database\Connection.php:827
at vendor\laravel\framework\src\Illuminate\Database\Connection.php:794
at vendor\laravel\framework\src\Illuminate\Database\Connection.php:411
at vendor\laravel\framework\src\Illuminate\Database\Query\Builder.php:3389
at vendor\laravel\framework\src\Illuminate\Database\Query\Builder.php:3374
at vendor\laravel\framework\src\Illuminate\Database\Query\Builder.php:3964
at vendor\laravel\framework\src\Illuminate\Database\Query\Builder.php:3373
at vendor\laravel\framework\src\Illuminate\Database\Eloquent\Builder.php:902
at vendor\laravel\framework\src\Illuminate\Database\Eloquent\Builder.php:884
at vendor\laravel\framework\src\Illuminate\Database\Concerns\BuildsQueries.php:366
at vendor\laravel\framework\src\Illuminate\Database\Eloquent\Builder.php:708
at vendor\laravel\framework\src\Illuminate\Support\Traits\ForwardsCalls.php:23
at vendor\laravel\framework\src\Illuminate\Database\Eloquent\Model.php:2540
at vendor\laravel\framework\src\Illuminate\Database\Eloquent\Model.php:2556
at database\seeders\RolesAndPermissionsSeeder.php:48
at database\seeders\RolesAndPermissionsSeeder.php:19
at vendor\laravel\framework\src\Illuminate\Container\BoundMethod.php:36
at vendor\laravel\framework\src\Illuminate\Container\Util.php:43
at vendor\laravel\framework\src\Illuminate\Container\BoundMethod.php:96
at vendor\laravel\framework\src\Illuminate\Container\BoundMethod.php:35
at vendor\laravel\framework\src\Illuminate\Container\Container.php:799
at vendor\laravel\framework\src\Illuminate\Database\Seeder.php:184
at vendor\laravel\framework\src\Illuminate\Database\Seeder.php:193
at vendor\laravel\framework\src\Illuminate\Database\Console\Seeds\SeedCommand.php:71
at vendor\laravel\framework\src\Illuminate\Database\Eloquent\Concerns\GuardsAttributes.php:157
at vendor\laravel\framework\src\Illuminate\Database\Console\Seeds\SeedCommand.php:70
at vendor\laravel\framework\src\Illuminate\Container\BoundMethod.php:36
at vendor\laravel\framework\src\Illuminate\Container\Util.php:43
at vendor\laravel\framework\src\Illuminate\Container\BoundMethod.php:96
at vendor\laravel\framework\src\Illuminate\Container\BoundMethod.php:35
at vendor\laravel\framework\src\Illuminate\Container\Container.php:799
at vendor\laravel\framework\src\Illuminate\Console\Command.php:211
at vendor\symfony\console\Command\Command.php:341
at vendor\laravel\framework\src\Illuminate\Console\Command.php:180
at vendor\symfony\console\Application.php:1079
at vendor\symfony\console\Application.php:356
at vendor\symfony\console\Application.php:195
at vendor\laravel\framework\src\Illuminate\Console\Application.php:165
at vendor\laravel\framework\src\Illuminate\Foundation\Console\Kernel.php:447
at vendor\laravel\framework\src\Illuminate\Testing\PendingCommand.php:451
at vendor\laravel\framework\src\Illuminate\Testing\PendingCommand.php:675
at vendor\laravel\framework\src\Illuminate\Foundation\Testing\Concerns\InteractsWithConsole.php:87
at vendor\laravel\framework\src\Illuminate\Foundation\Testing\Concerns\InteractsWithDatabase.php:362
at tests\Feature\E2E\BaseE2ETest.php:28
Caused by
PDOException: SQLSTATE[42S02]: Base table or view not found: 1146 Table 'laravel_test.permissions' doesn't exist

at vendor\laravel\framework\src\Illuminate\Database\Connection.php:420
at vendor\laravel\framework\src\Illuminate\Database\Connection.php:827
at vendor\laravel\framework\src\Illuminate\Database\Connection.php:794
at vendor\laravel\framework\src\Illuminate\Database\Connection.php:411
at vendor\laravel\framework\src\Illuminate\Database\Query\Builder.php:3389
at vendor\laravel\framework\src\Illuminate\Database\Query\Builder.php:3374
at vendor\laravel\framework\src\Illuminate\Database\Query\Builder.php:3964
at vendor\laravel\framework\src\Illuminate\Database\Query\Builder.php:3373
at vendor\laravel\framework\src\Illuminate\Database\Eloquent\Builder.php:902
at vendor\laravel\framework\src\Illuminate\Database\Eloquent\Builder.php:884
at vendor\laravel\framework\src\Illuminate\Database\Concerns\BuildsQueries.php:366
at vendor\laravel\framework\src\Illuminate\Database\Eloquent\Builder.php:708
at vendor\laravel\framework\src\Illuminate\Support\Traits\ForwardsCalls.php:23
at vendor\laravel\framework\src\Illuminate\Database\Eloquent\Model.php:2540
at vendor\laravel\framework\src\Illuminate\Database\Eloquent\Model.php:2556
at database\seeders\RolesAndPermissionsSeeder.php:48
at database\seeders\RolesAndPermissionsSeeder.php:19
at vendor\laravel\framework\src\Illuminate\Container\BoundMethod.php:36
at vendor\laravel\framework\src\Illuminate\Container\Util.php:43
at vendor\laravel\framework\src\Illuminate\Container\BoundMethod.php:96
at vendor\laravel\framework\src\Illuminate\Container\BoundMethod.php:35
at vendor\laravel\framework\src\Illuminate\Container\Container.php:799
at vendor\laravel\framework\src\Illuminate\Database\Seeder.php:184
at vendor\laravel\framework\src\Illuminate\Database\Seeder.php:193
at vendor\laravel\framework\src\Illuminate\Database\Console\Seeds\SeedCommand.php:71
at vendor\laravel\framework\src\Illuminate\Database\Eloquent\Concerns\GuardsAttributes.php:157
at vendor\laravel\framework\src\Illuminate\Database\Console\Seeds\SeedCommand.php:70
at vendor\laravel\framework\src\Illuminate\Container\BoundMethod.php:36
at vendor\laravel\framework\src\Illuminate\Container\Util.php:43
at vendor\laravel\framework\src\Illuminate\Container\BoundMethod.php:96
at vendor\laravel\framework\src\Illuminate\Container\BoundMethod.php:35
at vendor\laravel\framework\src\Illuminate\Container\Container.php:799
at vendor\laravel\framework\src\Illuminate\Console\Command.php:211
at vendor\symfony\console\Command\Command.php:341
at vendor\laravel\framework\src\Illuminate\Console\Command.php:180
at vendor\symfony\console\Application.php:1079
at vendor\symfony\console\Application.php:356
at vendor\symfony\console\Application.php:195
at vendor\laravel\framework\src\Illuminate\Console\Application.php:165
at vendor\laravel\framework\src\Illuminate\Foundation\Console\Kernel.php:447
at vendor\laravel\framework\src\Illuminate\Testing\PendingCommand.php:451
at vendor\laravel\framework\src\Illuminate\Testing\PendingCommand.php:675
at vendor\laravel\framework\src\Illuminate\Foundation\Testing\Concerns\InteractsWithConsole.php:87
at vendor\laravel\framework\src\Illuminate\Foundation\Testing\Concerns\InteractsWithDatabase.php:362
at tests\Feature\E2E\BaseE2ETest.php:28</error>
      </testcase>
      <testcase name="Same sp handles multiple assignments concurrently" file="Multi User Concurrency E2E::Same sp handles multiple assignments concurrently" class="MultiUserConcurrencyE2ETest" classname="MultiUserConcurrencyE2ETest" assertions="0" time="0.000000">
        <error type="Illuminate\Database\QueryException">Same sp handles multiple assignments concurrentlyIlluminate\Database\QueryException: SQLSTATE[42S02]: Base table or view not found: 1146 Table 'laravel_test.permissions' doesn't exist (Connection: mysql, Host: localhost, Port: 3306, Database: laravel_test, SQL: select * from `permissions` where (`name` = ViewAny:User and `guard_name` = web) limit 1)&#13;
at vendor\laravel\framework\src\Illuminate\Database\Connection.php:420
at vendor\laravel\framework\src\Illuminate\Database\Connection.php:827
at vendor\laravel\framework\src\Illuminate\Database\Connection.php:794
at vendor\laravel\framework\src\Illuminate\Database\Connection.php:411
at vendor\laravel\framework\src\Illuminate\Database\Query\Builder.php:3389
at vendor\laravel\framework\src\Illuminate\Database\Query\Builder.php:3374
at vendor\laravel\framework\src\Illuminate\Database\Query\Builder.php:3964
at vendor\laravel\framework\src\Illuminate\Database\Query\Builder.php:3373
at vendor\laravel\framework\src\Illuminate\Database\Eloquent\Builder.php:902
at vendor\laravel\framework\src\Illuminate\Database\Eloquent\Builder.php:884
at vendor\laravel\framework\src\Illuminate\Database\Concerns\BuildsQueries.php:366
at vendor\laravel\framework\src\Illuminate\Database\Eloquent\Builder.php:708
at vendor\laravel\framework\src\Illuminate\Support\Traits\ForwardsCalls.php:23
at vendor\laravel\framework\src\Illuminate\Database\Eloquent\Model.php:2540
at vendor\laravel\framework\src\Illuminate\Database\Eloquent\Model.php:2556
at database\seeders\RolesAndPermissionsSeeder.php:48
at database\seeders\RolesAndPermissionsSeeder.php:19
at vendor\laravel\framework\src\Illuminate\Container\BoundMethod.php:36
at vendor\laravel\framework\src\Illuminate\Container\Util.php:43
at vendor\laravel\framework\src\Illuminate\Container\BoundMethod.php:96
at vendor\laravel\framework\src\Illuminate\Container\BoundMethod.php:35
at vendor\laravel\framework\src\Illuminate\Container\Container.php:799
at vendor\laravel\framework\src\Illuminate\Database\Seeder.php:184
at vendor\laravel\framework\src\Illuminate\Database\Seeder.php:193
at vendor\laravel\framework\src\Illuminate\Database\Console\Seeds\SeedCommand.php:71
at vendor\laravel\framework\src\Illuminate\Database\Eloquent\Concerns\GuardsAttributes.php:157
at vendor\laravel\framework\src\Illuminate\Database\Console\Seeds\SeedCommand.php:70
at vendor\laravel\framework\src\Illuminate\Container\BoundMethod.php:36
at vendor\laravel\framework\src\Illuminate\Container\Util.php:43
at vendor\laravel\framework\src\Illuminate\Container\BoundMethod.php:96
at vendor\laravel\framework\src\Illuminate\Container\BoundMethod.php:35
at vendor\laravel\framework\src\Illuminate\Container\Container.php:799
at vendor\laravel\framework\src\Illuminate\Console\Command.php:211
at vendor\symfony\console\Command\Command.php:341
at vendor\laravel\framework\src\Illuminate\Console\Command.php:180
at vendor\symfony\console\Application.php:1079
at vendor\symfony\console\Application.php:356
at vendor\symfony\console\Application.php:195
at vendor\laravel\framework\src\Illuminate\Console\Application.php:165
at vendor\laravel\framework\src\Illuminate\Foundation\Console\Kernel.php:447
at vendor\laravel\framework\src\Illuminate\Testing\PendingCommand.php:451
at vendor\laravel\framework\src\Illuminate\Testing\PendingCommand.php:675
at vendor\laravel\framework\src\Illuminate\Foundation\Testing\Concerns\InteractsWithConsole.php:87
at vendor\laravel\framework\src\Illuminate\Foundation\Testing\Concerns\InteractsWithDatabase.php:362
at tests\Feature\E2E\BaseE2ETest.php:28
Caused by
PDOException: SQLSTATE[42S02]: Base table or view not found: 1146 Table 'laravel_test.permissions' doesn't exist

at vendor\laravel\framework\src\Illuminate\Database\Connection.php:420
at vendor\laravel\framework\src\Illuminate\Database\Connection.php:827
at vendor\laravel\framework\src\Illuminate\Database\Connection.php:794
at vendor\laravel\framework\src\Illuminate\Database\Connection.php:411
at vendor\laravel\framework\src\Illuminate\Database\Query\Builder.php:3389
at vendor\laravel\framework\src\Illuminate\Database\Query\Builder.php:3374
at vendor\laravel\framework\src\Illuminate\Database\Query\Builder.php:3964
at vendor\laravel\framework\src\Illuminate\Database\Query\Builder.php:3373
at vendor\laravel\framework\src\Illuminate\Database\Eloquent\Builder.php:902
at vendor\laravel\framework\src\Illuminate\Database\Eloquent\Builder.php:884
at vendor\laravel\framework\src\Illuminate\Database\Concerns\BuildsQueries.php:366
at vendor\laravel\framework\src\Illuminate\Database\Eloquent\Builder.php:708
at vendor\laravel\framework\src\Illuminate\Support\Traits\ForwardsCalls.php:23
at vendor\laravel\framework\src\Illuminate\Database\Eloquent\Model.php:2540
at vendor\laravel\framework\src\Illuminate\Database\Eloquent\Model.php:2556
at database\seeders\RolesAndPermissionsSeeder.php:48
at database\seeders\RolesAndPermissionsSeeder.php:19
at vendor\laravel\framework\src\Illuminate\Container\BoundMethod.php:36
at vendor\laravel\framework\src\Illuminate\Container\Util.php:43
at vendor\laravel\framework\src\Illuminate\Container\BoundMethod.php:96
at vendor\laravel\framework\src\Illuminate\Container\BoundMethod.php:35
at vendor\laravel\framework\src\Illuminate\Container\Container.php:799
at vendor\laravel\framework\src\Illuminate\Database\Seeder.php:184
at vendor\laravel\framework\src\Illuminate\Database\Seeder.php:193
at vendor\laravel\framework\src\Illuminate\Database\Console\Seeds\SeedCommand.php:71
at vendor\laravel\framework\src\Illuminate\Database\Eloquent\Concerns\GuardsAttributes.php:157
at vendor\laravel\framework\src\Illuminate\Database\Console\Seeds\SeedCommand.php:70
at vendor\laravel\framework\src\Illuminate\Container\BoundMethod.php:36
at vendor\laravel\framework\src\Illuminate\Container\Util.php:43
at vendor\laravel\framework\src\Illuminate\Container\BoundMethod.php:96
at vendor\laravel\framework\src\Illuminate\Container\BoundMethod.php:35
at vendor\laravel\framework\src\Illuminate\Container\Container.php:799
at vendor\laravel\framework\src\Illuminate\Console\Command.php:211
at vendor\symfony\console\Command\Command.php:341
at vendor\laravel\framework\src\Illuminate\Console\Command.php:180
at vendor\symfony\console\Application.php:1079
at vendor\symfony\console\Application.php:356
at vendor\symfony\console\Application.php:195
at vendor\laravel\framework\src\Illuminate\Console\Application.php:165
at vendor\laravel\framework\src\Illuminate\Foundation\Console\Kernel.php:447
at vendor\laravel\framework\src\Illuminate\Testing\PendingCommand.php:451
at vendor\laravel\framework\src\Illuminate\Testing\PendingCommand.php:675
at vendor\laravel\framework\src\Illuminate\Foundation\Testing\Concerns\InteractsWithConsole.php:87
at vendor\laravel\framework\src\Illuminate\Foundation\Testing\Concerns\InteractsWithDatabase.php:362
at tests\Feature\E2E\BaseE2ETest.php:28</error>
      </testcase>
      <testcase name="Concurrent updates to same assignment" file="Multi User Concurrency E2E::Concurrent updates to same assignment" class="MultiUserConcurrencyE2ETest" classname="MultiUserConcurrencyE2ETest" assertions="0" time="0.000000">
        <error type="Illuminate\Database\QueryException">Concurrent updates to same assignmentIlluminate\Database\QueryException: SQLSTATE[42S02]: Base table or view not found: 1146 Table 'laravel_test.permissions' doesn't exist (Connection: mysql, Host: localhost, Port: 3306, Database: laravel_test, SQL: select * from `permissions` where (`name` = ViewAny:User and `guard_name` = web) limit 1)&#13;
at vendor\laravel\framework\src\Illuminate\Database\Connection.php:420
at vendor\laravel\framework\src\Illuminate\Database\Connection.php:827
at vendor\laravel\framework\src\Illuminate\Database\Connection.php:794
at vendor\laravel\framework\src\Illuminate\Database\Connection.php:411
at vendor\laravel\framework\src\Illuminate\Database\Query\Builder.php:3389
at vendor\laravel\framework\src\Illuminate\Database\Query\Builder.php:3374
at vendor\laravel\framework\src\Illuminate\Database\Query\Builder.php:3964
at vendor\laravel\framework\src\Illuminate\Database\Query\Builder.php:3373
at vendor\laravel\framework\src\Illuminate\Database\Eloquent\Builder.php:902
at vendor\laravel\framework\src\Illuminate\Database\Eloquent\Builder.php:884
at vendor\laravel\framework\src\Illuminate\Database\Concerns\BuildsQueries.php:366
at vendor\laravel\framework\src\Illuminate\Database\Eloquent\Builder.php:708
at vendor\laravel\framework\src\Illuminate\Support\Traits\ForwardsCalls.php:23
at vendor\laravel\framework\src\Illuminate\Database\Eloquent\Model.php:2540
at vendor\laravel\framework\src\Illuminate\Database\Eloquent\Model.php:2556
at database\seeders\RolesAndPermissionsSeeder.php:48
at database\seeders\RolesAndPermissionsSeeder.php:19
at vendor\laravel\framework\src\Illuminate\Container\BoundMethod.php:36
at vendor\laravel\framework\src\Illuminate\Container\Util.php:43
at vendor\laravel\framework\src\Illuminate\Container\BoundMethod.php:96
at vendor\laravel\framework\src\Illuminate\Container\BoundMethod.php:35
at vendor\laravel\framework\src\Illuminate\Container\Container.php:799
at vendor\laravel\framework\src\Illuminate\Database\Seeder.php:184
at vendor\laravel\framework\src\Illuminate\Database\Seeder.php:193
at vendor\laravel\framework\src\Illuminate\Database\Console\Seeds\SeedCommand.php:71
at vendor\laravel\framework\src\Illuminate\Database\Eloquent\Concerns\GuardsAttributes.php:157
at vendor\laravel\framework\src\Illuminate\Database\Console\Seeds\SeedCommand.php:70
at vendor\laravel\framework\src\Illuminate\Container\BoundMethod.php:36
at vendor\laravel\framework\src\Illuminate\Container\Util.php:43
at vendor\laravel\framework\src\Illuminate\Container\BoundMethod.php:96
at vendor\laravel\framework\src\Illuminate\Container\BoundMethod.php:35
at vendor\laravel\framework\src\Illuminate\Container\Container.php:799
at vendor\laravel\framework\src\Illuminate\Console\Command.php:211
at vendor\symfony\console\Command\Command.php:341
at vendor\laravel\framework\src\Illuminate\Console\Command.php:180
at vendor\symfony\console\Application.php:1079
at vendor\symfony\console\Application.php:356
at vendor\symfony\console\Application.php:195
at vendor\laravel\framework\src\Illuminate\Console\Application.php:165
at vendor\laravel\framework\src\Illuminate\Foundation\Console\Kernel.php:447
at vendor\laravel\framework\src\Illuminate\Testing\PendingCommand.php:451
at vendor\laravel\framework\src\Illuminate\Testing\PendingCommand.php:675
at vendor\laravel\framework\src\Illuminate\Foundation\Testing\Concerns\InteractsWithConsole.php:87
at vendor\laravel\framework\src\Illuminate\Foundation\Testing\Concerns\InteractsWithDatabase.php:362
at tests\Feature\E2E\BaseE2ETest.php:28
Caused by
PDOException: SQLSTATE[42S02]: Base table or view not found: 1146 Table 'laravel_test.permissions' doesn't exist

at vendor\laravel\framework\src\Illuminate\Database\Connection.php:420
at vendor\laravel\framework\src\Illuminate\Database\Connection.php:827
at vendor\laravel\framework\src\Illuminate\Database\Connection.php:794
at vendor\laravel\framework\src\Illuminate\Database\Connection.php:411
at vendor\laravel\framework\src\Illuminate\Database\Query\Builder.php:3389
at vendor\laravel\framework\src\Illuminate\Database\Query\Builder.php:3374
at vendor\laravel\framework\src\Illuminate\Database\Query\Builder.php:3964
at vendor\laravel\framework\src\Illuminate\Database\Query\Builder.php:3373
at vendor\laravel\framework\src\Illuminate\Database\Eloquent\Builder.php:902
at vendor\laravel\framework\src\Illuminate\Database\Eloquent\Builder.php:884
at vendor\laravel\framework\src\Illuminate\Database\Concerns\BuildsQueries.php:366
at vendor\laravel\framework\src\Illuminate\Database\Eloquent\Builder.php:708
at vendor\laravel\framework\src\Illuminate\Support\Traits\ForwardsCalls.php:23
at vendor\laravel\framework\src\Illuminate\Database\Eloquent\Model.php:2540
at vendor\laravel\framework\src\Illuminate\Database\Eloquent\Model.php:2556
at database\seeders\RolesAndPermissionsSeeder.php:48
at database\seeders\RolesAndPermissionsSeeder.php:19
at vendor\laravel\framework\src\Illuminate\Container\BoundMethod.php:36
at vendor\laravel\framework\src\Illuminate\Container\Util.php:43
at vendor\laravel\framework\src\Illuminate\Container\BoundMethod.php:96
at vendor\laravel\framework\src\Illuminate\Container\BoundMethod.php:35
at vendor\laravel\framework\src\Illuminate\Container\Container.php:799
at vendor\laravel\framework\src\Illuminate\Database\Seeder.php:184
at vendor\laravel\framework\src\Illuminate\Database\Seeder.php:193
at vendor\laravel\framework\src\Illuminate\Database\Console\Seeds\SeedCommand.php:71
at vendor\laravel\framework\src\Illuminate\Database\Eloquent\Concerns\GuardsAttributes.php:157
at vendor\laravel\framework\src\Illuminate\Database\Console\Seeds\SeedCommand.php:70
at vendor\laravel\framework\src\Illuminate\Container\BoundMethod.php:36
at vendor\laravel\framework\src\Illuminate\Container\Util.php:43
at vendor\laravel\framework\src\Illuminate\Container\BoundMethod.php:96
at vendor\laravel\framework\src\Illuminate\Container\BoundMethod.php:35
at vendor\laravel\framework\src\Illuminate\Container\Container.php:799
at vendor\laravel\framework\src\Illuminate\Console\Command.php:211
at vendor\symfony\console\Command\Command.php:341
at vendor\laravel\framework\src\Illuminate\Console\Command.php:180
at vendor\symfony\console\Application.php:1079
at vendor\symfony\console\Application.php:356
at vendor\symfony\console\Application.php:195
at vendor\laravel\framework\src\Illuminate\Console\Application.php:165
at vendor\laravel\framework\src\Illuminate\Foundation\Console\Kernel.php:447
at vendor\laravel\framework\src\Illuminate\Testing\PendingCommand.php:451
at vendor\laravel\framework\src\Illuminate\Testing\PendingCommand.php:675
at vendor\laravel\framework\src\Illuminate\Foundation\Testing\Concerns\InteractsWithConsole.php:87
at vendor\laravel\framework\src\Illuminate\Foundation\Testing\Concerns\InteractsWithDatabase.php:362
at tests\Feature\E2E\BaseE2ETest.php:28</error>
      </testcase>
      <testcase name="Multiple admins manage same issue without conflicts" file="Multi User Concurrency E2E::Multiple admins manage same issue without conflicts" class="MultiUserConcurrencyE2ETest" classname="MultiUserConcurrencyE2ETest" assertions="0" time="0.000000">
        <error type="Illuminate\Database\QueryException">Multiple admins manage same issue without conflictsIlluminate\Database\QueryException: SQLSTATE[42S02]: Base table or view not found: 1146 Table 'laravel_test.permissions' doesn't exist (Connection: mysql, Host: localhost, Port: 3306, Database: laravel_test, SQL: select * from `permissions` where (`name` = ViewAny:User and `guard_name` = web) limit 1)&#13;
at vendor\laravel\framework\src\Illuminate\Database\Connection.php:420
at vendor\laravel\framework\src\Illuminate\Database\Connection.php:827
at vendor\laravel\framework\src\Illuminate\Database\Connection.php:794
at vendor\laravel\framework\src\Illuminate\Database\Connection.php:411
at vendor\laravel\framework\src\Illuminate\Database\Query\Builder.php:3389
at vendor\laravel\framework\src\Illuminate\Database\Query\Builder.php:3374
at vendor\laravel\framework\src\Illuminate\Database\Query\Builder.php:3964
at vendor\laravel\framework\src\Illuminate\Database\Query\Builder.php:3373
at vendor\laravel\framework\src\Illuminate\Database\Eloquent\Builder.php:902
at vendor\laravel\framework\src\Illuminate\Database\Eloquent\Builder.php:884
at vendor\laravel\framework\src\Illuminate\Database\Concerns\BuildsQueries.php:366
at vendor\laravel\framework\src\Illuminate\Database\Eloquent\Builder.php:708
at vendor\laravel\framework\src\Illuminate\Support\Traits\ForwardsCalls.php:23
at vendor\laravel\framework\src\Illuminate\Database\Eloquent\Model.php:2540
at vendor\laravel\framework\src\Illuminate\Database\Eloquent\Model.php:2556
at database\seeders\RolesAndPermissionsSeeder.php:48
at database\seeders\RolesAndPermissionsSeeder.php:19
at vendor\laravel\framework\src\Illuminate\Container\BoundMethod.php:36
at vendor\laravel\framework\src\Illuminate\Container\Util.php:43
at vendor\laravel\framework\src\Illuminate\Container\BoundMethod.php:96
at vendor\laravel\framework\src\Illuminate\Container\BoundMethod.php:35
at vendor\laravel\framework\src\Illuminate\Container\Container.php:799
at vendor\laravel\framework\src\Illuminate\Database\Seeder.php:184
at vendor\laravel\framework\src\Illuminate\Database\Seeder.php:193
at vendor\laravel\framework\src\Illuminate\Database\Console\Seeds\SeedCommand.php:71
at vendor\laravel\framework\src\Illuminate\Database\Eloquent\Concerns\GuardsAttributes.php:157
at vendor\laravel\framework\src\Illuminate\Database\Console\Seeds\SeedCommand.php:70
at vendor\laravel\framework\src\Illuminate\Container\BoundMethod.php:36
at vendor\laravel\framework\src\Illuminate\Container\Util.php:43
at vendor\laravel\framework\src\Illuminate\Container\BoundMethod.php:96
at vendor\laravel\framework\src\Illuminate\Container\BoundMethod.php:35
at vendor\laravel\framework\src\Illuminate\Container\Container.php:799
at vendor\laravel\framework\src\Illuminate\Console\Command.php:211
at vendor\symfony\console\Command\Command.php:341
at vendor\laravel\framework\src\Illuminate\Console\Command.php:180
at vendor\symfony\console\Application.php:1079
at vendor\symfony\console\Application.php:356
at vendor\symfony\console\Application.php:195
at vendor\laravel\framework\src\Illuminate\Console\Application.php:165
at vendor\laravel\framework\src\Illuminate\Foundation\Console\Kernel.php:447
at vendor\laravel\framework\src\Illuminate\Testing\PendingCommand.php:451
at vendor\laravel\framework\src\Illuminate\Testing\PendingCommand.php:675
at vendor\laravel\framework\src\Illuminate\Foundation\Testing\Concerns\InteractsWithConsole.php:87
at vendor\laravel\framework\src\Illuminate\Foundation\Testing\Concerns\InteractsWithDatabase.php:362
at tests\Feature\E2E\BaseE2ETest.php:28
Caused by
PDOException: SQLSTATE[42S02]: Base table or view not found: 1146 Table 'laravel_test.permissions' doesn't exist

at vendor\laravel\framework\src\Illuminate\Database\Connection.php:420
at vendor\laravel\framework\src\Illuminate\Database\Connection.php:827
at vendor\laravel\framework\src\Illuminate\Database\Connection.php:794
at vendor\laravel\framework\src\Illuminate\Database\Connection.php:411
at vendor\laravel\framework\src\Illuminate\Database\Query\Builder.php:3389
at vendor\laravel\framework\src\Illuminate\Database\Query\Builder.php:3374
at vendor\laravel\framework\src\Illuminate\Database\Query\Builder.php:3964
at vendor\laravel\framework\src\Illuminate\Database\Query\Builder.php:3373
at vendor\laravel\framework\src\Illuminate\Database\Eloquent\Builder.php:902
at vendor\laravel\framework\src\Illuminate\Database\Eloquent\Builder.php:884
at vendor\laravel\framework\src\Illuminate\Database\Concerns\BuildsQueries.php:366
at vendor\laravel\framework\src\Illuminate\Database\Eloquent\Builder.php:708
at vendor\laravel\framework\src\Illuminate\Support\Traits\ForwardsCalls.php:23
at vendor\laravel\framework\src\Illuminate\Database\Eloquent\Model.php:2540
at vendor\laravel\framework\src\Illuminate\Database\Eloquent\Model.php:2556
at database\seeders\RolesAndPermissionsSeeder.php:48
at database\seeders\RolesAndPermissionsSeeder.php:19
at vendor\laravel\framework\src\Illuminate\Container\BoundMethod.php:36
at vendor\laravel\framework\src\Illuminate\Container\Util.php:43
at vendor\laravel\framework\src\Illuminate\Container\BoundMethod.php:96
at vendor\laravel\framework\src\Illuminate\Container\BoundMethod.php:35
at vendor\laravel\framework\src\Illuminate\Container\Container.php:799
at vendor\laravel\framework\src\Illuminate\Database\Seeder.php:184
at vendor\laravel\framework\src\Illuminate\Database\Seeder.php:193
at vendor\laravel\framework\src\Illuminate\Database\Console\Seeds\SeedCommand.php:71
at vendor\laravel\framework\src\Illuminate\Database\Eloquent\Concerns\GuardsAttributes.php:157
at vendor\laravel\framework\src\Illuminate\Database\Console\Seeds\SeedCommand.php:70
at vendor\laravel\framework\src\Illuminate\Container\BoundMethod.php:36
at vendor\laravel\framework\src\Illuminate\Container\Util.php:43
at vendor\laravel\framework\src\Illuminate\Container\BoundMethod.php:96
at vendor\laravel\framework\src\Illuminate\Container\BoundMethod.php:35
at vendor\laravel\framework\src\Illuminate\Container\Container.php:799
at vendor\laravel\framework\src\Illuminate\Console\Command.php:211
at vendor\symfony\console\Command\Command.php:341
at vendor\laravel\framework\src\Illuminate\Console\Command.php:180
at vendor\symfony\console\Application.php:1079
at vendor\symfony\console\Application.php:356
at vendor\symfony\console\Application.php:195
at vendor\laravel\framework\src\Illuminate\Console\Application.php:165
at vendor\laravel\framework\src\Illuminate\Foundation\Console\Kernel.php:447
at vendor\laravel\framework\src\Illuminate\Testing\PendingCommand.php:451
at vendor\laravel\framework\src\Illuminate\Testing\PendingCommand.php:675
at vendor\laravel\framework\src\Illuminate\Foundation\Testing\Concerns\InteractsWithConsole.php:87
at vendor\laravel\framework\src\Illuminate\Foundation\Testing\Concerns\InteractsWithDatabase.php:362
at tests\Feature\E2E\BaseE2ETest.php:28</error>
      </testcase>
      <testcase name="Sp cannot access another sp assignment" file="Multi User Concurrency E2E::Sp cannot access another sp assignment" class="MultiUserConcurrencyE2ETest" classname="MultiUserConcurrencyE2ETest" assertions="0" time="0.000000">
        <error type="Illuminate\Database\QueryException">Sp cannot access another sp assignmentIlluminate\Database\QueryException: SQLSTATE[42S02]: Base table or view not found: 1146 Table 'laravel_test.permissions' doesn't exist (Connection: mysql, Host: localhost, Port: 3306, Database: laravel_test, SQL: select * from `permissions` where (`name` = ViewAny:User and `guard_name` = web) limit 1)&#13;
at vendor\laravel\framework\src\Illuminate\Database\Connection.php:420
at vendor\laravel\framework\src\Illuminate\Database\Connection.php:827
at vendor\laravel\framework\src\Illuminate\Database\Connection.php:794
at vendor\laravel\framework\src\Illuminate\Database\Connection.php:411
at vendor\laravel\framework\src\Illuminate\Database\Query\Builder.php:3389
at vendor\laravel\framework\src\Illuminate\Database\Query\Builder.php:3374
at vendor\laravel\framework\src\Illuminate\Database\Query\Builder.php:3964
at vendor\laravel\framework\src\Illuminate\Database\Query\Builder.php:3373
at vendor\laravel\framework\src\Illuminate\Database\Eloquent\Builder.php:902
at vendor\laravel\framework\src\Illuminate\Database\Eloquent\Builder.php:884
at vendor\laravel\framework\src\Illuminate\Database\Concerns\BuildsQueries.php:366
at vendor\laravel\framework\src\Illuminate\Database\Eloquent\Builder.php:708
at vendor\laravel\framework\src\Illuminate\Support\Traits\ForwardsCalls.php:23
at vendor\laravel\framework\src\Illuminate\Database\Eloquent\Model.php:2540
at vendor\laravel\framework\src\Illuminate\Database\Eloquent\Model.php:2556
at database\seeders\RolesAndPermissionsSeeder.php:48
at database\seeders\RolesAndPermissionsSeeder.php:19
at vendor\laravel\framework\src\Illuminate\Container\BoundMethod.php:36
at vendor\laravel\framework\src\Illuminate\Container\Util.php:43
at vendor\laravel\framework\src\Illuminate\Container\BoundMethod.php:96
at vendor\laravel\framework\src\Illuminate\Container\BoundMethod.php:35
at vendor\laravel\framework\src\Illuminate\Container\Container.php:799
at vendor\laravel\framework\src\Illuminate\Database\Seeder.php:184
at vendor\laravel\framework\src\Illuminate\Database\Seeder.php:193
at vendor\laravel\framework\src\Illuminate\Database\Console\Seeds\SeedCommand.php:71
at vendor\laravel\framework\src\Illuminate\Database\Eloquent\Concerns\GuardsAttributes.php:157
at vendor\laravel\framework\src\Illuminate\Database\Console\Seeds\SeedCommand.php:70
at vendor\laravel\framework\src\Illuminate\Container\BoundMethod.php:36
at vendor\laravel\framework\src\Illuminate\Container\Util.php:43
at vendor\laravel\framework\src\Illuminate\Container\BoundMethod.php:96
at vendor\laravel\framework\src\Illuminate\Container\BoundMethod.php:35
at vendor\laravel\framework\src\Illuminate\Container\Container.php:799
at vendor\laravel\framework\src\Illuminate\Console\Command.php:211
at vendor\symfony\console\Command\Command.php:341
at vendor\laravel\framework\src\Illuminate\Console\Command.php:180
at vendor\symfony\console\Application.php:1079
at vendor\symfony\console\Application.php:356
at vendor\symfony\console\Application.php:195
at vendor\laravel\framework\src\Illuminate\Console\Application.php:165
at vendor\laravel\framework\src\Illuminate\Foundation\Console\Kernel.php:447
at vendor\laravel\framework\src\Illuminate\Testing\PendingCommand.php:451
at vendor\laravel\framework\src\Illuminate\Testing\PendingCommand.php:675
at vendor\laravel\framework\src\Illuminate\Foundation\Testing\Concerns\InteractsWithConsole.php:87
at vendor\laravel\framework\src\Illuminate\Foundation\Testing\Concerns\InteractsWithDatabase.php:362
at tests\Feature\E2E\BaseE2ETest.php:28
Caused by
PDOException: SQLSTATE[42S02]: Base table or view not found: 1146 Table 'laravel_test.permissions' doesn't exist

at vendor\laravel\framework\src\Illuminate\Database\Connection.php:420
at vendor\laravel\framework\src\Illuminate\Database\Connection.php:827
at vendor\laravel\framework\src\Illuminate\Database\Connection.php:794
at vendor\laravel\framework\src\Illuminate\Database\Connection.php:411
at vendor\laravel\framework\src\Illuminate\Database\Query\Builder.php:3389
at vendor\laravel\framework\src\Illuminate\Database\Query\Builder.php:3374
at vendor\laravel\framework\src\Illuminate\Database\Query\Builder.php:3964
at vendor\laravel\framework\src\Illuminate\Database\Query\Builder.php:3373
at vendor\laravel\framework\src\Illuminate\Database\Eloquent\Builder.php:902
at vendor\laravel\framework\src\Illuminate\Database\Eloquent\Builder.php:884
at vendor\laravel\framework\src\Illuminate\Database\Concerns\BuildsQueries.php:366
at vendor\laravel\framework\src\Illuminate\Database\Eloquent\Builder.php:708
at vendor\laravel\framework\src\Illuminate\Support\Traits\ForwardsCalls.php:23
at vendor\laravel\framework\src\Illuminate\Database\Eloquent\Model.php:2540
at vendor\laravel\framework\src\Illuminate\Database\Eloquent\Model.php:2556
at database\seeders\RolesAndPermissionsSeeder.php:48
at database\seeders\RolesAndPermissionsSeeder.php:19
at vendor\laravel\framework\src\Illuminate\Container\BoundMethod.php:36
at vendor\laravel\framework\src\Illuminate\Container\Util.php:43
at vendor\laravel\framework\src\Illuminate\Container\BoundMethod.php:96
at vendor\laravel\framework\src\Illuminate\Container\BoundMethod.php:35
at vendor\laravel\framework\src\Illuminate\Container\Container.php:799
at vendor\laravel\framework\src\Illuminate\Database\Seeder.php:184
at vendor\laravel\framework\src\Illuminate\Database\Seeder.php:193
at vendor\laravel\framework\src\Illuminate\Database\Console\Seeds\SeedCommand.php:71
at vendor\laravel\framework\src\Illuminate\Database\Eloquent\Concerns\GuardsAttributes.php:157
at vendor\laravel\framework\src\Illuminate\Database\Console\Seeds\SeedCommand.php:70
at vendor\laravel\framework\src\Illuminate\Container\BoundMethod.php:36
at vendor\laravel\framework\src\Illuminate\Container\Util.php:43
at vendor\laravel\framework\src\Illuminate\Container\BoundMethod.php:96
at vendor\laravel\framework\src\Illuminate\Container\BoundMethod.php:35
at vendor\laravel\framework\src\Illuminate\Container\Container.php:799
at vendor\laravel\framework\src\Illuminate\Console\Command.php:211
at vendor\symfony\console\Command\Command.php:341
at vendor\laravel\framework\src\Illuminate\Console\Command.php:180
at vendor\symfony\console\Application.php:1079
at vendor\symfony\console\Application.php:356
at vendor\symfony\console\Application.php:195
at vendor\laravel\framework\src\Illuminate\Console\Application.php:165
at vendor\laravel\framework\src\Illuminate\Foundation\Console\Kernel.php:447
at vendor\laravel\framework\src\Illuminate\Testing\PendingCommand.php:451
at vendor\laravel\framework\src\Illuminate\Testing\PendingCommand.php:675
at vendor\laravel\framework\src\Illuminate\Foundation\Testing\Concerns\InteractsWithConsole.php:87
at vendor\laravel\framework\src\Illuminate\Foundation\Testing\Concerns\InteractsWithDatabase.php:362
at tests\Feature\E2E\BaseE2ETest.php:28</error>
      </testcase>
      <testcase name="Rapid issue creation maintains data integrity" file="Multi User Concurrency E2E::Rapid issue creation maintains data integrity" class="MultiUserConcurrencyE2ETest" classname="MultiUserConcurrencyE2ETest" assertions="0" time="0.000000">
        <error type="Illuminate\Database\QueryException">Rapid issue creation maintains data integrityIlluminate\Database\QueryException: SQLSTATE[42S02]: Base table or view not found: 1146 Table 'laravel_test.permissions' doesn't exist (Connection: mysql, Host: localhost, Port: 3306, Database: laravel_test, SQL: select * from `permissions` where (`name` = ViewAny:User and `guard_name` = web) limit 1)&#13;
at vendor\laravel\framework\src\Illuminate\Database\Connection.php:420
at vendor\laravel\framework\src\Illuminate\Database\Connection.php:827
at vendor\laravel\framework\src\Illuminate\Database\Connection.php:794
at vendor\laravel\framework\src\Illuminate\Database\Connection.php:411
at vendor\laravel\framework\src\Illuminate\Database\Query\Builder.php:3389
at vendor\laravel\framework\src\Illuminate\Database\Query\Builder.php:3374
at vendor\laravel\framework\src\Illuminate\Database\Query\Builder.php:3964
at vendor\laravel\framework\src\Illuminate\Database\Query\Builder.php:3373
at vendor\laravel\framework\src\Illuminate\Database\Eloquent\Builder.php:902
at vendor\laravel\framework\src\Illuminate\Database\Eloquent\Builder.php:884
at vendor\laravel\framework\src\Illuminate\Database\Concerns\BuildsQueries.php:366
at vendor\laravel\framework\src\Illuminate\Database\Eloquent\Builder.php:708
at vendor\laravel\framework\src\Illuminate\Support\Traits\ForwardsCalls.php:23
at vendor\laravel\framework\src\Illuminate\Database\Eloquent\Model.php:2540
at vendor\laravel\framework\src\Illuminate\Database\Eloquent\Model.php:2556
at database\seeders\RolesAndPermissionsSeeder.php:48
at database\seeders\RolesAndPermissionsSeeder.php:19
at vendor\laravel\framework\src\Illuminate\Container\BoundMethod.php:36
at vendor\laravel\framework\src\Illuminate\Container\Util.php:43
at vendor\laravel\framework\src\Illuminate\Container\BoundMethod.php:96
at vendor\laravel\framework\src\Illuminate\Container\BoundMethod.php:35
at vendor\laravel\framework\src\Illuminate\Container\Container.php:799
at vendor\laravel\framework\src\Illuminate\Database\Seeder.php:184
at vendor\laravel\framework\src\Illuminate\Database\Seeder.php:193
at vendor\laravel\framework\src\Illuminate\Database\Console\Seeds\SeedCommand.php:71
at vendor\laravel\framework\src\Illuminate\Database\Eloquent\Concerns\GuardsAttributes.php:157
at vendor\laravel\framework\src\Illuminate\Database\Console\Seeds\SeedCommand.php:70
at vendor\laravel\framework\src\Illuminate\Container\BoundMethod.php:36
at vendor\laravel\framework\src\Illuminate\Container\Util.php:43
at vendor\laravel\framework\src\Illuminate\Container\BoundMethod.php:96
at vendor\laravel\framework\src\Illuminate\Container\BoundMethod.php:35
at vendor\laravel\framework\src\Illuminate\Container\Container.php:799
at vendor\laravel\framework\src\Illuminate\Console\Command.php:211
at vendor\symfony\console\Command\Command.php:341
at vendor\laravel\framework\src\Illuminate\Console\Command.php:180
at vendor\symfony\console\Application.php:1079
at vendor\symfony\console\Application.php:356
at vendor\symfony\console\Application.php:195
at vendor\laravel\framework\src\Illuminate\Console\Application.php:165
at vendor\laravel\framework\src\Illuminate\Foundation\Console\Kernel.php:447
at vendor\laravel\framework\src\Illuminate\Testing\PendingCommand.php:451
at vendor\laravel\framework\src\Illuminate\Testing\PendingCommand.php:675
at vendor\laravel\framework\src\Illuminate\Foundation\Testing\Concerns\InteractsWithConsole.php:87
at vendor\laravel\framework\src\Illuminate\Foundation\Testing\Concerns\InteractsWithDatabase.php:362
at tests\Feature\E2E\BaseE2ETest.php:28
Caused by
PDOException: SQLSTATE[42S02]: Base table or view not found: 1146 Table 'laravel_test.permissions' doesn't exist

at vendor\laravel\framework\src\Illuminate\Database\Connection.php:420
at vendor\laravel\framework\src\Illuminate\Database\Connection.php:827
at vendor\laravel\framework\src\Illuminate\Database\Connection.php:794
at vendor\laravel\framework\src\Illuminate\Database\Connection.php:411
at vendor\laravel\framework\src\Illuminate\Database\Query\Builder.php:3389
at vendor\laravel\framework\src\Illuminate\Database\Query\Builder.php:3374
at vendor\laravel\framework\src\Illuminate\Database\Query\Builder.php:3964
at vendor\laravel\framework\src\Illuminate\Database\Query\Builder.php:3373
at vendor\laravel\framework\src\Illuminate\Database\Eloquent\Builder.php:902
at vendor\laravel\framework\src\Illuminate\Database\Eloquent\Builder.php:884
at vendor\laravel\framework\src\Illuminate\Database\Concerns\BuildsQueries.php:366
at vendor\laravel\framework\src\Illuminate\Database\Eloquent\Builder.php:708
at vendor\laravel\framework\src\Illuminate\Support\Traits\ForwardsCalls.php:23
at vendor\laravel\framework\src\Illuminate\Database\Eloquent\Model.php:2540
at vendor\laravel\framework\src\Illuminate\Database\Eloquent\Model.php:2556
at database\seeders\RolesAndPermissionsSeeder.php:48
at database\seeders\RolesAndPermissionsSeeder.php:19
at vendor\laravel\framework\src\Illuminate\Container\BoundMethod.php:36
at vendor\laravel\framework\src\Illuminate\Container\Util.php:43
at vendor\laravel\framework\src\Illuminate\Container\BoundMethod.php:96
at vendor\laravel\framework\src\Illuminate\Container\BoundMethod.php:35
at vendor\laravel\framework\src\Illuminate\Container\Container.php:799
at vendor\laravel\framework\src\Illuminate\Database\Seeder.php:184
at vendor\laravel\framework\src\Illuminate\Database\Seeder.php:193
at vendor\laravel\framework\src\Illuminate\Database\Console\Seeds\SeedCommand.php:71
at vendor\laravel\framework\src\Illuminate\Database\Eloquent\Concerns\GuardsAttributes.php:157
at vendor\laravel\framework\src\Illuminate\Database\Console\Seeds\SeedCommand.php:70
at vendor\laravel\framework\src\Illuminate\Container\BoundMethod.php:36
at vendor\laravel\framework\src\Illuminate\Container\Util.php:43
at vendor\laravel\framework\src\Illuminate\Container\BoundMethod.php:96
at vendor\laravel\framework\src\Illuminate\Container\BoundMethod.php:35
at vendor\laravel\framework\src\Illuminate\Container\Container.php:799
at vendor\laravel\framework\src\Illuminate\Console\Command.php:211
at vendor\symfony\console\Command\Command.php:341
at vendor\laravel\framework\src\Illuminate\Console\Command.php:180
at vendor\symfony\console\Application.php:1079
at vendor\symfony\console\Application.php:356
at vendor\symfony\console\Application.php:195
at vendor\laravel\framework\src\Illuminate\Console\Application.php:165
at vendor\laravel\framework\src\Illuminate\Foundation\Console\Kernel.php:447
at vendor\laravel\framework\src\Illuminate\Testing\PendingCommand.php:451
at vendor\laravel\framework\src\Illuminate\Testing\PendingCommand.php:675
at vendor\laravel\framework\src\Illuminate\Foundation\Testing\Concerns\InteractsWithConsole.php:87
at vendor\laravel\framework\src\Illuminate\Foundation\Testing\Concerns\InteractsWithDatabase.php:362
at tests\Feature\E2E\BaseE2ETest.php:28</error>
      </testcase>
    </testsuite>
    <testsuite name="OfflineSyncE2ETest" file="Offline Sync E2E" tests="9" assertions="0" errors="9" failures="0" skipped="0" time="0.000000">
      <testcase name="Offline issue creation and sync with id migration" file="Offline Sync E2E::Offline issue creation and sync with id migration" class="OfflineSyncE2ETest" classname="OfflineSyncE2ETest" assertions="0" time="0.000000">
        <error type="Illuminate\Database\QueryException">Offline issue creation and sync with id migrationIlluminate\Database\QueryException: SQLSTATE[42S02]: Base table or view not found: 1146 Table 'laravel_test.permissions' doesn't exist (Connection: mysql, Host: localhost, Port: 3306, Database: laravel_test, SQL: select * from `permissions` where (`name` = ViewAny:User and `guard_name` = web) limit 1)&#13;
at vendor\laravel\framework\src\Illuminate\Database\Connection.php:420
at vendor\laravel\framework\src\Illuminate\Database\Connection.php:827
at vendor\laravel\framework\src\Illuminate\Database\Connection.php:794
at vendor\laravel\framework\src\Illuminate\Database\Connection.php:411
at vendor\laravel\framework\src\Illuminate\Database\Query\Builder.php:3389
at vendor\laravel\framework\src\Illuminate\Database\Query\Builder.php:3374
at vendor\laravel\framework\src\Illuminate\Database\Query\Builder.php:3964
at vendor\laravel\framework\src\Illuminate\Database\Query\Builder.php:3373
at vendor\laravel\framework\src\Illuminate\Database\Eloquent\Builder.php:902
at vendor\laravel\framework\src\Illuminate\Database\Eloquent\Builder.php:884
at vendor\laravel\framework\src\Illuminate\Database\Concerns\BuildsQueries.php:366
at vendor\laravel\framework\src\Illuminate\Database\Eloquent\Builder.php:708
at vendor\laravel\framework\src\Illuminate\Support\Traits\ForwardsCalls.php:23
at vendor\laravel\framework\src\Illuminate\Database\Eloquent\Model.php:2540
at vendor\laravel\framework\src\Illuminate\Database\Eloquent\Model.php:2556
at database\seeders\RolesAndPermissionsSeeder.php:48
at database\seeders\RolesAndPermissionsSeeder.php:19
at vendor\laravel\framework\src\Illuminate\Container\BoundMethod.php:36
at vendor\laravel\framework\src\Illuminate\Container\Util.php:43
at vendor\laravel\framework\src\Illuminate\Container\BoundMethod.php:96
at vendor\laravel\framework\src\Illuminate\Container\BoundMethod.php:35
at vendor\laravel\framework\src\Illuminate\Container\Container.php:799
at vendor\laravel\framework\src\Illuminate\Database\Seeder.php:184
at vendor\laravel\framework\src\Illuminate\Database\Seeder.php:193
at vendor\laravel\framework\src\Illuminate\Database\Console\Seeds\SeedCommand.php:71
at vendor\laravel\framework\src\Illuminate\Database\Eloquent\Concerns\GuardsAttributes.php:157
at vendor\laravel\framework\src\Illuminate\Database\Console\Seeds\SeedCommand.php:70
at vendor\laravel\framework\src\Illuminate\Container\BoundMethod.php:36
at vendor\laravel\framework\src\Illuminate\Container\Util.php:43
at vendor\laravel\framework\src\Illuminate\Container\BoundMethod.php:96
at vendor\laravel\framework\src\Illuminate\Container\BoundMethod.php:35
at vendor\laravel\framework\src\Illuminate\Container\Container.php:799
at vendor\laravel\framework\src\Illuminate\Console\Command.php:211
at vendor\symfony\console\Command\Command.php:341
at vendor\laravel\framework\src\Illuminate\Console\Command.php:180
at vendor\symfony\console\Application.php:1079
at vendor\symfony\console\Application.php:356
at vendor\symfony\console\Application.php:195
at vendor\laravel\framework\src\Illuminate\Console\Application.php:165
at vendor\laravel\framework\src\Illuminate\Foundation\Console\Kernel.php:447
at vendor\laravel\framework\src\Illuminate\Testing\PendingCommand.php:451
at vendor\laravel\framework\src\Illuminate\Testing\PendingCommand.php:675
at vendor\laravel\framework\src\Illuminate\Foundation\Testing\Concerns\InteractsWithConsole.php:87
at vendor\laravel\framework\src\Illuminate\Foundation\Testing\Concerns\InteractsWithDatabase.php:362
at tests\Feature\E2E\BaseE2ETest.php:28
Caused by
PDOException: SQLSTATE[42S02]: Base table or view not found: 1146 Table 'laravel_test.permissions' doesn't exist

at vendor\laravel\framework\src\Illuminate\Database\Connection.php:420
at vendor\laravel\framework\src\Illuminate\Database\Connection.php:827
at vendor\laravel\framework\src\Illuminate\Database\Connection.php:794
at vendor\laravel\framework\src\Illuminate\Database\Connection.php:411
at vendor\laravel\framework\src\Illuminate\Database\Query\Builder.php:3389
at vendor\laravel\framework\src\Illuminate\Database\Query\Builder.php:3374
at vendor\laravel\framework\src\Illuminate\Database\Query\Builder.php:3964
at vendor\laravel\framework\src\Illuminate\Database\Query\Builder.php:3373
at vendor\laravel\framework\src\Illuminate\Database\Eloquent\Builder.php:902
at vendor\laravel\framework\src\Illuminate\Database\Eloquent\Builder.php:884
at vendor\laravel\framework\src\Illuminate\Database\Concerns\BuildsQueries.php:366
at vendor\laravel\framework\src\Illuminate\Database\Eloquent\Builder.php:708
at vendor\laravel\framework\src\Illuminate\Support\Traits\ForwardsCalls.php:23
at vendor\laravel\framework\src\Illuminate\Database\Eloquent\Model.php:2540
at vendor\laravel\framework\src\Illuminate\Database\Eloquent\Model.php:2556
at database\seeders\RolesAndPermissionsSeeder.php:48
at database\seeders\RolesAndPermissionsSeeder.php:19
at vendor\laravel\framework\src\Illuminate\Container\BoundMethod.php:36
at vendor\laravel\framework\src\Illuminate\Container\Util.php:43
at vendor\laravel\framework\src\Illuminate\Container\BoundMethod.php:96
at vendor\laravel\framework\src\Illuminate\Container\BoundMethod.php:35
at vendor\laravel\framework\src\Illuminate\Container\Container.php:799
at vendor\laravel\framework\src\Illuminate\Database\Seeder.php:184
at vendor\laravel\framework\src\Illuminate\Database\Seeder.php:193
at vendor\laravel\framework\src\Illuminate\Database\Console\Seeds\SeedCommand.php:71
at vendor\laravel\framework\src\Illuminate\Database\Eloquent\Concerns\GuardsAttributes.php:157
at vendor\laravel\framework\src\Illuminate\Database\Console\Seeds\SeedCommand.php:70
at vendor\laravel\framework\src\Illuminate\Container\BoundMethod.php:36
at vendor\laravel\framework\src\Illuminate\Container\Util.php:43
at vendor\laravel\framework\src\Illuminate\Container\BoundMethod.php:96
at vendor\laravel\framework\src\Illuminate\Container\BoundMethod.php:35
at vendor\laravel\framework\src\Illuminate\Container\Container.php:799
at vendor\laravel\framework\src\Illuminate\Console\Command.php:211
at vendor\symfony\console\Command\Command.php:341
at vendor\laravel\framework\src\Illuminate\Console\Command.php:180
at vendor\symfony\console\Application.php:1079
at vendor\symfony\console\Application.php:356
at vendor\symfony\console\Application.php:195
at vendor\laravel\framework\src\Illuminate\Console\Application.php:165
at vendor\laravel\framework\src\Illuminate\Foundation\Console\Kernel.php:447
at vendor\laravel\framework\src\Illuminate\Testing\PendingCommand.php:451
at vendor\laravel\framework\src\Illuminate\Testing\PendingCommand.php:675
at vendor\laravel\framework\src\Illuminate\Foundation\Testing\Concerns\InteractsWithConsole.php:87
at vendor\laravel\framework\src\Illuminate\Foundation\Testing\Concerns\InteractsWithDatabase.php:362
at tests\Feature\E2E\BaseE2ETest.php:28</error>
      </testcase>
      <testcase name="Offline issue with location data syncs correctly" file="Offline Sync E2E::Offline issue with location data syncs correctly" class="OfflineSyncE2ETest" classname="OfflineSyncE2ETest" assertions="0" time="0.000000">
        <error type="Illuminate\Database\QueryException">Offline issue with location data syncs correctlyIlluminate\Database\QueryException: SQLSTATE[42S02]: Base table or view not found: 1146 Table 'laravel_test.permissions' doesn't exist (Connection: mysql, Host: localhost, Port: 3306, Database: laravel_test, SQL: select * from `permissions` where (`name` = ViewAny:User and `guard_name` = web) limit 1)&#13;
at vendor\laravel\framework\src\Illuminate\Database\Connection.php:420
at vendor\laravel\framework\src\Illuminate\Database\Connection.php:827
at vendor\laravel\framework\src\Illuminate\Database\Connection.php:794
at vendor\laravel\framework\src\Illuminate\Database\Connection.php:411
at vendor\laravel\framework\src\Illuminate\Database\Query\Builder.php:3389
at vendor\laravel\framework\src\Illuminate\Database\Query\Builder.php:3374
at vendor\laravel\framework\src\Illuminate\Database\Query\Builder.php:3964
at vendor\laravel\framework\src\Illuminate\Database\Query\Builder.php:3373
at vendor\laravel\framework\src\Illuminate\Database\Eloquent\Builder.php:902
at vendor\laravel\framework\src\Illuminate\Database\Eloquent\Builder.php:884
at vendor\laravel\framework\src\Illuminate\Database\Concerns\BuildsQueries.php:366
at vendor\laravel\framework\src\Illuminate\Database\Eloquent\Builder.php:708
at vendor\laravel\framework\src\Illuminate\Support\Traits\ForwardsCalls.php:23
at vendor\laravel\framework\src\Illuminate\Database\Eloquent\Model.php:2540
at vendor\laravel\framework\src\Illuminate\Database\Eloquent\Model.php:2556
at database\seeders\RolesAndPermissionsSeeder.php:48
at database\seeders\RolesAndPermissionsSeeder.php:19
at vendor\laravel\framework\src\Illuminate\Container\BoundMethod.php:36
at vendor\laravel\framework\src\Illuminate\Container\Util.php:43
at vendor\laravel\framework\src\Illuminate\Container\BoundMethod.php:96
at vendor\laravel\framework\src\Illuminate\Container\BoundMethod.php:35
at vendor\laravel\framework\src\Illuminate\Container\Container.php:799
at vendor\laravel\framework\src\Illuminate\Database\Seeder.php:184
at vendor\laravel\framework\src\Illuminate\Database\Seeder.php:193
at vendor\laravel\framework\src\Illuminate\Database\Console\Seeds\SeedCommand.php:71
at vendor\laravel\framework\src\Illuminate\Database\Eloquent\Concerns\GuardsAttributes.php:157
at vendor\laravel\framework\src\Illuminate\Database\Console\Seeds\SeedCommand.php:70
at vendor\laravel\framework\src\Illuminate\Container\BoundMethod.php:36
at vendor\laravel\framework\src\Illuminate\Container\Util.php:43
at vendor\laravel\framework\src\Illuminate\Container\BoundMethod.php:96
at vendor\laravel\framework\src\Illuminate\Container\BoundMethod.php:35
at vendor\laravel\framework\src\Illuminate\Container\Container.php:799
at vendor\laravel\framework\src\Illuminate\Console\Command.php:211
at vendor\symfony\console\Command\Command.php:341
at vendor\laravel\framework\src\Illuminate\Console\Command.php:180
at vendor\symfony\console\Application.php:1079
at vendor\symfony\console\Application.php:356
at vendor\symfony\console\Application.php:195
at vendor\laravel\framework\src\Illuminate\Console\Application.php:165
at vendor\laravel\framework\src\Illuminate\Foundation\Console\Kernel.php:447
at vendor\laravel\framework\src\Illuminate\Testing\PendingCommand.php:451
at vendor\laravel\framework\src\Illuminate\Testing\PendingCommand.php:675
at vendor\laravel\framework\src\Illuminate\Foundation\Testing\Concerns\InteractsWithConsole.php:87
at vendor\laravel\framework\src\Illuminate\Foundation\Testing\Concerns\InteractsWithDatabase.php:362
at tests\Feature\E2E\BaseE2ETest.php:28
Caused by
PDOException: SQLSTATE[42S02]: Base table or view not found: 1146 Table 'laravel_test.permissions' doesn't exist

at vendor\laravel\framework\src\Illuminate\Database\Connection.php:420
at vendor\laravel\framework\src\Illuminate\Database\Connection.php:827
at vendor\laravel\framework\src\Illuminate\Database\Connection.php:794
at vendor\laravel\framework\src\Illuminate\Database\Connection.php:411
at vendor\laravel\framework\src\Illuminate\Database\Query\Builder.php:3389
at vendor\laravel\framework\src\Illuminate\Database\Query\Builder.php:3374
at vendor\laravel\framework\src\Illuminate\Database\Query\Builder.php:3964
at vendor\laravel\framework\src\Illuminate\Database\Query\Builder.php:3373
at vendor\laravel\framework\src\Illuminate\Database\Eloquent\Builder.php:902
at vendor\laravel\framework\src\Illuminate\Database\Eloquent\Builder.php:884
at vendor\laravel\framework\src\Illuminate\Database\Concerns\BuildsQueries.php:366
at vendor\laravel\framework\src\Illuminate\Database\Eloquent\Builder.php:708
at vendor\laravel\framework\src\Illuminate\Support\Traits\ForwardsCalls.php:23
at vendor\laravel\framework\src\Illuminate\Database\Eloquent\Model.php:2540
at vendor\laravel\framework\src\Illuminate\Database\Eloquent\Model.php:2556
at database\seeders\RolesAndPermissionsSeeder.php:48
at database\seeders\RolesAndPermissionsSeeder.php:19
at vendor\laravel\framework\src\Illuminate\Container\BoundMethod.php:36
at vendor\laravel\framework\src\Illuminate\Container\Util.php:43
at vendor\laravel\framework\src\Illuminate\Container\BoundMethod.php:96
at vendor\laravel\framework\src\Illuminate\Container\BoundMethod.php:35
at vendor\laravel\framework\src\Illuminate\Container\Container.php:799
at vendor\laravel\framework\src\Illuminate\Database\Seeder.php:184
at vendor\laravel\framework\src\Illuminate\Database\Seeder.php:193
at vendor\laravel\framework\src\Illuminate\Database\Console\Seeds\SeedCommand.php:71
at vendor\laravel\framework\src\Illuminate\Database\Eloquent\Concerns\GuardsAttributes.php:157
at vendor\laravel\framework\src\Illuminate\Database\Console\Seeds\SeedCommand.php:70
at vendor\laravel\framework\src\Illuminate\Container\BoundMethod.php:36
at vendor\laravel\framework\src\Illuminate\Container\Util.php:43
at vendor\laravel\framework\src\Illuminate\Container\BoundMethod.php:96
at vendor\laravel\framework\src\Illuminate\Container\BoundMethod.php:35
at vendor\laravel\framework\src\Illuminate\Container\Container.php:799
at vendor\laravel\framework\src\Illuminate\Console\Command.php:211
at vendor\symfony\console\Command\Command.php:341
at vendor\laravel\framework\src\Illuminate\Console\Command.php:180
at vendor\symfony\console\Application.php:1079
at vendor\symfony\console\Application.php:356
at vendor\symfony\console\Application.php:195
at vendor\laravel\framework\src\Illuminate\Console\Application.php:165
at vendor\laravel\framework\src\Illuminate\Foundation\Console\Kernel.php:447
at vendor\laravel\framework\src\Illuminate\Testing\PendingCommand.php:451
at vendor\laravel\framework\src\Illuminate\Testing\PendingCommand.php:675
at vendor\laravel\framework\src\Illuminate\Foundation\Testing\Concerns\InteractsWithConsole.php:87
at vendor\laravel\framework\src\Illuminate\Foundation\Testing\Concerns\InteractsWithDatabase.php:362
at tests\Feature\E2E\BaseE2ETest.php:28</error>
      </testcase>
      <testcase name="Multiple offline issues sync in fifo order" file="Offline Sync E2E::Multiple offline issues sync in fifo order" class="OfflineSyncE2ETest" classname="OfflineSyncE2ETest" assertions="0" time="0.000000">
        <error type="Illuminate\Database\QueryException">Multiple offline issues sync in fifo orderIlluminate\Database\QueryException: SQLSTATE[42S02]: Base table or view not found: 1146 Table 'laravel_test.permissions' doesn't exist (Connection: mysql, Host: localhost, Port: 3306, Database: laravel_test, SQL: select * from `permissions` where (`name` = ViewAny:User and `guard_name` = web) limit 1)&#13;
at vendor\laravel\framework\src\Illuminate\Database\Connection.php:420
at vendor\laravel\framework\src\Illuminate\Database\Connection.php:827
at vendor\laravel\framework\src\Illuminate\Database\Connection.php:794
at vendor\laravel\framework\src\Illuminate\Database\Connection.php:411
at vendor\laravel\framework\src\Illuminate\Database\Query\Builder.php:3389
at vendor\laravel\framework\src\Illuminate\Database\Query\Builder.php:3374
at vendor\laravel\framework\src\Illuminate\Database\Query\Builder.php:3964
at vendor\laravel\framework\src\Illuminate\Database\Query\Builder.php:3373
at vendor\laravel\framework\src\Illuminate\Database\Eloquent\Builder.php:902
at vendor\laravel\framework\src\Illuminate\Database\Eloquent\Builder.php:884
at vendor\laravel\framework\src\Illuminate\Database\Concerns\BuildsQueries.php:366
at vendor\laravel\framework\src\Illuminate\Database\Eloquent\Builder.php:708
at vendor\laravel\framework\src\Illuminate\Support\Traits\ForwardsCalls.php:23
at vendor\laravel\framework\src\Illuminate\Database\Eloquent\Model.php:2540
at vendor\laravel\framework\src\Illuminate\Database\Eloquent\Model.php:2556
at database\seeders\RolesAndPermissionsSeeder.php:48
at database\seeders\RolesAndPermissionsSeeder.php:19
at vendor\laravel\framework\src\Illuminate\Container\BoundMethod.php:36
at vendor\laravel\framework\src\Illuminate\Container\Util.php:43
at vendor\laravel\framework\src\Illuminate\Container\BoundMethod.php:96
at vendor\laravel\framework\src\Illuminate\Container\BoundMethod.php:35
at vendor\laravel\framework\src\Illuminate\Container\Container.php:799
at vendor\laravel\framework\src\Illuminate\Database\Seeder.php:184
at vendor\laravel\framework\src\Illuminate\Database\Seeder.php:193
at vendor\laravel\framework\src\Illuminate\Database\Console\Seeds\SeedCommand.php:71
at vendor\laravel\framework\src\Illuminate\Database\Eloquent\Concerns\GuardsAttributes.php:157
at vendor\laravel\framework\src\Illuminate\Database\Console\Seeds\SeedCommand.php:70
at vendor\laravel\framework\src\Illuminate\Container\BoundMethod.php:36
at vendor\laravel\framework\src\Illuminate\Container\Util.php:43
at vendor\laravel\framework\src\Illuminate\Container\BoundMethod.php:96
at vendor\laravel\framework\src\Illuminate\Container\BoundMethod.php:35
at vendor\laravel\framework\src\Illuminate\Container\Container.php:799
at vendor\laravel\framework\src\Illuminate\Console\Command.php:211
at vendor\symfony\console\Command\Command.php:341
at vendor\laravel\framework\src\Illuminate\Console\Command.php:180
at vendor\symfony\console\Application.php:1079
at vendor\symfony\console\Application.php:356
at vendor\symfony\console\Application.php:195
at vendor\laravel\framework\src\Illuminate\Console\Application.php:165
at vendor\laravel\framework\src\Illuminate\Foundation\Console\Kernel.php:447
at vendor\laravel\framework\src\Illuminate\Testing\PendingCommand.php:451
at vendor\laravel\framework\src\Illuminate\Testing\PendingCommand.php:675
at vendor\laravel\framework\src\Illuminate\Foundation\Testing\Concerns\InteractsWithConsole.php:87
at vendor\laravel\framework\src\Illuminate\Foundation\Testing\Concerns\InteractsWithDatabase.php:362
at tests\Feature\E2E\BaseE2ETest.php:28
Caused by
PDOException: SQLSTATE[42S02]: Base table or view not found: 1146 Table 'laravel_test.permissions' doesn't exist

at vendor\laravel\framework\src\Illuminate\Database\Connection.php:420
at vendor\laravel\framework\src\Illuminate\Database\Connection.php:827
at vendor\laravel\framework\src\Illuminate\Database\Connection.php:794
at vendor\laravel\framework\src\Illuminate\Database\Connection.php:411
at vendor\laravel\framework\src\Illuminate\Database\Query\Builder.php:3389
at vendor\laravel\framework\src\Illuminate\Database\Query\Builder.php:3374
at vendor\laravel\framework\src\Illuminate\Database\Query\Builder.php:3964
at vendor\laravel\framework\src\Illuminate\Database\Query\Builder.php:3373
at vendor\laravel\framework\src\Illuminate\Database\Eloquent\Builder.php:902
at vendor\laravel\framework\src\Illuminate\Database\Eloquent\Builder.php:884
at vendor\laravel\framework\src\Illuminate\Database\Concerns\BuildsQueries.php:366
at vendor\laravel\framework\src\Illuminate\Database\Eloquent\Builder.php:708
at vendor\laravel\framework\src\Illuminate\Support\Traits\ForwardsCalls.php:23
at vendor\laravel\framework\src\Illuminate\Database\Eloquent\Model.php:2540
at vendor\laravel\framework\src\Illuminate\Database\Eloquent\Model.php:2556
at database\seeders\RolesAndPermissionsSeeder.php:48
at database\seeders\RolesAndPermissionsSeeder.php:19
at vendor\laravel\framework\src\Illuminate\Container\BoundMethod.php:36
at vendor\laravel\framework\src\Illuminate\Container\Util.php:43
at vendor\laravel\framework\src\Illuminate\Container\BoundMethod.php:96
at vendor\laravel\framework\src\Illuminate\Container\BoundMethod.php:35
at vendor\laravel\framework\src\Illuminate\Container\Container.php:799
at vendor\laravel\framework\src\Illuminate\Database\Seeder.php:184
at vendor\laravel\framework\src\Illuminate\Database\Seeder.php:193
at vendor\laravel\framework\src\Illuminate\Database\Console\Seeds\SeedCommand.php:71
at vendor\laravel\framework\src\Illuminate\Database\Eloquent\Concerns\GuardsAttributes.php:157
at vendor\laravel\framework\src\Illuminate\Database\Console\Seeds\SeedCommand.php:70
at vendor\laravel\framework\src\Illuminate\Container\BoundMethod.php:36
at vendor\laravel\framework\src\Illuminate\Container\Util.php:43
at vendor\laravel\framework\src\Illuminate\Container\BoundMethod.php:96
at vendor\laravel\framework\src\Illuminate\Container\BoundMethod.php:35
at vendor\laravel\framework\src\Illuminate\Container\Container.php:799
at vendor\laravel\framework\src\Illuminate\Console\Command.php:211
at vendor\symfony\console\Command\Command.php:341
at vendor\laravel\framework\src\Illuminate\Console\Command.php:180
at vendor\symfony\console\Application.php:1079
at vendor\symfony\console\Application.php:356
at vendor\symfony\console\Application.php:195
at vendor\laravel\framework\src\Illuminate\Console\Application.php:165
at vendor\laravel\framework\src\Illuminate\Foundation\Console\Kernel.php:447
at vendor\laravel\framework\src\Illuminate\Testing\PendingCommand.php:451
at vendor\laravel\framework\src\Illuminate\Testing\PendingCommand.php:675
at vendor\laravel\framework\src\Illuminate\Foundation\Testing\Concerns\InteractsWithConsole.php:87
at vendor\laravel\framework\src\Illuminate\Foundation\Testing\Concerns\InteractsWithDatabase.php:362
at tests\Feature\E2E\BaseE2ETest.php:28</error>
      </testcase>
      <testcase name="Offline issue update syncs correctly" file="Offline Sync E2E::Offline issue update syncs correctly" class="OfflineSyncE2ETest" classname="OfflineSyncE2ETest" assertions="0" time="0.000000">
        <error type="Illuminate\Database\QueryException">Offline issue update syncs correctlyIlluminate\Database\QueryException: SQLSTATE[42S02]: Base table or view not found: 1146 Table 'laravel_test.permissions' doesn't exist (Connection: mysql, Host: localhost, Port: 3306, Database: laravel_test, SQL: select * from `permissions` where (`name` = ViewAny:User and `guard_name` = web) limit 1)&#13;
at vendor\laravel\framework\src\Illuminate\Database\Connection.php:420
at vendor\laravel\framework\src\Illuminate\Database\Connection.php:827
at vendor\laravel\framework\src\Illuminate\Database\Connection.php:794
at vendor\laravel\framework\src\Illuminate\Database\Connection.php:411
at vendor\laravel\framework\src\Illuminate\Database\Query\Builder.php:3389
at vendor\laravel\framework\src\Illuminate\Database\Query\Builder.php:3374
at vendor\laravel\framework\src\Illuminate\Database\Query\Builder.php:3964
at vendor\laravel\framework\src\Illuminate\Database\Query\Builder.php:3373
at vendor\laravel\framework\src\Illuminate\Database\Eloquent\Builder.php:902
at vendor\laravel\framework\src\Illuminate\Database\Eloquent\Builder.php:884
at vendor\laravel\framework\src\Illuminate\Database\Concerns\BuildsQueries.php:366
at vendor\laravel\framework\src\Illuminate\Database\Eloquent\Builder.php:708
at vendor\laravel\framework\src\Illuminate\Support\Traits\ForwardsCalls.php:23
at vendor\laravel\framework\src\Illuminate\Database\Eloquent\Model.php:2540
at vendor\laravel\framework\src\Illuminate\Database\Eloquent\Model.php:2556
at database\seeders\RolesAndPermissionsSeeder.php:48
at database\seeders\RolesAndPermissionsSeeder.php:19
at vendor\laravel\framework\src\Illuminate\Container\BoundMethod.php:36
at vendor\laravel\framework\src\Illuminate\Container\Util.php:43
at vendor\laravel\framework\src\Illuminate\Container\BoundMethod.php:96
at vendor\laravel\framework\src\Illuminate\Container\BoundMethod.php:35
at vendor\laravel\framework\src\Illuminate\Container\Container.php:799
at vendor\laravel\framework\src\Illuminate\Database\Seeder.php:184
at vendor\laravel\framework\src\Illuminate\Database\Seeder.php:193
at vendor\laravel\framework\src\Illuminate\Database\Console\Seeds\SeedCommand.php:71
at vendor\laravel\framework\src\Illuminate\Database\Eloquent\Concerns\GuardsAttributes.php:157
at vendor\laravel\framework\src\Illuminate\Database\Console\Seeds\SeedCommand.php:70
at vendor\laravel\framework\src\Illuminate\Container\BoundMethod.php:36
at vendor\laravel\framework\src\Illuminate\Container\Util.php:43
at vendor\laravel\framework\src\Illuminate\Container\BoundMethod.php:96
at vendor\laravel\framework\src\Illuminate\Container\BoundMethod.php:35
at vendor\laravel\framework\src\Illuminate\Container\Container.php:799
at vendor\laravel\framework\src\Illuminate\Console\Command.php:211
at vendor\symfony\console\Command\Command.php:341
at vendor\laravel\framework\src\Illuminate\Console\Command.php:180
at vendor\symfony\console\Application.php:1079
at vendor\symfony\console\Application.php:356
at vendor\symfony\console\Application.php:195
at vendor\laravel\framework\src\Illuminate\Console\Application.php:165
at vendor\laravel\framework\src\Illuminate\Foundation\Console\Kernel.php:447
at vendor\laravel\framework\src\Illuminate\Testing\PendingCommand.php:451
at vendor\laravel\framework\src\Illuminate\Testing\PendingCommand.php:675
at vendor\laravel\framework\src\Illuminate\Foundation\Testing\Concerns\InteractsWithConsole.php:87
at vendor\laravel\framework\src\Illuminate\Foundation\Testing\Concerns\InteractsWithDatabase.php:362
at tests\Feature\E2E\BaseE2ETest.php:28
Caused by
PDOException: SQLSTATE[42S02]: Base table or view not found: 1146 Table 'laravel_test.permissions' doesn't exist

at vendor\laravel\framework\src\Illuminate\Database\Connection.php:420
at vendor\laravel\framework\src\Illuminate\Database\Connection.php:827
at vendor\laravel\framework\src\Illuminate\Database\Connection.php:794
at vendor\laravel\framework\src\Illuminate\Database\Connection.php:411
at vendor\laravel\framework\src\Illuminate\Database\Query\Builder.php:3389
at vendor\laravel\framework\src\Illuminate\Database\Query\Builder.php:3374
at vendor\laravel\framework\src\Illuminate\Database\Query\Builder.php:3964
at vendor\laravel\framework\src\Illuminate\Database\Query\Builder.php:3373
at vendor\laravel\framework\src\Illuminate\Database\Eloquent\Builder.php:902
at vendor\laravel\framework\src\Illuminate\Database\Eloquent\Builder.php:884
at vendor\laravel\framework\src\Illuminate\Database\Concerns\BuildsQueries.php:366
at vendor\laravel\framework\src\Illuminate\Database\Eloquent\Builder.php:708
at vendor\laravel\framework\src\Illuminate\Support\Traits\ForwardsCalls.php:23
at vendor\laravel\framework\src\Illuminate\Database\Eloquent\Model.php:2540
at vendor\laravel\framework\src\Illuminate\Database\Eloquent\Model.php:2556
at database\seeders\RolesAndPermissionsSeeder.php:48
at database\seeders\RolesAndPermissionsSeeder.php:19
at vendor\laravel\framework\src\Illuminate\Container\BoundMethod.php:36
at vendor\laravel\framework\src\Illuminate\Container\Util.php:43
at vendor\laravel\framework\src\Illuminate\Container\BoundMethod.php:96
at vendor\laravel\framework\src\Illuminate\Container\BoundMethod.php:35
at vendor\laravel\framework\src\Illuminate\Container\Container.php:799
at vendor\laravel\framework\src\Illuminate\Database\Seeder.php:184
at vendor\laravel\framework\src\Illuminate\Database\Seeder.php:193
at vendor\laravel\framework\src\Illuminate\Database\Console\Seeds\SeedCommand.php:71
at vendor\laravel\framework\src\Illuminate\Database\Eloquent\Concerns\GuardsAttributes.php:157
at vendor\laravel\framework\src\Illuminate\Database\Console\Seeds\SeedCommand.php:70
at vendor\laravel\framework\src\Illuminate\Container\BoundMethod.php:36
at vendor\laravel\framework\src\Illuminate\Container\Util.php:43
at vendor\laravel\framework\src\Illuminate\Container\BoundMethod.php:96
at vendor\laravel\framework\src\Illuminate\Container\BoundMethod.php:35
at vendor\laravel\framework\src\Illuminate\Container\Container.php:799
at vendor\laravel\framework\src\Illuminate\Console\Command.php:211
at vendor\symfony\console\Command\Command.php:341
at vendor\laravel\framework\src\Illuminate\Console\Command.php:180
at vendor\symfony\console\Application.php:1079
at vendor\symfony\console\Application.php:356
at vendor\symfony\console\Application.php:195
at vendor\laravel\framework\src\Illuminate\Console\Application.php:165
at vendor\laravel\framework\src\Illuminate\Foundation\Console\Kernel.php:447
at vendor\laravel\framework\src\Illuminate\Testing\PendingCommand.php:451
at vendor\laravel\framework\src\Illuminate\Testing\PendingCommand.php:675
at vendor\laravel\framework\src\Illuminate\Foundation\Testing\Concerns\InteractsWithConsole.php:87
at vendor\laravel\framework\src\Illuminate\Foundation\Testing\Concerns\InteractsWithDatabase.php:362
at tests\Feature\E2E\BaseE2ETest.php:28</error>
      </testcase>
      <testcase name="Duplicate sync requests are idempotent" file="Offline Sync E2E::Duplicate sync requests are idempotent" class="OfflineSyncE2ETest" classname="OfflineSyncE2ETest" assertions="0" time="0.000000">
        <error type="Illuminate\Database\QueryException">Duplicate sync requests are idempotentIlluminate\Database\QueryException: SQLSTATE[42S02]: Base table or view not found: 1146 Table 'laravel_test.permissions' doesn't exist (Connection: mysql, Host: localhost, Port: 3306, Database: laravel_test, SQL: select * from `permissions` where (`name` = ViewAny:User and `guard_name` = web) limit 1)&#13;
at vendor\laravel\framework\src\Illuminate\Database\Connection.php:420
at vendor\laravel\framework\src\Illuminate\Database\Connection.php:827
at vendor\laravel\framework\src\Illuminate\Database\Connection.php:794
at vendor\laravel\framework\src\Illuminate\Database\Connection.php:411
at vendor\laravel\framework\src\Illuminate\Database\Query\Builder.php:3389
at vendor\laravel\framework\src\Illuminate\Database\Query\Builder.php:3374
at vendor\laravel\framework\src\Illuminate\Database\Query\Builder.php:3964
at vendor\laravel\framework\src\Illuminate\Database\Query\Builder.php:3373
at vendor\laravel\framework\src\Illuminate\Database\Eloquent\Builder.php:902
at vendor\laravel\framework\src\Illuminate\Database\Eloquent\Builder.php:884
at vendor\laravel\framework\src\Illuminate\Database\Concerns\BuildsQueries.php:366
at vendor\laravel\framework\src\Illuminate\Database\Eloquent\Builder.php:708
at vendor\laravel\framework\src\Illuminate\Support\Traits\ForwardsCalls.php:23
at vendor\laravel\framework\src\Illuminate\Database\Eloquent\Model.php:2540
at vendor\laravel\framework\src\Illuminate\Database\Eloquent\Model.php:2556
at database\seeders\RolesAndPermissionsSeeder.php:48
at database\seeders\RolesAndPermissionsSeeder.php:19
at vendor\laravel\framework\src\Illuminate\Container\BoundMethod.php:36
at vendor\laravel\framework\src\Illuminate\Container\Util.php:43
at vendor\laravel\framework\src\Illuminate\Container\BoundMethod.php:96
at vendor\laravel\framework\src\Illuminate\Container\BoundMethod.php:35
at vendor\laravel\framework\src\Illuminate\Container\Container.php:799
at vendor\laravel\framework\src\Illuminate\Database\Seeder.php:184
at vendor\laravel\framework\src\Illuminate\Database\Seeder.php:193
at vendor\laravel\framework\src\Illuminate\Database\Console\Seeds\SeedCommand.php:71
at vendor\laravel\framework\src\Illuminate\Database\Eloquent\Concerns\GuardsAttributes.php:157
at vendor\laravel\framework\src\Illuminate\Database\Console\Seeds\SeedCommand.php:70
at vendor\laravel\framework\src\Illuminate\Container\BoundMethod.php:36
at vendor\laravel\framework\src\Illuminate\Container\Util.php:43
at vendor\laravel\framework\src\Illuminate\Container\BoundMethod.php:96
at vendor\laravel\framework\src\Illuminate\Container\BoundMethod.php:35
at vendor\laravel\framework\src\Illuminate\Container\Container.php:799
at vendor\laravel\framework\src\Illuminate\Console\Command.php:211
at vendor\symfony\console\Command\Command.php:341
at vendor\laravel\framework\src\Illuminate\Console\Command.php:180
at vendor\symfony\console\Application.php:1079
at vendor\symfony\console\Application.php:356
at vendor\symfony\console\Application.php:195
at vendor\laravel\framework\src\Illuminate\Console\Application.php:165
at vendor\laravel\framework\src\Illuminate\Foundation\Console\Kernel.php:447
at vendor\laravel\framework\src\Illuminate\Testing\PendingCommand.php:451
at vendor\laravel\framework\src\Illuminate\Testing\PendingCommand.php:675
at vendor\laravel\framework\src\Illuminate\Foundation\Testing\Concerns\InteractsWithConsole.php:87
at vendor\laravel\framework\src\Illuminate\Foundation\Testing\Concerns\InteractsWithDatabase.php:362
at tests\Feature\E2E\BaseE2ETest.php:28
Caused by
PDOException: SQLSTATE[42S02]: Base table or view not found: 1146 Table 'laravel_test.permissions' doesn't exist

at vendor\laravel\framework\src\Illuminate\Database\Connection.php:420
at vendor\laravel\framework\src\Illuminate\Database\Connection.php:827
at vendor\laravel\framework\src\Illuminate\Database\Connection.php:794
at vendor\laravel\framework\src\Illuminate\Database\Connection.php:411
at vendor\laravel\framework\src\Illuminate\Database\Query\Builder.php:3389
at vendor\laravel\framework\src\Illuminate\Database\Query\Builder.php:3374
at vendor\laravel\framework\src\Illuminate\Database\Query\Builder.php:3964
at vendor\laravel\framework\src\Illuminate\Database\Query\Builder.php:3373
at vendor\laravel\framework\src\Illuminate\Database\Eloquent\Builder.php:902
at vendor\laravel\framework\src\Illuminate\Database\Eloquent\Builder.php:884
at vendor\laravel\framework\src\Illuminate\Database\Concerns\BuildsQueries.php:366
at vendor\laravel\framework\src\Illuminate\Database\Eloquent\Builder.php:708
at vendor\laravel\framework\src\Illuminate\Support\Traits\ForwardsCalls.php:23
at vendor\laravel\framework\src\Illuminate\Database\Eloquent\Model.php:2540
at vendor\laravel\framework\src\Illuminate\Database\Eloquent\Model.php:2556
at database\seeders\RolesAndPermissionsSeeder.php:48
at database\seeders\RolesAndPermissionsSeeder.php:19
at vendor\laravel\framework\src\Illuminate\Container\BoundMethod.php:36
at vendor\laravel\framework\src\Illuminate\Container\Util.php:43
at vendor\laravel\framework\src\Illuminate\Container\BoundMethod.php:96
at vendor\laravel\framework\src\Illuminate\Container\BoundMethod.php:35
at vendor\laravel\framework\src\Illuminate\Container\Container.php:799
at vendor\laravel\framework\src\Illuminate\Database\Seeder.php:184
at vendor\laravel\framework\src\Illuminate\Database\Seeder.php:193
at vendor\laravel\framework\src\Illuminate\Database\Console\Seeds\SeedCommand.php:71
at vendor\laravel\framework\src\Illuminate\Database\Eloquent\Concerns\GuardsAttributes.php:157
at vendor\laravel\framework\src\Illuminate\Database\Console\Seeds\SeedCommand.php:70
at vendor\laravel\framework\src\Illuminate\Container\BoundMethod.php:36
at vendor\laravel\framework\src\Illuminate\Container\Util.php:43
at vendor\laravel\framework\src\Illuminate\Container\BoundMethod.php:96
at vendor\laravel\framework\src\Illuminate\Container\BoundMethod.php:35
at vendor\laravel\framework\src\Illuminate\Container\Container.php:799
at vendor\laravel\framework\src\Illuminate\Console\Command.php:211
at vendor\symfony\console\Command\Command.php:341
at vendor\laravel\framework\src\Illuminate\Console\Command.php:180
at vendor\symfony\console\Application.php:1079
at vendor\symfony\console\Application.php:356
at vendor\symfony\console\Application.php:195
at vendor\laravel\framework\src\Illuminate\Console\Application.php:165
at vendor\laravel\framework\src\Illuminate\Foundation\Console\Kernel.php:447
at vendor\laravel\framework\src\Illuminate\Testing\PendingCommand.php:451
at vendor\laravel\framework\src\Illuminate\Testing\PendingCommand.php:675
at vendor\laravel\framework\src\Illuminate\Foundation\Testing\Concerns\InteractsWithConsole.php:87
at vendor\laravel\framework\src\Illuminate\Foundation\Testing\Concerns\InteractsWithDatabase.php:362
at tests\Feature\E2E\BaseE2ETest.php:28</error>
      </testcase>
      <testcase name="Offline issue with pending status until synced" file="Offline Sync E2E::Offline issue with pending status until synced" class="OfflineSyncE2ETest" classname="OfflineSyncE2ETest" assertions="0" time="0.000000">
        <error type="Illuminate\Database\QueryException">Offline issue with pending status until syncedIlluminate\Database\QueryException: SQLSTATE[42S02]: Base table or view not found: 1146 Table 'laravel_test.permissions' doesn't exist (Connection: mysql, Host: localhost, Port: 3306, Database: laravel_test, SQL: select * from `permissions` where (`name` = ViewAny:User and `guard_name` = web) limit 1)&#13;
at vendor\laravel\framework\src\Illuminate\Database\Connection.php:420
at vendor\laravel\framework\src\Illuminate\Database\Connection.php:827
at vendor\laravel\framework\src\Illuminate\Database\Connection.php:794
at vendor\laravel\framework\src\Illuminate\Database\Connection.php:411
at vendor\laravel\framework\src\Illuminate\Database\Query\Builder.php:3389
at vendor\laravel\framework\src\Illuminate\Database\Query\Builder.php:3374
at vendor\laravel\framework\src\Illuminate\Database\Query\Builder.php:3964
at vendor\laravel\framework\src\Illuminate\Database\Query\Builder.php:3373
at vendor\laravel\framework\src\Illuminate\Database\Eloquent\Builder.php:902
at vendor\laravel\framework\src\Illuminate\Database\Eloquent\Builder.php:884
at vendor\laravel\framework\src\Illuminate\Database\Concerns\BuildsQueries.php:366
at vendor\laravel\framework\src\Illuminate\Database\Eloquent\Builder.php:708
at vendor\laravel\framework\src\Illuminate\Support\Traits\ForwardsCalls.php:23
at vendor\laravel\framework\src\Illuminate\Database\Eloquent\Model.php:2540
at vendor\laravel\framework\src\Illuminate\Database\Eloquent\Model.php:2556
at database\seeders\RolesAndPermissionsSeeder.php:48
at database\seeders\RolesAndPermissionsSeeder.php:19
at vendor\laravel\framework\src\Illuminate\Container\BoundMethod.php:36
at vendor\laravel\framework\src\Illuminate\Container\Util.php:43
at vendor\laravel\framework\src\Illuminate\Container\BoundMethod.php:96
at vendor\laravel\framework\src\Illuminate\Container\BoundMethod.php:35
at vendor\laravel\framework\src\Illuminate\Container\Container.php:799
at vendor\laravel\framework\src\Illuminate\Database\Seeder.php:184
at vendor\laravel\framework\src\Illuminate\Database\Seeder.php:193
at vendor\laravel\framework\src\Illuminate\Database\Console\Seeds\SeedCommand.php:71
at vendor\laravel\framework\src\Illuminate\Database\Eloquent\Concerns\GuardsAttributes.php:157
at vendor\laravel\framework\src\Illuminate\Database\Console\Seeds\SeedCommand.php:70
at vendor\laravel\framework\src\Illuminate\Container\BoundMethod.php:36
at vendor\laravel\framework\src\Illuminate\Container\Util.php:43
at vendor\laravel\framework\src\Illuminate\Container\BoundMethod.php:96
at vendor\laravel\framework\src\Illuminate\Container\BoundMethod.php:35
at vendor\laravel\framework\src\Illuminate\Container\Container.php:799
at vendor\laravel\framework\src\Illuminate\Console\Command.php:211
at vendor\symfony\console\Command\Command.php:341
at vendor\laravel\framework\src\Illuminate\Console\Command.php:180
at vendor\symfony\console\Application.php:1079
at vendor\symfony\console\Application.php:356
at vendor\symfony\console\Application.php:195
at vendor\laravel\framework\src\Illuminate\Console\Application.php:165
at vendor\laravel\framework\src\Illuminate\Foundation\Console\Kernel.php:447
at vendor\laravel\framework\src\Illuminate\Testing\PendingCommand.php:451
at vendor\laravel\framework\src\Illuminate\Testing\PendingCommand.php:675
at vendor\laravel\framework\src\Illuminate\Foundation\Testing\Concerns\InteractsWithConsole.php:87
at vendor\laravel\framework\src\Illuminate\Foundation\Testing\Concerns\InteractsWithDatabase.php:362
at tests\Feature\E2E\BaseE2ETest.php:28
Caused by
PDOException: SQLSTATE[42S02]: Base table or view not found: 1146 Table 'laravel_test.permissions' doesn't exist

at vendor\laravel\framework\src\Illuminate\Database\Connection.php:420
at vendor\laravel\framework\src\Illuminate\Database\Connection.php:827
at vendor\laravel\framework\src\Illuminate\Database\Connection.php:794
at vendor\laravel\framework\src\Illuminate\Database\Connection.php:411
at vendor\laravel\framework\src\Illuminate\Database\Query\Builder.php:3389
at vendor\laravel\framework\src\Illuminate\Database\Query\Builder.php:3374
at vendor\laravel\framework\src\Illuminate\Database\Query\Builder.php:3964
at vendor\laravel\framework\src\Illuminate\Database\Query\Builder.php:3373
at vendor\laravel\framework\src\Illuminate\Database\Eloquent\Builder.php:902
at vendor\laravel\framework\src\Illuminate\Database\Eloquent\Builder.php:884
at vendor\laravel\framework\src\Illuminate\Database\Concerns\BuildsQueries.php:366
at vendor\laravel\framework\src\Illuminate\Database\Eloquent\Builder.php:708
at vendor\laravel\framework\src\Illuminate\Support\Traits\ForwardsCalls.php:23
at vendor\laravel\framework\src\Illuminate\Database\Eloquent\Model.php:2540
at vendor\laravel\framework\src\Illuminate\Database\Eloquent\Model.php:2556
at database\seeders\RolesAndPermissionsSeeder.php:48
at database\seeders\RolesAndPermissionsSeeder.php:19
at vendor\laravel\framework\src\Illuminate\Container\BoundMethod.php:36
at vendor\laravel\framework\src\Illuminate\Container\Util.php:43
at vendor\laravel\framework\src\Illuminate\Container\BoundMethod.php:96
at vendor\laravel\framework\src\Illuminate\Container\BoundMethod.php:35
at vendor\laravel\framework\src\Illuminate\Container\Container.php:799
at vendor\laravel\framework\src\Illuminate\Database\Seeder.php:184
at vendor\laravel\framework\src\Illuminate\Database\Seeder.php:193
at vendor\laravel\framework\src\Illuminate\Database\Console\Seeds\SeedCommand.php:71
at vendor\laravel\framework\src\Illuminate\Database\Eloquent\Concerns\GuardsAttributes.php:157
at vendor\laravel\framework\src\Illuminate\Database\Console\Seeds\SeedCommand.php:70
at vendor\laravel\framework\src\Illuminate\Container\BoundMethod.php:36
at vendor\laravel\framework\src\Illuminate\Container\Util.php:43
at vendor\laravel\framework\src\Illuminate\Container\BoundMethod.php:96
at vendor\laravel\framework\src\Illuminate\Container\BoundMethod.php:35
at vendor\laravel\framework\src\Illuminate\Container\Container.php:799
at vendor\laravel\framework\src\Illuminate\Console\Command.php:211
at vendor\symfony\console\Command\Command.php:341
at vendor\laravel\framework\src\Illuminate\Console\Command.php:180
at vendor\symfony\console\Application.php:1079
at vendor\symfony\console\Application.php:356
at vendor\symfony\console\Application.php:195
at vendor\laravel\framework\src\Illuminate\Console\Application.php:165
at vendor\laravel\framework\src\Illuminate\Foundation\Console\Kernel.php:447
at vendor\laravel\framework\src\Illuminate\Testing\PendingCommand.php:451
at vendor\laravel\framework\src\Illuminate\Testing\PendingCommand.php:675
at vendor\laravel\framework\src\Illuminate\Foundation\Testing\Concerns\InteractsWithConsole.php:87
at vendor\laravel\framework\src\Illuminate\Foundation\Testing\Concerns\InteractsWithDatabase.php:362
at tests\Feature\E2E\BaseE2ETest.php:28</error>
      </testcase>
      <testcase name="Sync failure can be retried" file="Offline Sync E2E::Sync failure can be retried" class="OfflineSyncE2ETest" classname="OfflineSyncE2ETest" assertions="0" time="0.000000">
        <error type="Illuminate\Database\QueryException">Sync failure can be retriedIlluminate\Database\QueryException: SQLSTATE[42S02]: Base table or view not found: 1146 Table 'laravel_test.permissions' doesn't exist (Connection: mysql, Host: localhost, Port: 3306, Database: laravel_test, SQL: select * from `permissions` where (`name` = ViewAny:User and `guard_name` = web) limit 1)&#13;
at vendor\laravel\framework\src\Illuminate\Database\Connection.php:420
at vendor\laravel\framework\src\Illuminate\Database\Connection.php:827
at vendor\laravel\framework\src\Illuminate\Database\Connection.php:794
at vendor\laravel\framework\src\Illuminate\Database\Connection.php:411
at vendor\laravel\framework\src\Illuminate\Database\Query\Builder.php:3389
at vendor\laravel\framework\src\Illuminate\Database\Query\Builder.php:3374
at vendor\laravel\framework\src\Illuminate\Database\Query\Builder.php:3964
at vendor\laravel\framework\src\Illuminate\Database\Query\Builder.php:3373
at vendor\laravel\framework\src\Illuminate\Database\Eloquent\Builder.php:902
at vendor\laravel\framework\src\Illuminate\Database\Eloquent\Builder.php:884
at vendor\laravel\framework\src\Illuminate\Database\Concerns\BuildsQueries.php:366
at vendor\laravel\framework\src\Illuminate\Database\Eloquent\Builder.php:708
at vendor\laravel\framework\src\Illuminate\Support\Traits\ForwardsCalls.php:23
at vendor\laravel\framework\src\Illuminate\Database\Eloquent\Model.php:2540
at vendor\laravel\framework\src\Illuminate\Database\Eloquent\Model.php:2556
at database\seeders\RolesAndPermissionsSeeder.php:48
at database\seeders\RolesAndPermissionsSeeder.php:19
at vendor\laravel\framework\src\Illuminate\Container\BoundMethod.php:36
at vendor\laravel\framework\src\Illuminate\Container\Util.php:43
at vendor\laravel\framework\src\Illuminate\Container\BoundMethod.php:96
at vendor\laravel\framework\src\Illuminate\Container\BoundMethod.php:35
at vendor\laravel\framework\src\Illuminate\Container\Container.php:799
at vendor\laravel\framework\src\Illuminate\Database\Seeder.php:184
at vendor\laravel\framework\src\Illuminate\Database\Seeder.php:193
at vendor\laravel\framework\src\Illuminate\Database\Console\Seeds\SeedCommand.php:71
at vendor\laravel\framework\src\Illuminate\Database\Eloquent\Concerns\GuardsAttributes.php:157
at vendor\laravel\framework\src\Illuminate\Database\Console\Seeds\SeedCommand.php:70
at vendor\laravel\framework\src\Illuminate\Container\BoundMethod.php:36
at vendor\laravel\framework\src\Illuminate\Container\Util.php:43
at vendor\laravel\framework\src\Illuminate\Container\BoundMethod.php:96
at vendor\laravel\framework\src\Illuminate\Container\BoundMethod.php:35
at vendor\laravel\framework\src\Illuminate\Container\Container.php:799
at vendor\laravel\framework\src\Illuminate\Console\Command.php:211
at vendor\symfony\console\Command\Command.php:341
at vendor\laravel\framework\src\Illuminate\Console\Command.php:180
at vendor\symfony\console\Application.php:1079
at vendor\symfony\console\Application.php:356
at vendor\symfony\console\Application.php:195
at vendor\laravel\framework\src\Illuminate\Console\Application.php:165
at vendor\laravel\framework\src\Illuminate\Foundation\Console\Kernel.php:447
at vendor\laravel\framework\src\Illuminate\Testing\PendingCommand.php:451
at vendor\laravel\framework\src\Illuminate\Testing\PendingCommand.php:675
at vendor\laravel\framework\src\Illuminate\Foundation\Testing\Concerns\InteractsWithConsole.php:87
at vendor\laravel\framework\src\Illuminate\Foundation\Testing\Concerns\InteractsWithDatabase.php:362
at tests\Feature\E2E\BaseE2ETest.php:28
Caused by
PDOException: SQLSTATE[42S02]: Base table or view not found: 1146 Table 'laravel_test.permissions' doesn't exist

at vendor\laravel\framework\src\Illuminate\Database\Connection.php:420
at vendor\laravel\framework\src\Illuminate\Database\Connection.php:827
at vendor\laravel\framework\src\Illuminate\Database\Connection.php:794
at vendor\laravel\framework\src\Illuminate\Database\Connection.php:411
at vendor\laravel\framework\src\Illuminate\Database\Query\Builder.php:3389
at vendor\laravel\framework\src\Illuminate\Database\Query\Builder.php:3374
at vendor\laravel\framework\src\Illuminate\Database\Query\Builder.php:3964
at vendor\laravel\framework\src\Illuminate\Database\Query\Builder.php:3373
at vendor\laravel\framework\src\Illuminate\Database\Eloquent\Builder.php:902
at vendor\laravel\framework\src\Illuminate\Database\Eloquent\Builder.php:884
at vendor\laravel\framework\src\Illuminate\Database\Concerns\BuildsQueries.php:366
at vendor\laravel\framework\src\Illuminate\Database\Eloquent\Builder.php:708
at vendor\laravel\framework\src\Illuminate\Support\Traits\ForwardsCalls.php:23
at vendor\laravel\framework\src\Illuminate\Database\Eloquent\Model.php:2540
at vendor\laravel\framework\src\Illuminate\Database\Eloquent\Model.php:2556
at database\seeders\RolesAndPermissionsSeeder.php:48
at database\seeders\RolesAndPermissionsSeeder.php:19
at vendor\laravel\framework\src\Illuminate\Container\BoundMethod.php:36
at vendor\laravel\framework\src\Illuminate\Container\Util.php:43
at vendor\laravel\framework\src\Illuminate\Container\BoundMethod.php:96
at vendor\laravel\framework\src\Illuminate\Container\BoundMethod.php:35
at vendor\laravel\framework\src\Illuminate\Container\Container.php:799
at vendor\laravel\framework\src\Illuminate\Database\Seeder.php:184
at vendor\laravel\framework\src\Illuminate\Database\Seeder.php:193
at vendor\laravel\framework\src\Illuminate\Database\Console\Seeds\SeedCommand.php:71
at vendor\laravel\framework\src\Illuminate\Database\Eloquent\Concerns\GuardsAttributes.php:157
at vendor\laravel\framework\src\Illuminate\Database\Console\Seeds\SeedCommand.php:70
at vendor\laravel\framework\src\Illuminate\Container\BoundMethod.php:36
at vendor\laravel\framework\src\Illuminate\Container\Util.php:43
at vendor\laravel\framework\src\Illuminate\Container\BoundMethod.php:96
at vendor\laravel\framework\src\Illuminate\Container\BoundMethod.php:35
at vendor\laravel\framework\src\Illuminate\Container\Container.php:799
at vendor\laravel\framework\src\Illuminate\Console\Command.php:211
at vendor\symfony\console\Command\Command.php:341
at vendor\laravel\framework\src\Illuminate\Console\Command.php:180
at vendor\symfony\console\Application.php:1079
at vendor\symfony\console\Application.php:356
at vendor\symfony\console\Application.php:195
at vendor\laravel\framework\src\Illuminate\Console\Application.php:165
at vendor\laravel\framework\src\Illuminate\Foundation\Console\Kernel.php:447
at vendor\laravel\framework\src\Illuminate\Testing\PendingCommand.php:451
at vendor\laravel\framework\src\Illuminate\Testing\PendingCommand.php:675
at vendor\laravel\framework\src\Illuminate\Foundation\Testing\Concerns\InteractsWithConsole.php:87
at vendor\laravel\framework\src\Illuminate\Foundation\Testing\Concerns\InteractsWithDatabase.php:362
at tests\Feature\E2E\BaseE2ETest.php:28</error>
      </testcase>
      <testcase name="Offline issue preserves category relationships" file="Offline Sync E2E::Offline issue preserves category relationships" class="OfflineSyncE2ETest" classname="OfflineSyncE2ETest" assertions="0" time="0.000000">
        <error type="Illuminate\Database\QueryException">Offline issue preserves category relationshipsIlluminate\Database\QueryException: SQLSTATE[42S02]: Base table or view not found: 1146 Table 'laravel_test.permissions' doesn't exist (Connection: mysql, Host: localhost, Port: 3306, Database: laravel_test, SQL: select * from `permissions` where (`name` = ViewAny:User and `guard_name` = web) limit 1)&#13;
at vendor\laravel\framework\src\Illuminate\Database\Connection.php:420
at vendor\laravel\framework\src\Illuminate\Database\Connection.php:827
at vendor\laravel\framework\src\Illuminate\Database\Connection.php:794
at vendor\laravel\framework\src\Illuminate\Database\Connection.php:411
at vendor\laravel\framework\src\Illuminate\Database\Query\Builder.php:3389
at vendor\laravel\framework\src\Illuminate\Database\Query\Builder.php:3374
at vendor\laravel\framework\src\Illuminate\Database\Query\Builder.php:3964
at vendor\laravel\framework\src\Illuminate\Database\Query\Builder.php:3373
at vendor\laravel\framework\src\Illuminate\Database\Eloquent\Builder.php:902
at vendor\laravel\framework\src\Illuminate\Database\Eloquent\Builder.php:884
at vendor\laravel\framework\src\Illuminate\Database\Concerns\BuildsQueries.php:366
at vendor\laravel\framework\src\Illuminate\Database\Eloquent\Builder.php:708
at vendor\laravel\framework\src\Illuminate\Support\Traits\ForwardsCalls.php:23
at vendor\laravel\framework\src\Illuminate\Database\Eloquent\Model.php:2540
at vendor\laravel\framework\src\Illuminate\Database\Eloquent\Model.php:2556
at database\seeders\RolesAndPermissionsSeeder.php:48
at database\seeders\RolesAndPermissionsSeeder.php:19
at vendor\laravel\framework\src\Illuminate\Container\BoundMethod.php:36
at vendor\laravel\framework\src\Illuminate\Container\Util.php:43
at vendor\laravel\framework\src\Illuminate\Container\BoundMethod.php:96
at vendor\laravel\framework\src\Illuminate\Container\BoundMethod.php:35
at vendor\laravel\framework\src\Illuminate\Container\Container.php:799
at vendor\laravel\framework\src\Illuminate\Database\Seeder.php:184
at vendor\laravel\framework\src\Illuminate\Database\Seeder.php:193
at vendor\laravel\framework\src\Illuminate\Database\Console\Seeds\SeedCommand.php:71
at vendor\laravel\framework\src\Illuminate\Database\Eloquent\Concerns\GuardsAttributes.php:157
at vendor\laravel\framework\src\Illuminate\Database\Console\Seeds\SeedCommand.php:70
at vendor\laravel\framework\src\Illuminate\Container\BoundMethod.php:36
at vendor\laravel\framework\src\Illuminate\Container\Util.php:43
at vendor\laravel\framework\src\Illuminate\Container\BoundMethod.php:96
at vendor\laravel\framework\src\Illuminate\Container\BoundMethod.php:35
at vendor\laravel\framework\src\Illuminate\Container\Container.php:799
at vendor\laravel\framework\src\Illuminate\Console\Command.php:211
at vendor\symfony\console\Command\Command.php:341
at vendor\laravel\framework\src\Illuminate\Console\Command.php:180
at vendor\symfony\console\Application.php:1079
at vendor\symfony\console\Application.php:356
at vendor\symfony\console\Application.php:195
at vendor\laravel\framework\src\Illuminate\Console\Application.php:165
at vendor\laravel\framework\src\Illuminate\Foundation\Console\Kernel.php:447
at vendor\laravel\framework\src\Illuminate\Testing\PendingCommand.php:451
at vendor\laravel\framework\src\Illuminate\Testing\PendingCommand.php:675
at vendor\laravel\framework\src\Illuminate\Foundation\Testing\Concerns\InteractsWithConsole.php:87
at vendor\laravel\framework\src\Illuminate\Foundation\Testing\Concerns\InteractsWithDatabase.php:362
at tests\Feature\E2E\BaseE2ETest.php:28
Caused by
PDOException: SQLSTATE[42S02]: Base table or view not found: 1146 Table 'laravel_test.permissions' doesn't exist

at vendor\laravel\framework\src\Illuminate\Database\Connection.php:420
at vendor\laravel\framework\src\Illuminate\Database\Connection.php:827
at vendor\laravel\framework\src\Illuminate\Database\Connection.php:794
at vendor\laravel\framework\src\Illuminate\Database\Connection.php:411
at vendor\laravel\framework\src\Illuminate\Database\Query\Builder.php:3389
at vendor\laravel\framework\src\Illuminate\Database\Query\Builder.php:3374
at vendor\laravel\framework\src\Illuminate\Database\Query\Builder.php:3964
at vendor\laravel\framework\src\Illuminate\Database\Query\Builder.php:3373
at vendor\laravel\framework\src\Illuminate\Database\Eloquent\Builder.php:902
at vendor\laravel\framework\src\Illuminate\Database\Eloquent\Builder.php:884
at vendor\laravel\framework\src\Illuminate\Database\Concerns\BuildsQueries.php:366
at vendor\laravel\framework\src\Illuminate\Database\Eloquent\Builder.php:708
at vendor\laravel\framework\src\Illuminate\Support\Traits\ForwardsCalls.php:23
at vendor\laravel\framework\src\Illuminate\Database\Eloquent\Model.php:2540
at vendor\laravel\framework\src\Illuminate\Database\Eloquent\Model.php:2556
at database\seeders\RolesAndPermissionsSeeder.php:48
at database\seeders\RolesAndPermissionsSeeder.php:19
at vendor\laravel\framework\src\Illuminate\Container\BoundMethod.php:36
at vendor\laravel\framework\src\Illuminate\Container\Util.php:43
at vendor\laravel\framework\src\Illuminate\Container\BoundMethod.php:96
at vendor\laravel\framework\src\Illuminate\Container\BoundMethod.php:35
at vendor\laravel\framework\src\Illuminate\Container\Container.php:799
at vendor\laravel\framework\src\Illuminate\Database\Seeder.php:184
at vendor\laravel\framework\src\Illuminate\Database\Seeder.php:193
at vendor\laravel\framework\src\Illuminate\Database\Console\Seeds\SeedCommand.php:71
at vendor\laravel\framework\src\Illuminate\Database\Eloquent\Concerns\GuardsAttributes.php:157
at vendor\laravel\framework\src\Illuminate\Database\Console\Seeds\SeedCommand.php:70
at vendor\laravel\framework\src\Illuminate\Container\BoundMethod.php:36
at vendor\laravel\framework\src\Illuminate\Container\Util.php:43
at vendor\laravel\framework\src\Illuminate\Container\BoundMethod.php:96
at vendor\laravel\framework\src\Illuminate\Container\BoundMethod.php:35
at vendor\laravel\framework\src\Illuminate\Container\Container.php:799
at vendor\laravel\framework\src\Illuminate\Console\Command.php:211
at vendor\symfony\console\Command\Command.php:341
at vendor\laravel\framework\src\Illuminate\Console\Command.php:180
at vendor\symfony\console\Application.php:1079
at vendor\symfony\console\Application.php:356
at vendor\symfony\console\Application.php:195
at vendor\laravel\framework\src\Illuminate\Console\Application.php:165
at vendor\laravel\framework\src\Illuminate\Foundation\Console\Kernel.php:447
at vendor\laravel\framework\src\Illuminate\Testing\PendingCommand.php:451
at vendor\laravel\framework\src\Illuminate\Testing\PendingCommand.php:675
at vendor\laravel\framework\src\Illuminate\Foundation\Testing\Concerns\InteractsWithConsole.php:87
at vendor\laravel\framework\src\Illuminate\Foundation\Testing\Concerns\InteractsWithDatabase.php:362
at tests\Feature\E2E\BaseE2ETest.php:28</error>
      </testcase>
      <testcase name="Sync queue processes operations for correct user only" file="Offline Sync E2E::Sync queue processes operations for correct user only" class="OfflineSyncE2ETest" classname="OfflineSyncE2ETest" assertions="0" time="0.000000">
        <error type="Illuminate\Database\QueryException">Sync queue processes operations for correct user onlyIlluminate\Database\QueryException: SQLSTATE[42S02]: Base table or view not found: 1146 Table 'laravel_test.permissions' doesn't exist (Connection: mysql, Host: localhost, Port: 3306, Database: laravel_test, SQL: select * from `permissions` where (`name` = ViewAny:User and `guard_name` = web) limit 1)&#13;
at vendor\laravel\framework\src\Illuminate\Database\Connection.php:420
at vendor\laravel\framework\src\Illuminate\Database\Connection.php:827
at vendor\laravel\framework\src\Illuminate\Database\Connection.php:794
at vendor\laravel\framework\src\Illuminate\Database\Connection.php:411
at vendor\laravel\framework\src\Illuminate\Database\Query\Builder.php:3389
at vendor\laravel\framework\src\Illuminate\Database\Query\Builder.php:3374
at vendor\laravel\framework\src\Illuminate\Database\Query\Builder.php:3964
at vendor\laravel\framework\src\Illuminate\Database\Query\Builder.php:3373
at vendor\laravel\framework\src\Illuminate\Database\Eloquent\Builder.php:902
at vendor\laravel\framework\src\Illuminate\Database\Eloquent\Builder.php:884
at vendor\laravel\framework\src\Illuminate\Database\Concerns\BuildsQueries.php:366
at vendor\laravel\framework\src\Illuminate\Database\Eloquent\Builder.php:708
at vendor\laravel\framework\src\Illuminate\Support\Traits\ForwardsCalls.php:23
at vendor\laravel\framework\src\Illuminate\Database\Eloquent\Model.php:2540
at vendor\laravel\framework\src\Illuminate\Database\Eloquent\Model.php:2556
at database\seeders\RolesAndPermissionsSeeder.php:48
at database\seeders\RolesAndPermissionsSeeder.php:19
at vendor\laravel\framework\src\Illuminate\Container\BoundMethod.php:36
at vendor\laravel\framework\src\Illuminate\Container\Util.php:43
at vendor\laravel\framework\src\Illuminate\Container\BoundMethod.php:96
at vendor\laravel\framework\src\Illuminate\Container\BoundMethod.php:35
at vendor\laravel\framework\src\Illuminate\Container\Container.php:799
at vendor\laravel\framework\src\Illuminate\Database\Seeder.php:184
at vendor\laravel\framework\src\Illuminate\Database\Seeder.php:193
at vendor\laravel\framework\src\Illuminate\Database\Console\Seeds\SeedCommand.php:71
at vendor\laravel\framework\src\Illuminate\Database\Eloquent\Concerns\GuardsAttributes.php:157
at vendor\laravel\framework\src\Illuminate\Database\Console\Seeds\SeedCommand.php:70
at vendor\laravel\framework\src\Illuminate\Container\BoundMethod.php:36
at vendor\laravel\framework\src\Illuminate\Container\Util.php:43
at vendor\laravel\framework\src\Illuminate\Container\BoundMethod.php:96
at vendor\laravel\framework\src\Illuminate\Container\BoundMethod.php:35
at vendor\laravel\framework\src\Illuminate\Container\Container.php:799
at vendor\laravel\framework\src\Illuminate\Console\Command.php:211
at vendor\symfony\console\Command\Command.php:341
at vendor\laravel\framework\src\Illuminate\Console\Command.php:180
at vendor\symfony\console\Application.php:1079
at vendor\symfony\console\Application.php:356
at vendor\symfony\console\Application.php:195
at vendor\laravel\framework\src\Illuminate\Console\Application.php:165
at vendor\laravel\framework\src\Illuminate\Foundation\Console\Kernel.php:447
at vendor\laravel\framework\src\Illuminate\Testing\PendingCommand.php:451
at vendor\laravel\framework\src\Illuminate\Testing\PendingCommand.php:675
at vendor\laravel\framework\src\Illuminate\Foundation\Testing\Concerns\InteractsWithConsole.php:87
at vendor\laravel\framework\src\Illuminate\Foundation\Testing\Concerns\InteractsWithDatabase.php:362
at tests\Feature\E2E\BaseE2ETest.php:28
Caused by
PDOException: SQLSTATE[42S02]: Base table or view not found: 1146 Table 'laravel_test.permissions' doesn't exist

at vendor\laravel\framework\src\Illuminate\Database\Connection.php:420
at vendor\laravel\framework\src\Illuminate\Database\Connection.php:827
at vendor\laravel\framework\src\Illuminate\Database\Connection.php:794
at vendor\laravel\framework\src\Illuminate\Database\Connection.php:411
at vendor\laravel\framework\src\Illuminate\Database\Query\Builder.php:3389
at vendor\laravel\framework\src\Illuminate\Database\Query\Builder.php:3374
at vendor\laravel\framework\src\Illuminate\Database\Query\Builder.php:3964
at vendor\laravel\framework\src\Illuminate\Database\Query\Builder.php:3373
at vendor\laravel\framework\src\Illuminate\Database\Eloquent\Builder.php:902
at vendor\laravel\framework\src\Illuminate\Database\Eloquent\Builder.php:884
at vendor\laravel\framework\src\Illuminate\Database\Concerns\BuildsQueries.php:366
at vendor\laravel\framework\src\Illuminate\Database\Eloquent\Builder.php:708
at vendor\laravel\framework\src\Illuminate\Support\Traits\ForwardsCalls.php:23
at vendor\laravel\framework\src\Illuminate\Database\Eloquent\Model.php:2540
at vendor\laravel\framework\src\Illuminate\Database\Eloquent\Model.php:2556
at database\seeders\RolesAndPermissionsSeeder.php:48
at database\seeders\RolesAndPermissionsSeeder.php:19
at vendor\laravel\framework\src\Illuminate\Container\BoundMethod.php:36
at vendor\laravel\framework\src\Illuminate\Container\Util.php:43
at vendor\laravel\framework\src\Illuminate\Container\BoundMethod.php:96
at vendor\laravel\framework\src\Illuminate\Container\BoundMethod.php:35
at vendor\laravel\framework\src\Illuminate\Container\Container.php:799
at vendor\laravel\framework\src\Illuminate\Database\Seeder.php:184
at vendor\laravel\framework\src\Illuminate\Database\Seeder.php:193
at vendor\laravel\framework\src\Illuminate\Database\Console\Seeds\SeedCommand.php:71
at vendor\laravel\framework\src\Illuminate\Database\Eloquent\Concerns\GuardsAttributes.php:157
at vendor\laravel\framework\src\Illuminate\Database\Console\Seeds\SeedCommand.php:70
at vendor\laravel\framework\src\Illuminate\Container\BoundMethod.php:36
at vendor\laravel\framework\src\Illuminate\Container\Util.php:43
at vendor\laravel\framework\src\Illuminate\Container\BoundMethod.php:96
at vendor\laravel\framework\src\Illuminate\Container\BoundMethod.php:35
at vendor\laravel\framework\src\Illuminate\Container\Container.php:799
at vendor\laravel\framework\src\Illuminate\Console\Command.php:211
at vendor\symfony\console\Command\Command.php:341
at vendor\laravel\framework\src\Illuminate\Console\Command.php:180
at vendor\symfony\console\Application.php:1079
at vendor\symfony\console\Application.php:356
at vendor\symfony\console\Application.php:195
at vendor\laravel\framework\src\Illuminate\Console\Application.php:165
at vendor\laravel\framework\src\Illuminate\Foundation\Console\Kernel.php:447
at vendor\laravel\framework\src\Illuminate\Testing\PendingCommand.php:451
at vendor\laravel\framework\src\Illuminate\Testing\PendingCommand.php:675
at vendor\laravel\framework\src\Illuminate\Foundation\Testing\Concerns\InteractsWithConsole.php:87
at vendor\laravel\framework\src\Illuminate\Foundation\Testing\Concerns\InteractsWithDatabase.php:362
at tests\Feature\E2E\BaseE2ETest.php:28</error>
      </testcase>
    </testsuite>
    <testsuite name="PermissionEscalationE2ETest" file="Permission Escalation E2E" tests="9" assertions="0" errors="9" failures="0" skipped="0" time="0.000000">
      <testcase name="Viewer cannot create modify or delete issues" file="Permission Escalation E2E::Viewer cannot create modify or delete issues" class="PermissionEscalationE2ETest" classname="PermissionEscalationE2ETest" assertions="0" time="0.000000">
        <error type="Illuminate\Database\DeadlockException">Viewer cannot create modify or delete issuesIlluminate\Database\DeadlockException: SQLSTATE[40001]: Serialization failure: 1213 Deadlock found when trying to get lock; try restarting transaction (Connection: mysql, Host: localhost, Port: 3306, Database: laravel_test, SQL: insert into `permissions` (`guard_name`, `name`, `updated_at`, `created_at`) values (web, ViewAny:User, 2026-02-12 07:23:22, 2026-02-12 07:23:22))&#13;
at vendor\laravel\framework\src\Illuminate\Database\Connection.php:838
at vendor\laravel\framework\src\Illuminate\Database\Connection.php:794
at vendor\laravel\framework\src\Illuminate\Database\MySqlConnection.php:42
at vendor\laravel\framework\src\Illuminate\Database\Query\Processors\MySqlProcessor.php:35
at vendor\laravel\framework\src\Illuminate\Database\Query\Builder.php:4054
at vendor\laravel\framework\src\Illuminate\Database\Eloquent\Builder.php:2235
at vendor\laravel\framework\src\Illuminate\Database\Eloquent\Model.php:1436
at vendor\laravel\framework\src\Illuminate\Database\Eloquent\Model.php:1401
at vendor\laravel\framework\src\Illuminate\Database\Eloquent\Model.php:1240
at vendor\laravel\framework\src\Illuminate\Database\Eloquent\Builder.php:1219
at vendor\laravel\framework\src\Illuminate\Support\helpers.php:390
at vendor\laravel\framework\src\Illuminate\Database\Eloquent\Builder.php:1218
at vendor\laravel\framework\src\Illuminate\Database\Eloquent\Builder.php:725
at vendor\laravel\framework\src\Illuminate\Database\Concerns\ManagesTransactions.php:35
at vendor\laravel\framework\src\Illuminate\Database\Eloquent\Builder.php:1958
at vendor\laravel\framework\src\Illuminate\Database\Eloquent\Builder.php:725
at vendor\laravel\framework\src\Illuminate\Database\Eloquent\Builder.php:712
at vendor\laravel\framework\src\Illuminate\Support\Traits\ForwardsCalls.php:23
at vendor\laravel\framework\src\Illuminate\Database\Eloquent\Model.php:2540
at vendor\laravel\framework\src\Illuminate\Database\Eloquent\Model.php:2556
at database\seeders\RolesAndPermissionsSeeder.php:48
at database\seeders\RolesAndPermissionsSeeder.php:19
at vendor\laravel\framework\src\Illuminate\Container\BoundMethod.php:36
at vendor\laravel\framework\src\Illuminate\Container\Util.php:43
at vendor\laravel\framework\src\Illuminate\Container\BoundMethod.php:96
at vendor\laravel\framework\src\Illuminate\Container\BoundMethod.php:35
at vendor\laravel\framework\src\Illuminate\Container\Container.php:799
at vendor\laravel\framework\src\Illuminate\Database\Seeder.php:184
at vendor\laravel\framework\src\Illuminate\Database\Seeder.php:193
at vendor\laravel\framework\src\Illuminate\Database\Console\Seeds\SeedCommand.php:71
at vendor\laravel\framework\src\Illuminate\Database\Eloquent\Concerns\GuardsAttributes.php:157
at vendor\laravel\framework\src\Illuminate\Database\Console\Seeds\SeedCommand.php:70
at vendor\laravel\framework\src\Illuminate\Container\BoundMethod.php:36
at vendor\laravel\framework\src\Illuminate\Container\Util.php:43
at vendor\laravel\framework\src\Illuminate\Container\BoundMethod.php:96
at vendor\laravel\framework\src\Illuminate\Container\BoundMethod.php:35
at vendor\laravel\framework\src\Illuminate\Container\Container.php:799
at vendor\laravel\framework\src\Illuminate\Console\Command.php:211
at vendor\symfony\console\Command\Command.php:341
at vendor\laravel\framework\src\Illuminate\Console\Command.php:180
at vendor\symfony\console\Application.php:1079
at vendor\symfony\console\Application.php:356
at vendor\symfony\console\Application.php:195
at vendor\laravel\framework\src\Illuminate\Console\Application.php:165
at vendor\laravel\framework\src\Illuminate\Foundation\Console\Kernel.php:447
at vendor\laravel\framework\src\Illuminate\Testing\PendingCommand.php:451
at vendor\laravel\framework\src\Illuminate\Testing\PendingCommand.php:675
at vendor\laravel\framework\src\Illuminate\Foundation\Testing\Concerns\InteractsWithConsole.php:87
at vendor\laravel\framework\src\Illuminate\Foundation\Testing\Concerns\InteractsWithDatabase.php:362
at tests\Feature\E2E\BaseE2ETest.php:28
Caused by
Illuminate\Database\QueryException: SQLSTATE[40001]: Serialization failure: 1213 Deadlock found when trying to get lock; try restarting transaction (Connection: mysql, Host: localhost, Port: 3306, Database: laravel_test, SQL: insert into `permissions` (`guard_name`, `name`, `updated_at`, `created_at`) values (web, ViewAny:User, 2026-02-12 07:23:22, 2026-02-12 07:23:22))

at vendor\laravel\framework\src\Illuminate\Database\MySqlConnection.php:53
at vendor\laravel\framework\src\Illuminate\Database\Connection.php:827
at vendor\laravel\framework\src\Illuminate\Database\Connection.php:794
at vendor\laravel\framework\src\Illuminate\Database\MySqlConnection.php:42
at vendor\laravel\framework\src\Illuminate\Database\Query\Processors\MySqlProcessor.php:35
at vendor\laravel\framework\src\Illuminate\Database\Query\Builder.php:4054
at vendor\laravel\framework\src\Illuminate\Database\Eloquent\Builder.php:2235
at vendor\laravel\framework\src\Illuminate\Database\Eloquent\Model.php:1436
at vendor\laravel\framework\src\Illuminate\Database\Eloquent\Model.php:1401
at vendor\laravel\framework\src\Illuminate\Database\Eloquent\Model.php:1240
at vendor\laravel\framework\src\Illuminate\Database\Eloquent\Builder.php:1219
at vendor\laravel\framework\src\Illuminate\Support\helpers.php:390
at vendor\laravel\framework\src\Illuminate\Database\Eloquent\Builder.php:1218
at vendor\laravel\framework\src\Illuminate\Database\Eloquent\Builder.php:725
at vendor\laravel\framework\src\Illuminate\Database\Concerns\ManagesTransactions.php:35
at vendor\laravel\framework\src\Illuminate\Database\Eloquent\Builder.php:1958
at vendor\laravel\framework\src\Illuminate\Database\Eloquent\Builder.php:725
at vendor\laravel\framework\src\Illuminate\Database\Eloquent\Builder.php:712
at vendor\laravel\framework\src\Illuminate\Support\Traits\ForwardsCalls.php:23
at vendor\laravel\framework\src\Illuminate\Database\Eloquent\Model.php:2540
at vendor\laravel\framework\src\Illuminate\Database\Eloquent\Model.php:2556
at database\seeders\RolesAndPermissionsSeeder.php:48
at database\seeders\RolesAndPermissionsSeeder.php:19
at vendor\laravel\framework\src\Illuminate\Container\BoundMethod.php:36
at vendor\laravel\framework\src\Illuminate\Container\Util.php:43
at vendor\laravel\framework\src\Illuminate\Container\BoundMethod.php:96
at vendor\laravel\framework\src\Illuminate\Container\BoundMethod.php:35
at vendor\laravel\framework\src\Illuminate\Container\Container.php:799
at vendor\laravel\framework\src\Illuminate\Database\Seeder.php:184
at vendor\laravel\framework\src\Illuminate\Database\Seeder.php:193
at vendor\laravel\framework\src\Illuminate\Database\Console\Seeds\SeedCommand.php:71
at vendor\laravel\framework\src\Illuminate\Database\Eloquent\Concerns\GuardsAttributes.php:157
at vendor\laravel\framework\src\Illuminate\Database\Console\Seeds\SeedCommand.php:70
at vendor\laravel\framework\src\Illuminate\Container\BoundMethod.php:36
at vendor\laravel\framework\src\Illuminate\Container\Util.php:43
at vendor\laravel\framework\src\Illuminate\Container\BoundMethod.php:96
at vendor\laravel\framework\src\Illuminate\Container\BoundMethod.php:35
at vendor\laravel\framework\src\Illuminate\Container\Container.php:799
at vendor\laravel\framework\src\Illuminate\Console\Command.php:211
at vendor\symfony\console\Command\Command.php:341
at vendor\laravel\framework\src\Illuminate\Console\Command.php:180
at vendor\symfony\console\Application.php:1079
at vendor\symfony\console\Application.php:356
at vendor\symfony\console\Application.php:195
at vendor\laravel\framework\src\Illuminate\Console\Application.php:165
at vendor\laravel\framework\src\Illuminate\Foundation\Console\Kernel.php:447
at vendor\laravel\framework\src\Illuminate\Testing\PendingCommand.php:451
at vendor\laravel\framework\src\Illuminate\Testing\PendingCommand.php:675
at vendor\laravel\framework\src\Illuminate\Foundation\Testing\Concerns\InteractsWithConsole.php:87
at vendor\laravel\framework\src\Illuminate\Foundation\Testing\Concerns\InteractsWithDatabase.php:362
at tests\Feature\E2E\BaseE2ETest.php:28
Caused by
PDOException: SQLSTATE[40001]: Serialization failure: 1213 Deadlock found when trying to get lock; try restarting transaction

at vendor\laravel\framework\src\Illuminate\Database\MySqlConnection.php:53
at vendor\laravel\framework\src\Illuminate\Database\Connection.php:827
at vendor\laravel\framework\src\Illuminate\Database\Connection.php:794
at vendor\laravel\framework\src\Illuminate\Database\MySqlConnection.php:42
at vendor\laravel\framework\src\Illuminate\Database\Query\Processors\MySqlProcessor.php:35
at vendor\laravel\framework\src\Illuminate\Database\Query\Builder.php:4054
at vendor\laravel\framework\src\Illuminate\Database\Eloquent\Builder.php:2235
at vendor\laravel\framework\src\Illuminate\Database\Eloquent\Model.php:1436
at vendor\laravel\framework\src\Illuminate\Database\Eloquent\Model.php:1401
at vendor\laravel\framework\src\Illuminate\Database\Eloquent\Model.php:1240
at vendor\laravel\framework\src\Illuminate\Database\Eloquent\Builder.php:1219
at vendor\laravel\framework\src\Illuminate\Support\helpers.php:390
at vendor\laravel\framework\src\Illuminate\Database\Eloquent\Builder.php:1218
at vendor\laravel\framework\src\Illuminate\Database\Eloquent\Builder.php:725
at vendor\laravel\framework\src\Illuminate\Database\Concerns\ManagesTransactions.php:35
at vendor\laravel\framework\src\Illuminate\Database\Eloquent\Builder.php:1958
at vendor\laravel\framework\src\Illuminate\Database\Eloquent\Builder.php:725
at vendor\laravel\framework\src\Illuminate\Database\Eloquent\Builder.php:712
at vendor\laravel\framework\src\Illuminate\Support\Traits\ForwardsCalls.php:23
at vendor\laravel\framework\src\Illuminate\Database\Eloquent\Model.php:2540
at vendor\laravel\framework\src\Illuminate\Database\Eloquent\Model.php:2556
at database\seeders\RolesAndPermissionsSeeder.php:48
at database\seeders\RolesAndPermissionsSeeder.php:19
at vendor\laravel\framework\src\Illuminate\Container\BoundMethod.php:36
at vendor\laravel\framework\src\Illuminate\Container\Util.php:43
at vendor\laravel\framework\src\Illuminate\Container\BoundMethod.php:96
at vendor\laravel\framework\src\Illuminate\Container\BoundMethod.php:35
at vendor\laravel\framework\src\Illuminate\Container\Container.php:799
at vendor\laravel\framework\src\Illuminate\Database\Seeder.php:184
at vendor\laravel\framework\src\Illuminate\Database\Seeder.php:193
at vendor\laravel\framework\src\Illuminate\Database\Console\Seeds\SeedCommand.php:71
at vendor\laravel\framework\src\Illuminate\Database\Eloquent\Concerns\GuardsAttributes.php:157
at vendor\laravel\framework\src\Illuminate\Database\Console\Seeds\SeedCommand.php:70
at vendor\laravel\framework\src\Illuminate\Container\BoundMethod.php:36
at vendor\laravel\framework\src\Illuminate\Container\Util.php:43
at vendor\laravel\framework\src\Illuminate\Container\BoundMethod.php:96
at vendor\laravel\framework\src\Illuminate\Container\BoundMethod.php:35
at vendor\laravel\framework\src\Illuminate\Container\Container.php:799
at vendor\laravel\framework\src\Illuminate\Console\Command.php:211
at vendor\symfony\console\Command\Command.php:341
at vendor\laravel\framework\src\Illuminate\Console\Command.php:180
at vendor\symfony\console\Application.php:1079
at vendor\symfony\console\Application.php:356
at vendor\symfony\console\Application.php:195
at vendor\laravel\framework\src\Illuminate\Console\Application.php:165
at vendor\laravel\framework\src\Illuminate\Foundation\Console\Kernel.php:447
at vendor\laravel\framework\src\Illuminate\Testing\PendingCommand.php:451
at vendor\laravel\framework\src\Illuminate\Testing\PendingCommand.php:675
at vendor\laravel\framework\src\Illuminate\Foundation\Testing\Concerns\InteractsWithConsole.php:87
at vendor\laravel\framework\src\Illuminate\Foundation\Testing\Concerns\InteractsWithDatabase.php:362
at tests\Feature\E2E\BaseE2ETest.php:28</error>
      </testcase>
      <testcase name="Tenant cannot assign or manage issues" file="Permission Escalation E2E::Tenant cannot assign or manage issues" class="PermissionEscalationE2ETest" classname="PermissionEscalationE2ETest" assertions="0" time="0.000000">
        <error type="Illuminate\Database\QueryException">Tenant cannot assign or manage issuesIlluminate\Database\QueryException: SQLSTATE[42S02]: Base table or view not found: 1146 Table 'laravel_test.role_has_permissions' doesn't exist (Connection: mysql, Host: localhost, Port: 3306, Database: laravel_test, SQL: delete from `role_has_permissions` where `role_has_permissions`.`role_id` = 1)&#13;
at vendor\laravel\framework\src\Illuminate\Database\Connection.php:605
at vendor\laravel\framework\src\Illuminate\Database\Connection.php:827
at vendor\laravel\framework\src\Illuminate\Database\Connection.php:794
at vendor\laravel\framework\src\Illuminate\Database\Connection.php:597
at vendor\laravel\framework\src\Illuminate\Database\Connection.php:561
at vendor\laravel\framework\src\Illuminate\Database\Query\Builder.php:4310
at vendor\laravel\framework\src\Illuminate\Database\Eloquent\Relations\Concerns\InteractsWithPivotTable.php:457
at vendor\spatie\laravel-permission\src\Traits\HasPermissions.php:454
at database\seeders\RolesAndPermissionsSeeder.php:90
at database\seeders\RolesAndPermissionsSeeder.php:25
at vendor\laravel\framework\src\Illuminate\Container\BoundMethod.php:36
at vendor\laravel\framework\src\Illuminate\Container\Util.php:43
at vendor\laravel\framework\src\Illuminate\Container\BoundMethod.php:96
at vendor\laravel\framework\src\Illuminate\Container\BoundMethod.php:35
at vendor\laravel\framework\src\Illuminate\Container\Container.php:799
at vendor\laravel\framework\src\Illuminate\Database\Seeder.php:184
at vendor\laravel\framework\src\Illuminate\Database\Seeder.php:193
at vendor\laravel\framework\src\Illuminate\Database\Console\Seeds\SeedCommand.php:71
at vendor\laravel\framework\src\Illuminate\Database\Eloquent\Concerns\GuardsAttributes.php:157
at vendor\laravel\framework\src\Illuminate\Database\Console\Seeds\SeedCommand.php:70
at vendor\laravel\framework\src\Illuminate\Container\BoundMethod.php:36
at vendor\laravel\framework\src\Illuminate\Container\Util.php:43
at vendor\laravel\framework\src\Illuminate\Container\BoundMethod.php:96
at vendor\laravel\framework\src\Illuminate\Container\BoundMethod.php:35
at vendor\laravel\framework\src\Illuminate\Container\Container.php:799
at vendor\laravel\framework\src\Illuminate\Console\Command.php:211
at vendor\symfony\console\Command\Command.php:341
at vendor\laravel\framework\src\Illuminate\Console\Command.php:180
at vendor\symfony\console\Application.php:1079
at vendor\symfony\console\Application.php:356
at vendor\symfony\console\Application.php:195
at vendor\laravel\framework\src\Illuminate\Console\Application.php:165
at vendor\laravel\framework\src\Illuminate\Foundation\Console\Kernel.php:447
at vendor\laravel\framework\src\Illuminate\Testing\PendingCommand.php:451
at vendor\laravel\framework\src\Illuminate\Testing\PendingCommand.php:675
at vendor\laravel\framework\src\Illuminate\Foundation\Testing\Concerns\InteractsWithConsole.php:87
at vendor\laravel\framework\src\Illuminate\Foundation\Testing\Concerns\InteractsWithDatabase.php:362
at tests\Feature\E2E\BaseE2ETest.php:28
Caused by
PDOException: SQLSTATE[42S02]: Base table or view not found: 1146 Table 'laravel_test.role_has_permissions' doesn't exist

at vendor\laravel\framework\src\Illuminate\Database\Connection.php:605
at vendor\laravel\framework\src\Illuminate\Database\Connection.php:827
at vendor\laravel\framework\src\Illuminate\Database\Connection.php:794
at vendor\laravel\framework\src\Illuminate\Database\Connection.php:597
at vendor\laravel\framework\src\Illuminate\Database\Connection.php:561
at vendor\laravel\framework\src\Illuminate\Database\Query\Builder.php:4310
at vendor\laravel\framework\src\Illuminate\Database\Eloquent\Relations\Concerns\InteractsWithPivotTable.php:457
at vendor\spatie\laravel-permission\src\Traits\HasPermissions.php:454
at database\seeders\RolesAndPermissionsSeeder.php:90
at database\seeders\RolesAndPermissionsSeeder.php:25
at vendor\laravel\framework\src\Illuminate\Container\BoundMethod.php:36
at vendor\laravel\framework\src\Illuminate\Container\Util.php:43
at vendor\laravel\framework\src\Illuminate\Container\BoundMethod.php:96
at vendor\laravel\framework\src\Illuminate\Container\BoundMethod.php:35
at vendor\laravel\framework\src\Illuminate\Container\Container.php:799
at vendor\laravel\framework\src\Illuminate\Database\Seeder.php:184
at vendor\laravel\framework\src\Illuminate\Database\Seeder.php:193
at vendor\laravel\framework\src\Illuminate\Database\Console\Seeds\SeedCommand.php:71
at vendor\laravel\framework\src\Illuminate\Database\Eloquent\Concerns\GuardsAttributes.php:157
at vendor\laravel\framework\src\Illuminate\Database\Console\Seeds\SeedCommand.php:70
at vendor\laravel\framework\src\Illuminate\Container\BoundMethod.php:36
at vendor\laravel\framework\src\Illuminate\Container\Util.php:43
at vendor\laravel\framework\src\Illuminate\Container\BoundMethod.php:96
at vendor\laravel\framework\src\Illuminate\Container\BoundMethod.php:35
at vendor\laravel\framework\src\Illuminate\Container\Container.php:799
at vendor\laravel\framework\src\Illuminate\Console\Command.php:211
at vendor\symfony\console\Command\Command.php:341
at vendor\laravel\framework\src\Illuminate\Console\Command.php:180
at vendor\symfony\console\Application.php:1079
at vendor\symfony\console\Application.php:356
at vendor\symfony\console\Application.php:195
at vendor\laravel\framework\src\Illuminate\Console\Application.php:165
at vendor\laravel\framework\src\Illuminate\Foundation\Console\Kernel.php:447
at vendor\laravel\framework\src\Illuminate\Testing\PendingCommand.php:451
at vendor\laravel\framework\src\Illuminate\Testing\PendingCommand.php:675
at vendor\laravel\framework\src\Illuminate\Foundation\Testing\Concerns\InteractsWithConsole.php:87
at vendor\laravel\framework\src\Illuminate\Foundation\Testing\Concerns\InteractsWithDatabase.php:362
at tests\Feature\E2E\BaseE2ETest.php:28</error>
      </testcase>
      <testcase name="Service provider cannot access admin functions" file="Permission Escalation E2E::Service provider cannot access admin functions" class="PermissionEscalationE2ETest" classname="PermissionEscalationE2ETest" assertions="0" time="0.000000">
        <error type="Illuminate\Database\QueryException">Service provider cannot access admin functionsIlluminate\Database\QueryException: SQLSTATE[42S02]: Base table or view not found: 1146 Table 'laravel_test.role_has_permissions' doesn't exist (Connection: mysql, Host: localhost, Port: 3306, Database: laravel_test, SQL: delete from `role_has_permissions` where `role_has_permissions`.`role_id` = 3)&#13;
at vendor\laravel\framework\src\Illuminate\Database\Connection.php:605
at vendor\laravel\framework\src\Illuminate\Database\Connection.php:827
at vendor\laravel\framework\src\Illuminate\Database\Connection.php:794
at vendor\laravel\framework\src\Illuminate\Database\Connection.php:597
at vendor\laravel\framework\src\Illuminate\Database\Connection.php:561
at vendor\laravel\framework\src\Illuminate\Database\Query\Builder.php:4310
at vendor\laravel\framework\src\Illuminate\Database\Eloquent\Relations\Concerns\InteractsWithPivotTable.php:457
at vendor\spatie\laravel-permission\src\Traits\HasPermissions.php:454
at database\seeders\RolesAndPermissionsSeeder.php:90
at database\seeders\RolesAndPermissionsSeeder.php:25
at vendor\laravel\framework\src\Illuminate\Container\BoundMethod.php:36
at vendor\laravel\framework\src\Illuminate\Container\Util.php:43
at vendor\laravel\framework\src\Illuminate\Container\BoundMethod.php:96
at vendor\laravel\framework\src\Illuminate\Container\BoundMethod.php:35
at vendor\laravel\framework\src\Illuminate\Container\Container.php:799
at vendor\laravel\framework\src\Illuminate\Database\Seeder.php:184
at vendor\laravel\framework\src\Illuminate\Database\Seeder.php:193
at vendor\laravel\framework\src\Illuminate\Database\Console\Seeds\SeedCommand.php:71
at vendor\laravel\framework\src\Illuminate\Database\Eloquent\Concerns\GuardsAttributes.php:157
at vendor\laravel\framework\src\Illuminate\Database\Console\Seeds\SeedCommand.php:70
at vendor\laravel\framework\src\Illuminate\Container\BoundMethod.php:36
at vendor\laravel\framework\src\Illuminate\Container\Util.php:43
at vendor\laravel\framework\src\Illuminate\Container\BoundMethod.php:96
at vendor\laravel\framework\src\Illuminate\Container\BoundMethod.php:35
at vendor\laravel\framework\src\Illuminate\Container\Container.php:799
at vendor\laravel\framework\src\Illuminate\Console\Command.php:211
at vendor\symfony\console\Command\Command.php:341
at vendor\laravel\framework\src\Illuminate\Console\Command.php:180
at vendor\symfony\console\Application.php:1079
at vendor\symfony\console\Application.php:356
at vendor\symfony\console\Application.php:195
at vendor\laravel\framework\src\Illuminate\Console\Application.php:165
at vendor\laravel\framework\src\Illuminate\Foundation\Console\Kernel.php:447
at vendor\laravel\framework\src\Illuminate\Testing\PendingCommand.php:451
at vendor\laravel\framework\src\Illuminate\Testing\PendingCommand.php:675
at vendor\laravel\framework\src\Illuminate\Foundation\Testing\Concerns\InteractsWithConsole.php:87
at vendor\laravel\framework\src\Illuminate\Foundation\Testing\Concerns\InteractsWithDatabase.php:362
at tests\Feature\E2E\BaseE2ETest.php:28
Caused by
PDOException: SQLSTATE[42S02]: Base table or view not found: 1146 Table 'laravel_test.role_has_permissions' doesn't exist

at vendor\laravel\framework\src\Illuminate\Database\Connection.php:605
at vendor\laravel\framework\src\Illuminate\Database\Connection.php:827
at vendor\laravel\framework\src\Illuminate\Database\Connection.php:794
at vendor\laravel\framework\src\Illuminate\Database\Connection.php:597
at vendor\laravel\framework\src\Illuminate\Database\Connection.php:561
at vendor\laravel\framework\src\Illuminate\Database\Query\Builder.php:4310
at vendor\laravel\framework\src\Illuminate\Database\Eloquent\Relations\Concerns\InteractsWithPivotTable.php:457
at vendor\spatie\laravel-permission\src\Traits\HasPermissions.php:454
at database\seeders\RolesAndPermissionsSeeder.php:90
at database\seeders\RolesAndPermissionsSeeder.php:25
at vendor\laravel\framework\src\Illuminate\Container\BoundMethod.php:36
at vendor\laravel\framework\src\Illuminate\Container\Util.php:43
at vendor\laravel\framework\src\Illuminate\Container\BoundMethod.php:96
at vendor\laravel\framework\src\Illuminate\Container\BoundMethod.php:35
at vendor\laravel\framework\src\Illuminate\Container\Container.php:799
at vendor\laravel\framework\src\Illuminate\Database\Seeder.php:184
at vendor\laravel\framework\src\Illuminate\Database\Seeder.php:193
at vendor\laravel\framework\src\Illuminate\Database\Console\Seeds\SeedCommand.php:71
at vendor\laravel\framework\src\Illuminate\Database\Eloquent\Concerns\GuardsAttributes.php:157
at vendor\laravel\framework\src\Illuminate\Database\Console\Seeds\SeedCommand.php:70
at vendor\laravel\framework\src\Illuminate\Container\BoundMethod.php:36
at vendor\laravel\framework\src\Illuminate\Container\Util.php:43
at vendor\laravel\framework\src\Illuminate\Container\BoundMethod.php:96
at vendor\laravel\framework\src\Illuminate\Container\BoundMethod.php:35
at vendor\laravel\framework\src\Illuminate\Container\Container.php:799
at vendor\laravel\framework\src\Illuminate\Console\Command.php:211
at vendor\symfony\console\Command\Command.php:341
at vendor\laravel\framework\src\Illuminate\Console\Command.php:180
at vendor\symfony\console\Application.php:1079
at vendor\symfony\console\Application.php:356
at vendor\symfony\console\Application.php:195
at vendor\laravel\framework\src\Illuminate\Console\Application.php:165
at vendor\laravel\framework\src\Illuminate\Foundation\Console\Kernel.php:447
at vendor\laravel\framework\src\Illuminate\Testing\PendingCommand.php:451
at vendor\laravel\framework\src\Illuminate\Testing\PendingCommand.php:675
at vendor\laravel\framework\src\Illuminate\Foundation\Testing\Concerns\InteractsWithConsole.php:87
at vendor\laravel\framework\src\Illuminate\Foundation\Testing\Concerns\InteractsWithDatabase.php:362
at tests\Feature\E2E\BaseE2ETest.php:28</error>
      </testcase>
      <testcase name="Service provider cannot create issues" file="Permission Escalation E2E::Service provider cannot create issues" class="PermissionEscalationE2ETest" classname="PermissionEscalationE2ETest" assertions="0" time="0.000000">
        <error type="Illuminate\Database\QueryException">Service provider cannot create issuesIlluminate\Database\QueryException: SQLSTATE[42S02]: Base table or view not found: 1146 Table 'laravel_test.role_has_permissions' doesn't exist (Connection: mysql, Host: localhost, Port: 3306, Database: laravel_test, SQL: delete from `role_has_permissions` where `role_has_permissions`.`role_id` = 5)&#13;
at vendor\laravel\framework\src\Illuminate\Database\Connection.php:605
at vendor\laravel\framework\src\Illuminate\Database\Connection.php:827
at vendor\laravel\framework\src\Illuminate\Database\Connection.php:794
at vendor\laravel\framework\src\Illuminate\Database\Connection.php:597
at vendor\laravel\framework\src\Illuminate\Database\Connection.php:561
at vendor\laravel\framework\src\Illuminate\Database\Query\Builder.php:4310
at vendor\laravel\framework\src\Illuminate\Database\Eloquent\Relations\Concerns\InteractsWithPivotTable.php:457
at vendor\spatie\laravel-permission\src\Traits\HasPermissions.php:454
at database\seeders\RolesAndPermissionsSeeder.php:90
at database\seeders\RolesAndPermissionsSeeder.php:25
at vendor\laravel\framework\src\Illuminate\Container\BoundMethod.php:36
at vendor\laravel\framework\src\Illuminate\Container\Util.php:43
at vendor\laravel\framework\src\Illuminate\Container\BoundMethod.php:96
at vendor\laravel\framework\src\Illuminate\Container\BoundMethod.php:35
at vendor\laravel\framework\src\Illuminate\Container\Container.php:799
at vendor\laravel\framework\src\Illuminate\Database\Seeder.php:184
at vendor\laravel\framework\src\Illuminate\Database\Seeder.php:193
at vendor\laravel\framework\src\Illuminate\Database\Console\Seeds\SeedCommand.php:71
at vendor\laravel\framework\src\Illuminate\Database\Eloquent\Concerns\GuardsAttributes.php:157
at vendor\laravel\framework\src\Illuminate\Database\Console\Seeds\SeedCommand.php:70
at vendor\laravel\framework\src\Illuminate\Container\BoundMethod.php:36
at vendor\laravel\framework\src\Illuminate\Container\Util.php:43
at vendor\laravel\framework\src\Illuminate\Container\BoundMethod.php:96
at vendor\laravel\framework\src\Illuminate\Container\BoundMethod.php:35
at vendor\laravel\framework\src\Illuminate\Container\Container.php:799
at vendor\laravel\framework\src\Illuminate\Console\Command.php:211
at vendor\symfony\console\Command\Command.php:341
at vendor\laravel\framework\src\Illuminate\Console\Command.php:180
at vendor\symfony\console\Application.php:1079
at vendor\symfony\console\Application.php:356
at vendor\symfony\console\Application.php:195
at vendor\laravel\framework\src\Illuminate\Console\Application.php:165
at vendor\laravel\framework\src\Illuminate\Foundation\Console\Kernel.php:447
at vendor\laravel\framework\src\Illuminate\Testing\PendingCommand.php:451
at vendor\laravel\framework\src\Illuminate\Testing\PendingCommand.php:675
at vendor\laravel\framework\src\Illuminate\Foundation\Testing\Concerns\InteractsWithConsole.php:87
at vendor\laravel\framework\src\Illuminate\Foundation\Testing\Concerns\InteractsWithDatabase.php:362
at tests\Feature\E2E\BaseE2ETest.php:28
Caused by
PDOException: SQLSTATE[42S02]: Base table or view not found: 1146 Table 'laravel_test.role_has_permissions' doesn't exist

at vendor\laravel\framework\src\Illuminate\Database\Connection.php:605
at vendor\laravel\framework\src\Illuminate\Database\Connection.php:827
at vendor\laravel\framework\src\Illuminate\Database\Connection.php:794
at vendor\laravel\framework\src\Illuminate\Database\Connection.php:597
at vendor\laravel\framework\src\Illuminate\Database\Connection.php:561
at vendor\laravel\framework\src\Illuminate\Database\Query\Builder.php:4310
at vendor\laravel\framework\src\Illuminate\Database\Eloquent\Relations\Concerns\InteractsWithPivotTable.php:457
at vendor\spatie\laravel-permission\src\Traits\HasPermissions.php:454
at database\seeders\RolesAndPermissionsSeeder.php:90
at database\seeders\RolesAndPermissionsSeeder.php:25
at vendor\laravel\framework\src\Illuminate\Container\BoundMethod.php:36
at vendor\laravel\framework\src\Illuminate\Container\Util.php:43
at vendor\laravel\framework\src\Illuminate\Container\BoundMethod.php:96
at vendor\laravel\framework\src\Illuminate\Container\BoundMethod.php:35
at vendor\laravel\framework\src\Illuminate\Container\Container.php:799
at vendor\laravel\framework\src\Illuminate\Database\Seeder.php:184
at vendor\laravel\framework\src\Illuminate\Database\Seeder.php:193
at vendor\laravel\framework\src\Illuminate\Database\Console\Seeds\SeedCommand.php:71
at vendor\laravel\framework\src\Illuminate\Database\Eloquent\Concerns\GuardsAttributes.php:157
at vendor\laravel\framework\src\Illuminate\Database\Console\Seeds\SeedCommand.php:70
at vendor\laravel\framework\src\Illuminate\Container\BoundMethod.php:36
at vendor\laravel\framework\src\Illuminate\Container\Util.php:43
at vendor\laravel\framework\src\Illuminate\Container\BoundMethod.php:96
at vendor\laravel\framework\src\Illuminate\Container\BoundMethod.php:35
at vendor\laravel\framework\src\Illuminate\Container\Container.php:799
at vendor\laravel\framework\src\Illuminate\Console\Command.php:211
at vendor\symfony\console\Command\Command.php:341
at vendor\laravel\framework\src\Illuminate\Console\Command.php:180
at vendor\symfony\console\Application.php:1079
at vendor\symfony\console\Application.php:356
at vendor\symfony\console\Application.php:195
at vendor\laravel\framework\src\Illuminate\Console\Application.php:165
at vendor\laravel\framework\src\Illuminate\Foundation\Console\Kernel.php:447
at vendor\laravel\framework\src\Illuminate\Testing\PendingCommand.php:451
at vendor\laravel\framework\src\Illuminate\Testing\PendingCommand.php:675
at vendor\laravel\framework\src\Illuminate\Foundation\Testing\Concerns\InteractsWithConsole.php:87
at vendor\laravel\framework\src\Illuminate\Foundation\Testing\Concerns\InteractsWithDatabase.php:362
at tests\Feature\E2E\BaseE2ETest.php:28</error>
      </testcase>
      <testcase name="Manager cannot modify shield permissions" file="Permission Escalation E2E::Manager cannot modify shield permissions" class="PermissionEscalationE2ETest" classname="PermissionEscalationE2ETest" assertions="0" time="0.000000">
        <error type="Illuminate\Database\QueryException">Manager cannot modify shield permissionsIlluminate\Database\QueryException: SQLSTATE[42S02]: Base table or view not found: 1146 Table 'laravel_test.role_has_permissions' doesn't exist (Connection: mysql, Host: localhost, Port: 3306, Database: laravel_test, SQL: delete from `role_has_permissions` where `role_has_permissions`.`role_id` = 7)&#13;
at vendor\laravel\framework\src\Illuminate\Database\Connection.php:605
at vendor\laravel\framework\src\Illuminate\Database\Connection.php:827
at vendor\laravel\framework\src\Illuminate\Database\Connection.php:794
at vendor\laravel\framework\src\Illuminate\Database\Connection.php:597
at vendor\laravel\framework\src\Illuminate\Database\Connection.php:561
at vendor\laravel\framework\src\Illuminate\Database\Query\Builder.php:4310
at vendor\laravel\framework\src\Illuminate\Database\Eloquent\Relations\Concerns\InteractsWithPivotTable.php:457
at vendor\spatie\laravel-permission\src\Traits\HasPermissions.php:454
at database\seeders\RolesAndPermissionsSeeder.php:90
at database\seeders\RolesAndPermissionsSeeder.php:25
at vendor\laravel\framework\src\Illuminate\Container\BoundMethod.php:36
at vendor\laravel\framework\src\Illuminate\Container\Util.php:43
at vendor\laravel\framework\src\Illuminate\Container\BoundMethod.php:96
at vendor\laravel\framework\src\Illuminate\Container\BoundMethod.php:35
at vendor\laravel\framework\src\Illuminate\Container\Container.php:799
at vendor\laravel\framework\src\Illuminate\Database\Seeder.php:184
at vendor\laravel\framework\src\Illuminate\Database\Seeder.php:193
at vendor\laravel\framework\src\Illuminate\Database\Console\Seeds\SeedCommand.php:71
at vendor\laravel\framework\src\Illuminate\Database\Eloquent\Concerns\GuardsAttributes.php:157
at vendor\laravel\framework\src\Illuminate\Database\Console\Seeds\SeedCommand.php:70
at vendor\laravel\framework\src\Illuminate\Container\BoundMethod.php:36
at vendor\laravel\framework\src\Illuminate\Container\Util.php:43
at vendor\laravel\framework\src\Illuminate\Container\BoundMethod.php:96
at vendor\laravel\framework\src\Illuminate\Container\BoundMethod.php:35
at vendor\laravel\framework\src\Illuminate\Container\Container.php:799
at vendor\laravel\framework\src\Illuminate\Console\Command.php:211
at vendor\symfony\console\Command\Command.php:341
at vendor\laravel\framework\src\Illuminate\Console\Command.php:180
at vendor\symfony\console\Application.php:1079
at vendor\symfony\console\Application.php:356
at vendor\symfony\console\Application.php:195
at vendor\laravel\framework\src\Illuminate\Console\Application.php:165
at vendor\laravel\framework\src\Illuminate\Foundation\Console\Kernel.php:447
at vendor\laravel\framework\src\Illuminate\Testing\PendingCommand.php:451
at vendor\laravel\framework\src\Illuminate\Testing\PendingCommand.php:675
at vendor\laravel\framework\src\Illuminate\Foundation\Testing\Concerns\InteractsWithConsole.php:87
at vendor\laravel\framework\src\Illuminate\Foundation\Testing\Concerns\InteractsWithDatabase.php:362
at tests\Feature\E2E\BaseE2ETest.php:28
Caused by
PDOException: SQLSTATE[42S02]: Base table or view not found: 1146 Table 'laravel_test.role_has_permissions' doesn't exist

at vendor\laravel\framework\src\Illuminate\Database\Connection.php:605
at vendor\laravel\framework\src\Illuminate\Database\Connection.php:827
at vendor\laravel\framework\src\Illuminate\Database\Connection.php:794
at vendor\laravel\framework\src\Illuminate\Database\Connection.php:597
at vendor\laravel\framework\src\Illuminate\Database\Connection.php:561
at vendor\laravel\framework\src\Illuminate\Database\Query\Builder.php:4310
at vendor\laravel\framework\src\Illuminate\Database\Eloquent\Relations\Concerns\InteractsWithPivotTable.php:457
at vendor\spatie\laravel-permission\src\Traits\HasPermissions.php:454
at database\seeders\RolesAndPermissionsSeeder.php:90
at database\seeders\RolesAndPermissionsSeeder.php:25
at vendor\laravel\framework\src\Illuminate\Container\BoundMethod.php:36
at vendor\laravel\framework\src\Illuminate\Container\Util.php:43
at vendor\laravel\framework\src\Illuminate\Container\BoundMethod.php:96
at vendor\laravel\framework\src\Illuminate\Container\BoundMethod.php:35
at vendor\laravel\framework\src\Illuminate\Container\Container.php:799
at vendor\laravel\framework\src\Illuminate\Database\Seeder.php:184
at vendor\laravel\framework\src\Illuminate\Database\Seeder.php:193
at vendor\laravel\framework\src\Illuminate\Database\Console\Seeds\SeedCommand.php:71
at vendor\laravel\framework\src\Illuminate\Database\Eloquent\Concerns\GuardsAttributes.php:157
at vendor\laravel\framework\src\Illuminate\Database\Console\Seeds\SeedCommand.php:70
at vendor\laravel\framework\src\Illuminate\Container\BoundMethod.php:36
at vendor\laravel\framework\src\Illuminate\Container\Util.php:43
at vendor\laravel\framework\src\Illuminate\Container\BoundMethod.php:96
at vendor\laravel\framework\src\Illuminate\Container\BoundMethod.php:35
at vendor\laravel\framework\src\Illuminate\Container\Container.php:799
at vendor\laravel\framework\src\Illuminate\Console\Command.php:211
at vendor\symfony\console\Command\Command.php:341
at vendor\laravel\framework\src\Illuminate\Console\Command.php:180
at vendor\symfony\console\Application.php:1079
at vendor\symfony\console\Application.php:356
at vendor\symfony\console\Application.php:195
at vendor\laravel\framework\src\Illuminate\Console\Application.php:165
at vendor\laravel\framework\src\Illuminate\Foundation\Console\Kernel.php:447
at vendor\laravel\framework\src\Illuminate\Testing\PendingCommand.php:451
at vendor\laravel\framework\src\Illuminate\Testing\PendingCommand.php:675
at vendor\laravel\framework\src\Illuminate\Foundation\Testing\Concerns\InteractsWithConsole.php:87
at vendor\laravel\framework\src\Illuminate\Foundation\Testing\Concerns\InteractsWithDatabase.php:362
at tests\Feature\E2E\BaseE2ETest.php:28</error>
      </testcase>
      <testcase name="Cross tenant data isolation" file="Permission Escalation E2E::Cross tenant data isolation" class="PermissionEscalationE2ETest" classname="PermissionEscalationE2ETest" assertions="0" time="0.000000">
        <error type="Illuminate\Database\QueryException">Cross tenant data isolationIlluminate\Database\QueryException: SQLSTATE[42S02]: Base table or view not found: 1146 Table 'laravel_test.role_has_permissions' doesn't exist (Connection: mysql, Host: localhost, Port: 3306, Database: laravel_test, SQL: delete from `role_has_permissions` where `role_has_permissions`.`role_id` = 9)&#13;
at vendor\laravel\framework\src\Illuminate\Database\Connection.php:605
at vendor\laravel\framework\src\Illuminate\Database\Connection.php:827
at vendor\laravel\framework\src\Illuminate\Database\Connection.php:794
at vendor\laravel\framework\src\Illuminate\Database\Connection.php:597
at vendor\laravel\framework\src\Illuminate\Database\Connection.php:561
at vendor\laravel\framework\src\Illuminate\Database\Query\Builder.php:4310
at vendor\laravel\framework\src\Illuminate\Database\Eloquent\Relations\Concerns\InteractsWithPivotTable.php:457
at vendor\spatie\laravel-permission\src\Traits\HasPermissions.php:454
at database\seeders\RolesAndPermissionsSeeder.php:90
at database\seeders\RolesAndPermissionsSeeder.php:25
at vendor\laravel\framework\src\Illuminate\Container\BoundMethod.php:36
at vendor\laravel\framework\src\Illuminate\Container\Util.php:43
at vendor\laravel\framework\src\Illuminate\Container\BoundMethod.php:96
at vendor\laravel\framework\src\Illuminate\Container\BoundMethod.php:35
at vendor\laravel\framework\src\Illuminate\Container\Container.php:799
at vendor\laravel\framework\src\Illuminate\Database\Seeder.php:184
at vendor\laravel\framework\src\Illuminate\Database\Seeder.php:193
at vendor\laravel\framework\src\Illuminate\Database\Console\Seeds\SeedCommand.php:71
at vendor\laravel\framework\src\Illuminate\Database\Eloquent\Concerns\GuardsAttributes.php:157
at vendor\laravel\framework\src\Illuminate\Database\Console\Seeds\SeedCommand.php:70
at vendor\laravel\framework\src\Illuminate\Container\BoundMethod.php:36
at vendor\laravel\framework\src\Illuminate\Container\Util.php:43
at vendor\laravel\framework\src\Illuminate\Container\BoundMethod.php:96
at vendor\laravel\framework\src\Illuminate\Container\BoundMethod.php:35
at vendor\laravel\framework\src\Illuminate\Container\Container.php:799
at vendor\laravel\framework\src\Illuminate\Console\Command.php:211
at vendor\symfony\console\Command\Command.php:341
at vendor\laravel\framework\src\Illuminate\Console\Command.php:180
at vendor\symfony\console\Application.php:1079
at vendor\symfony\console\Application.php:356
at vendor\symfony\console\Application.php:195
at vendor\laravel\framework\src\Illuminate\Console\Application.php:165
at vendor\laravel\framework\src\Illuminate\Foundation\Console\Kernel.php:447
at vendor\laravel\framework\src\Illuminate\Testing\PendingCommand.php:451
at vendor\laravel\framework\src\Illuminate\Testing\PendingCommand.php:675
at vendor\laravel\framework\src\Illuminate\Foundation\Testing\Concerns\InteractsWithConsole.php:87
at vendor\laravel\framework\src\Illuminate\Foundation\Testing\Concerns\InteractsWithDatabase.php:362
at tests\Feature\E2E\BaseE2ETest.php:28
Caused by
PDOException: SQLSTATE[42S02]: Base table or view not found: 1146 Table 'laravel_test.role_has_permissions' doesn't exist

at vendor\laravel\framework\src\Illuminate\Database\Connection.php:605
at vendor\laravel\framework\src\Illuminate\Database\Connection.php:827
at vendor\laravel\framework\src\Illuminate\Database\Connection.php:794
at vendor\laravel\framework\src\Illuminate\Database\Connection.php:597
at vendor\laravel\framework\src\Illuminate\Database\Connection.php:561
at vendor\laravel\framework\src\Illuminate\Database\Query\Builder.php:4310
at vendor\laravel\framework\src\Illuminate\Database\Eloquent\Relations\Concerns\InteractsWithPivotTable.php:457
at vendor\spatie\laravel-permission\src\Traits\HasPermissions.php:454
at database\seeders\RolesAndPermissionsSeeder.php:90
at database\seeders\RolesAndPermissionsSeeder.php:25
at vendor\laravel\framework\src\Illuminate\Container\BoundMethod.php:36
at vendor\laravel\framework\src\Illuminate\Container\Util.php:43
at vendor\laravel\framework\src\Illuminate\Container\BoundMethod.php:96
at vendor\laravel\framework\src\Illuminate\Container\BoundMethod.php:35
at vendor\laravel\framework\src\Illuminate\Container\Container.php:799
at vendor\laravel\framework\src\Illuminate\Database\Seeder.php:184
at vendor\laravel\framework\src\Illuminate\Database\Seeder.php:193
at vendor\laravel\framework\src\Illuminate\Database\Console\Seeds\SeedCommand.php:71
at vendor\laravel\framework\src\Illuminate\Database\Eloquent\Concerns\GuardsAttributes.php:157
at vendor\laravel\framework\src\Illuminate\Database\Console\Seeds\SeedCommand.php:70
at vendor\laravel\framework\src\Illuminate\Container\BoundMethod.php:36
at vendor\laravel\framework\src\Illuminate\Container\Util.php:43
at vendor\laravel\framework\src\Illuminate\Container\BoundMethod.php:96
at vendor\laravel\framework\src\Illuminate\Container\BoundMethod.php:35
at vendor\laravel\framework\src\Illuminate\Container\Container.php:799
at vendor\laravel\framework\src\Illuminate\Console\Command.php:211
at vendor\symfony\console\Command\Command.php:341
at vendor\laravel\framework\src\Illuminate\Console\Command.php:180
at vendor\symfony\console\Application.php:1079
at vendor\symfony\console\Application.php:356
at vendor\symfony\console\Application.php:195
at vendor\laravel\framework\src\Illuminate\Console\Application.php:165
at vendor\laravel\framework\src\Illuminate\Foundation\Console\Kernel.php:447
at vendor\laravel\framework\src\Illuminate\Testing\PendingCommand.php:451
at vendor\laravel\framework\src\Illuminate\Testing\PendingCommand.php:675
at vendor\laravel\framework\src\Illuminate\Foundation\Testing\Concerns\InteractsWithConsole.php:87
at vendor\laravel\framework\src\Illuminate\Foundation\Testing\Concerns\InteractsWithDatabase.php:362
at tests\Feature\E2E\BaseE2ETest.php:28</error>
      </testcase>
      <testcase name="Unauthenticated requests are rejected" file="Permission Escalation E2E::Unauthenticated requests are rejected" class="PermissionEscalationE2ETest" classname="PermissionEscalationE2ETest" assertions="0" time="0.000000">
        <error type="Illuminate\Database\QueryException">Unauthenticated requests are rejectedIlluminate\Database\QueryException: SQLSTATE[42S02]: Base table or view not found: 1146 Table 'laravel_test.role_has_permissions' doesn't exist (Connection: mysql, Host: localhost, Port: 3306, Database: laravel_test, SQL: delete from `role_has_permissions` where `role_has_permissions`.`role_id` = 11)&#13;
at vendor\laravel\framework\src\Illuminate\Database\Connection.php:605
at vendor\laravel\framework\src\Illuminate\Database\Connection.php:827
at vendor\laravel\framework\src\Illuminate\Database\Connection.php:794
at vendor\laravel\framework\src\Illuminate\Database\Connection.php:597
at vendor\laravel\framework\src\Illuminate\Database\Connection.php:561
at vendor\laravel\framework\src\Illuminate\Database\Query\Builder.php:4310
at vendor\laravel\framework\src\Illuminate\Database\Eloquent\Relations\Concerns\InteractsWithPivotTable.php:457
at vendor\spatie\laravel-permission\src\Traits\HasPermissions.php:454
at database\seeders\RolesAndPermissionsSeeder.php:90
at database\seeders\RolesAndPermissionsSeeder.php:25
at vendor\laravel\framework\src\Illuminate\Container\BoundMethod.php:36
at vendor\laravel\framework\src\Illuminate\Container\Util.php:43
at vendor\laravel\framework\src\Illuminate\Container\BoundMethod.php:96
at vendor\laravel\framework\src\Illuminate\Container\BoundMethod.php:35
at vendor\laravel\framework\src\Illuminate\Container\Container.php:799
at vendor\laravel\framework\src\Illuminate\Database\Seeder.php:184
at vendor\laravel\framework\src\Illuminate\Database\Seeder.php:193
at vendor\laravel\framework\src\Illuminate\Database\Console\Seeds\SeedCommand.php:71
at vendor\laravel\framework\src\Illuminate\Database\Eloquent\Concerns\GuardsAttributes.php:157
at vendor\laravel\framework\src\Illuminate\Database\Console\Seeds\SeedCommand.php:70
at vendor\laravel\framework\src\Illuminate\Container\BoundMethod.php:36
at vendor\laravel\framework\src\Illuminate\Container\Util.php:43
at vendor\laravel\framework\src\Illuminate\Container\BoundMethod.php:96
at vendor\laravel\framework\src\Illuminate\Container\BoundMethod.php:35
at vendor\laravel\framework\src\Illuminate\Container\Container.php:799
at vendor\laravel\framework\src\Illuminate\Console\Command.php:211
at vendor\symfony\console\Command\Command.php:341
at vendor\laravel\framework\src\Illuminate\Console\Command.php:180
at vendor\symfony\console\Application.php:1079
at vendor\symfony\console\Application.php:356
at vendor\symfony\console\Application.php:195
at vendor\laravel\framework\src\Illuminate\Console\Application.php:165
at vendor\laravel\framework\src\Illuminate\Foundation\Console\Kernel.php:447
at vendor\laravel\framework\src\Illuminate\Testing\PendingCommand.php:451
at vendor\laravel\framework\src\Illuminate\Testing\PendingCommand.php:675
at vendor\laravel\framework\src\Illuminate\Foundation\Testing\Concerns\InteractsWithConsole.php:87
at vendor\laravel\framework\src\Illuminate\Foundation\Testing\Concerns\InteractsWithDatabase.php:362
at tests\Feature\E2E\BaseE2ETest.php:28
Caused by
PDOException: SQLSTATE[42S02]: Base table or view not found: 1146 Table 'laravel_test.role_has_permissions' doesn't exist

at vendor\laravel\framework\src\Illuminate\Database\Connection.php:605
at vendor\laravel\framework\src\Illuminate\Database\Connection.php:827
at vendor\laravel\framework\src\Illuminate\Database\Connection.php:794
at vendor\laravel\framework\src\Illuminate\Database\Connection.php:597
at vendor\laravel\framework\src\Illuminate\Database\Connection.php:561
at vendor\laravel\framework\src\Illuminate\Database\Query\Builder.php:4310
at vendor\laravel\framework\src\Illuminate\Database\Eloquent\Relations\Concerns\InteractsWithPivotTable.php:457
at vendor\spatie\laravel-permission\src\Traits\HasPermissions.php:454
at database\seeders\RolesAndPermissionsSeeder.php:90
at database\seeders\RolesAndPermissionsSeeder.php:25
at vendor\laravel\framework\src\Illuminate\Container\BoundMethod.php:36
at vendor\laravel\framework\src\Illuminate\Container\Util.php:43
at vendor\laravel\framework\src\Illuminate\Container\BoundMethod.php:96
at vendor\laravel\framework\src\Illuminate\Container\BoundMethod.php:35
at vendor\laravel\framework\src\Illuminate\Container\Container.php:799
at vendor\laravel\framework\src\Illuminate\Database\Seeder.php:184
at vendor\laravel\framework\src\Illuminate\Database\Seeder.php:193
at vendor\laravel\framework\src\Illuminate\Database\Console\Seeds\SeedCommand.php:71
at vendor\laravel\framework\src\Illuminate\Database\Eloquent\Concerns\GuardsAttributes.php:157
at vendor\laravel\framework\src\Illuminate\Database\Console\Seeds\SeedCommand.php:70
at vendor\laravel\framework\src\Illuminate\Container\BoundMethod.php:36
at vendor\laravel\framework\src\Illuminate\Container\Util.php:43
at vendor\laravel\framework\src\Illuminate\Container\BoundMethod.php:96
at vendor\laravel\framework\src\Illuminate\Container\BoundMethod.php:35
at vendor\laravel\framework\src\Illuminate\Container\Container.php:799
at vendor\laravel\framework\src\Illuminate\Console\Command.php:211
at vendor\symfony\console\Command\Command.php:341
at vendor\laravel\framework\src\Illuminate\Console\Command.php:180
at vendor\symfony\console\Application.php:1079
at vendor\symfony\console\Application.php:356
at vendor\symfony\console\Application.php:195
at vendor\laravel\framework\src\Illuminate\Console\Application.php:165
at vendor\laravel\framework\src\Illuminate\Foundation\Console\Kernel.php:447
at vendor\laravel\framework\src\Illuminate\Testing\PendingCommand.php:451
at vendor\laravel\framework\src\Illuminate\Testing\PendingCommand.php:675
at vendor\laravel\framework\src\Illuminate\Foundation\Testing\Concerns\InteractsWithConsole.php:87
at vendor\laravel\framework\src\Illuminate\Foundation\Testing\Concerns\InteractsWithDatabase.php:362
at tests\Feature\E2E\BaseE2ETest.php:28</error>
      </testcase>
      <testcase name="Expired or revoked tokens are rejected" file="Permission Escalation E2E::Expired or revoked tokens are rejected" class="PermissionEscalationE2ETest" classname="PermissionEscalationE2ETest" assertions="0" time="0.000000">
        <error type="Illuminate\Database\QueryException">Expired or revoked tokens are rejectedIlluminate\Database\QueryException: SQLSTATE[42S02]: Base table or view not found: 1146 Table 'laravel_test.role_has_permissions' doesn't exist (Connection: mysql, Host: localhost, Port: 3306, Database: laravel_test, SQL: delete from `role_has_permissions` where `role_has_permissions`.`role_id` = 13)&#13;
at vendor\laravel\framework\src\Illuminate\Database\Connection.php:605
at vendor\laravel\framework\src\Illuminate\Database\Connection.php:827
at vendor\laravel\framework\src\Illuminate\Database\Connection.php:794
at vendor\laravel\framework\src\Illuminate\Database\Connection.php:597
at vendor\laravel\framework\src\Illuminate\Database\Connection.php:561
at vendor\laravel\framework\src\Illuminate\Database\Query\Builder.php:4310
at vendor\laravel\framework\src\Illuminate\Database\Eloquent\Relations\Concerns\InteractsWithPivotTable.php:457
at vendor\spatie\laravel-permission\src\Traits\HasPermissions.php:454
at database\seeders\RolesAndPermissionsSeeder.php:90
at database\seeders\RolesAndPermissionsSeeder.php:25
at vendor\laravel\framework\src\Illuminate\Container\BoundMethod.php:36
at vendor\laravel\framework\src\Illuminate\Container\Util.php:43
at vendor\laravel\framework\src\Illuminate\Container\BoundMethod.php:96
at vendor\laravel\framework\src\Illuminate\Container\BoundMethod.php:35
at vendor\laravel\framework\src\Illuminate\Container\Container.php:799
at vendor\laravel\framework\src\Illuminate\Database\Seeder.php:184
at vendor\laravel\framework\src\Illuminate\Database\Seeder.php:193
at vendor\laravel\framework\src\Illuminate\Database\Console\Seeds\SeedCommand.php:71
at vendor\laravel\framework\src\Illuminate\Database\Eloquent\Concerns\GuardsAttributes.php:157
at vendor\laravel\framework\src\Illuminate\Database\Console\Seeds\SeedCommand.php:70
at vendor\laravel\framework\src\Illuminate\Container\BoundMethod.php:36
at vendor\laravel\framework\src\Illuminate\Container\Util.php:43
at vendor\laravel\framework\src\Illuminate\Container\BoundMethod.php:96
at vendor\laravel\framework\src\Illuminate\Container\BoundMethod.php:35
at vendor\laravel\framework\src\Illuminate\Container\Container.php:799
at vendor\laravel\framework\src\Illuminate\Console\Command.php:211
at vendor\symfony\console\Command\Command.php:341
at vendor\laravel\framework\src\Illuminate\Console\Command.php:180
at vendor\symfony\console\Application.php:1079
at vendor\symfony\console\Application.php:356
at vendor\symfony\console\Application.php:195
at vendor\laravel\framework\src\Illuminate\Console\Application.php:165
at vendor\laravel\framework\src\Illuminate\Foundation\Console\Kernel.php:447
at vendor\laravel\framework\src\Illuminate\Testing\PendingCommand.php:451
at vendor\laravel\framework\src\Illuminate\Testing\PendingCommand.php:675
at vendor\laravel\framework\src\Illuminate\Foundation\Testing\Concerns\InteractsWithConsole.php:87
at vendor\laravel\framework\src\Illuminate\Foundation\Testing\Concerns\InteractsWithDatabase.php:362
at tests\Feature\E2E\BaseE2ETest.php:28
Caused by
PDOException: SQLSTATE[42S02]: Base table or view not found: 1146 Table 'laravel_test.role_has_permissions' doesn't exist

at vendor\laravel\framework\src\Illuminate\Database\Connection.php:605
at vendor\laravel\framework\src\Illuminate\Database\Connection.php:827
at vendor\laravel\framework\src\Illuminate\Database\Connection.php:794
at vendor\laravel\framework\src\Illuminate\Database\Connection.php:597
at vendor\laravel\framework\src\Illuminate\Database\Connection.php:561
at vendor\laravel\framework\src\Illuminate\Database\Query\Builder.php:4310
at vendor\laravel\framework\src\Illuminate\Database\Eloquent\Relations\Concerns\InteractsWithPivotTable.php:457
at vendor\spatie\laravel-permission\src\Traits\HasPermissions.php:454
at database\seeders\RolesAndPermissionsSeeder.php:90
at database\seeders\RolesAndPermissionsSeeder.php:25
at vendor\laravel\framework\src\Illuminate\Container\BoundMethod.php:36
at vendor\laravel\framework\src\Illuminate\Container\Util.php:43
at vendor\laravel\framework\src\Illuminate\Container\BoundMethod.php:96
at vendor\laravel\framework\src\Illuminate\Container\BoundMethod.php:35
at vendor\laravel\framework\src\Illuminate\Container\Container.php:799
at vendor\laravel\framework\src\Illuminate\Database\Seeder.php:184
at vendor\laravel\framework\src\Illuminate\Database\Seeder.php:193
at vendor\laravel\framework\src\Illuminate\Database\Console\Seeds\SeedCommand.php:71
at vendor\laravel\framework\src\Illuminate\Database\Eloquent\Concerns\GuardsAttributes.php:157
at vendor\laravel\framework\src\Illuminate\Database\Console\Seeds\SeedCommand.php:70
at vendor\laravel\framework\src\Illuminate\Container\BoundMethod.php:36
at vendor\laravel\framework\src\Illuminate\Container\Util.php:43
at vendor\laravel\framework\src\Illuminate\Container\BoundMethod.php:96
at vendor\laravel\framework\src\Illuminate\Container\BoundMethod.php:35
at vendor\laravel\framework\src\Illuminate\Container\Container.php:799
at vendor\laravel\framework\src\Illuminate\Console\Command.php:211
at vendor\symfony\console\Command\Command.php:341
at vendor\laravel\framework\src\Illuminate\Console\Command.php:180
at vendor\symfony\console\Application.php:1079
at vendor\symfony\console\Application.php:356
at vendor\symfony\console\Application.php:195
at vendor\laravel\framework\src\Illuminate\Console\Application.php:165
at vendor\laravel\framework\src\Illuminate\Foundation\Console\Kernel.php:447
at vendor\laravel\framework\src\Illuminate\Testing\PendingCommand.php:451
at vendor\laravel\framework\src\Illuminate\Testing\PendingCommand.php:675
at vendor\laravel\framework\src\Illuminate\Foundation\Testing\Concerns\InteractsWithConsole.php:87
at vendor\laravel\framework\src\Illuminate\Foundation\Testing\Concerns\InteractsWithDatabase.php:362
at tests\Feature\E2E\BaseE2ETest.php:28</error>
      </testcase>
      <testcase name="Super admin bypasses all permission checks" file="Permission Escalation E2E::Super admin bypasses all permission checks" class="PermissionEscalationE2ETest" classname="PermissionEscalationE2ETest" assertions="0" time="0.000000">
        <error type="Illuminate\Database\QueryException">Super admin bypasses all permission checksIlluminate\Database\QueryException: SQLSTATE[42S02]: Base table or view not found: 1146 Table 'laravel_test.role_has_permissions' doesn't exist (Connection: mysql, Host: localhost, Port: 3306, Database: laravel_test, SQL: delete from `role_has_permissions` where `role_has_permissions`.`role_id` = 15)&#13;
at vendor\laravel\framework\src\Illuminate\Database\Connection.php:605
at vendor\laravel\framework\src\Illuminate\Database\Connection.php:827
at vendor\laravel\framework\src\Illuminate\Database\Connection.php:794
at vendor\laravel\framework\src\Illuminate\Database\Connection.php:597
at vendor\laravel\framework\src\Illuminate\Database\Connection.php:561
at vendor\laravel\framework\src\Illuminate\Database\Query\Builder.php:4310
at vendor\laravel\framework\src\Illuminate\Database\Eloquent\Relations\Concerns\InteractsWithPivotTable.php:457
at vendor\spatie\laravel-permission\src\Traits\HasPermissions.php:454
at database\seeders\RolesAndPermissionsSeeder.php:90
at database\seeders\RolesAndPermissionsSeeder.php:25
at vendor\laravel\framework\src\Illuminate\Container\BoundMethod.php:36
at vendor\laravel\framework\src\Illuminate\Container\Util.php:43
at vendor\laravel\framework\src\Illuminate\Container\BoundMethod.php:96
at vendor\laravel\framework\src\Illuminate\Container\BoundMethod.php:35
at vendor\laravel\framework\src\Illuminate\Container\Container.php:799
at vendor\laravel\framework\src\Illuminate\Database\Seeder.php:184
at vendor\laravel\framework\src\Illuminate\Database\Seeder.php:193
at vendor\laravel\framework\src\Illuminate\Database\Console\Seeds\SeedCommand.php:71
at vendor\laravel\framework\src\Illuminate\Database\Eloquent\Concerns\GuardsAttributes.php:157
at vendor\laravel\framework\src\Illuminate\Database\Console\Seeds\SeedCommand.php:70
at vendor\laravel\framework\src\Illuminate\Container\BoundMethod.php:36
at vendor\laravel\framework\src\Illuminate\Container\Util.php:43
at vendor\laravel\framework\src\Illuminate\Container\BoundMethod.php:96
at vendor\laravel\framework\src\Illuminate\Container\BoundMethod.php:35
at vendor\laravel\framework\src\Illuminate\Container\Container.php:799
at vendor\laravel\framework\src\Illuminate\Console\Command.php:211
at vendor\symfony\console\Command\Command.php:341
at vendor\laravel\framework\src\Illuminate\Console\Command.php:180
at vendor\symfony\console\Application.php:1079
at vendor\symfony\console\Application.php:356
at vendor\symfony\console\Application.php:195
at vendor\laravel\framework\src\Illuminate\Console\Application.php:165
at vendor\laravel\framework\src\Illuminate\Foundation\Console\Kernel.php:447
at vendor\laravel\framework\src\Illuminate\Testing\PendingCommand.php:451
at vendor\laravel\framework\src\Illuminate\Testing\PendingCommand.php:675
at vendor\laravel\framework\src\Illuminate\Foundation\Testing\Concerns\InteractsWithConsole.php:87
at vendor\laravel\framework\src\Illuminate\Foundation\Testing\Concerns\InteractsWithDatabase.php:362
at tests\Feature\E2E\BaseE2ETest.php:28
Caused by
PDOException: SQLSTATE[42S02]: Base table or view not found: 1146 Table 'laravel_test.role_has_permissions' doesn't exist

at vendor\laravel\framework\src\Illuminate\Database\Connection.php:605
at vendor\laravel\framework\src\Illuminate\Database\Connection.php:827
at vendor\laravel\framework\src\Illuminate\Database\Connection.php:794
at vendor\laravel\framework\src\Illuminate\Database\Connection.php:597
at vendor\laravel\framework\src\Illuminate\Database\Connection.php:561
at vendor\laravel\framework\src\Illuminate\Database\Query\Builder.php:4310
at vendor\laravel\framework\src\Illuminate\Database\Eloquent\Relations\Concerns\InteractsWithPivotTable.php:457
at vendor\spatie\laravel-permission\src\Traits\HasPermissions.php:454
at database\seeders\RolesAndPermissionsSeeder.php:90
at database\seeders\RolesAndPermissionsSeeder.php:25
at vendor\laravel\framework\src\Illuminate\Container\BoundMethod.php:36
at vendor\laravel\framework\src\Illuminate\Container\Util.php:43
at vendor\laravel\framework\src\Illuminate\Container\BoundMethod.php:96
at vendor\laravel\framework\src\Illuminate\Container\BoundMethod.php:35
at vendor\laravel\framework\src\Illuminate\Container\Container.php:799
at vendor\laravel\framework\src\Illuminate\Database\Seeder.php:184
at vendor\laravel\framework\src\Illuminate\Database\Seeder.php:193
at vendor\laravel\framework\src\Illuminate\Database\Console\Seeds\SeedCommand.php:71
at vendor\laravel\framework\src\Illuminate\Database\Eloquent\Concerns\GuardsAttributes.php:157
at vendor\laravel\framework\src\Illuminate\Database\Console\Seeds\SeedCommand.php:70
at vendor\laravel\framework\src\Illuminate\Container\BoundMethod.php:36
at vendor\laravel\framework\src\Illuminate\Container\Util.php:43
at vendor\laravel\framework\src\Illuminate\Container\BoundMethod.php:96
at vendor\laravel\framework\src\Illuminate\Container\BoundMethod.php:35
at vendor\laravel\framework\src\Illuminate\Container\Container.php:799
at vendor\laravel\framework\src\Illuminate\Console\Command.php:211
at vendor\symfony\console\Command\Command.php:341
at vendor\laravel\framework\src\Illuminate\Console\Command.php:180
at vendor\symfony\console\Application.php:1079
at vendor\symfony\console\Application.php:356
at vendor\symfony\console\Application.php:195
at vendor\laravel\framework\src\Illuminate\Console\Application.php:165
at vendor\laravel\framework\src\Illuminate\Foundation\Console\Kernel.php:447
at vendor\laravel\framework\src\Illuminate\Testing\PendingCommand.php:451
at vendor\laravel\framework\src\Illuminate\Testing\PendingCommand.php:675
at vendor\laravel\framework\src\Illuminate\Foundation\Testing\Concerns\InteractsWithConsole.php:87
at vendor\laravel\framework\src\Illuminate\Foundation\Testing\Concerns\InteractsWithDatabase.php:362
at tests\Feature\E2E\BaseE2ETest.php:28</error>
      </testcase>
    </testsuite>
  </testsuite>
</testsuites>
